time=2026-09-25T04:05:08.970Z level=INFO msg="initializing new database with latest schema" file=migration/sqlite/LATEST.sql
time=2026-09-25T04:05:08.974Z level=INFO msg="database initialized successfully" schemaVersion=0.31.8
Memos dev started successfully!
Data directory: /home/runner/work/empirical-js-bundlers/empirical-js-bundlers/memos-evidence/browser/database
Database driver: sqlite
Server running on 127.0.0.1:39455
Access your memos at: http://127.0.0.1:39455
Access mode: private
time=2026-09-25T04:05:18.048Z level=INFO msg="client error" method=/memos.api.v1.AuthService/RefreshToken error="unauthenticated: refresh token not found"
time=2026-09-25T04:05:18.050Z level=INFO msg=OK method=/memos.api.v1.InstanceService/GetInstanceProfile
time=2026-09-25T04:05:18.050Z level=INFO msg=OK method=/memos.api.v1.InstanceService/BatchGetInstanceSettings
time=2026-09-25T04:05:18.052Z level=INFO msg=OK method=/memos.api.v1.InstanceService/GetInstanceSetting
time=2026-09-25T04:05:18.941Z level=INFO msg=OK method=/memos.api.v1.UserService/CreateUser
time=2026-09-25T04:05:19.013Z level=INFO msg=OK method=/memos.api.v1.AuthService/SignIn
time=2026-09-25T04:05:19.036Z level=INFO msg=OK method=/memos.api.v1.AuthService/GetCurrentUser
time=2026-09-25T04:05:19.041Z level=INFO msg=OK method=/memos.api.v1.UserService/ListUserSettings
time=2026-09-25T04:05:19.072Z level=INFO msg=OK method=/memos.api.v1.InstanceService/BatchGetInstanceSettings
time=2026-09-25T04:05:19.072Z level=INFO msg=OK method=/memos.api.v1.InstanceService/GetInstanceProfile
time=2026-09-25T04:05:19.474Z level=INFO msg=OK method=/memos.api.v1.UserService/ListMemoViews
time=2026-09-25T04:05:19.474Z level=INFO msg=OK method=/memos.api.v1.UserService/ListUserNotifications
time=2026-09-25T04:05:19.476Z level=INFO msg=OK method=/memos.api.v1.UserService/GetUserStats
time=2026-09-25T04:05:19.477Z level=INFO msg=OK method=/memos.api.v1.InstanceService/GetInstanceSetting
time=2026-09-25T04:05:19.480Z level=INFO msg=OK method=/memos.api.v1.MemoService/ListMemos
time=2026-09-25T04:05:19.480Z level=INFO msg=OK method=/memos.api.v1.SpaceService/ListSpaces
time=2026-09-25T04:05:49.851Z level=INFO msg="server shutting down"
time=2026-09-25T04:05:49.854Z level=INFO msg="memos stopped properly"
