
> benchmark-production-v1-synthetic-webpack@1.0.0 dev
> webpack serve --mode development --config webpack.config.cjs --host 127.0.0.1 --port 46083

<i> [webpack-dev-server] Project is running at:
<i> [webpack-dev-server] Loopback: [36mhttp://127.0.0.1:46083/[39m
<i> [webpack-dev-server] Content not from webpack is served from '[36m/home/runner/work/empirical-js-bundlers/empirical-js-bundlers/.submission-pilot/xl-5000-corrected-hmr-expanded-v1/webpack/public[39m' directory
<i> [webpack-dev-server] 404s will fallback to '[36m/index.html[39m'
<i> [webpack-dev-middleware] wait until bundle finished: /
<i> [webpack-dev-middleware] wait until bundle finished: /
<i> [webpack-dev-middleware] wait until bundle finished: /
<i> [webpack-dev-middleware] wait until bundle finished: /
<i> [webpack-dev-middleware] wait until bundle finished: /
<i> [webpack-dev-middleware] wait until bundle finished: /
<i> [webpack-dev-middleware] wait until bundle finished: /
<i> [webpack-dev-middleware] wait until bundle finished: /
<i> [webpack-dev-middleware] wait until bundle finished: /
<i> [webpack-dev-middleware] wait until bundle finished: /
<i> [webpack-dev-middleware] wait until bundle finished: /
<i> [webpack-dev-middleware] wait until bundle finished: /
<i> [webpack-dev-middleware] wait until bundle finished: /
<i> [webpack-dev-middleware] wait until bundle finished: /
<i> [webpack-dev-middleware] wait until bundle finished: /
<i> [webpack-dev-middleware] wait until bundle finished: /
<i> [webpack-dev-middleware] wait until bundle finished: /
<i> [webpack-dev-middleware] wait until bundle finished: /
<i> [webpack-dev-middleware] wait until bundle finished: /
<i> [webpack-dev-middleware] wait until bundle finished: /
<i> [webpack-dev-middleware] wait until bundle finished: /
<i> [webpack-dev-middleware] wait until bundle finished: /
<i> [webpack-dev-middleware] wait until bundle finished: /
<i> [webpack-dev-middleware] wait until bundle finished: /
<i> [webpack-dev-middleware] wait until bundle finished: /
<i> [webpack-dev-middleware] wait until bundle finished: /
<i> [webpack-dev-middleware] wait until bundle finished: /
assets by chunk 3.87 MiB (id hint: vendors)
  asset [1m[32mvendors-node_modules_pmmmwh_react-refresh-webpack-plugin_lib_runtime_RefreshUtils_js-node_mod-2d4bc8.js[39m[22m 1.91 MiB [1m[32m[emitted][39m[22m (id hint: vendors) 1 related asset
  asset [1m[32mvendors-node_modules_recharts_es6_cartesian_CartesianGrid_js-node_modules_recharts_es6_cartes-6d8993.js[39m[22m 1.83 MiB [1m[32m[emitted][39m[22m (id hint: vendors) 1 related asset
  asset [1m[32mvendors-node_modules_recharts_es6_chart_PieChart_js.js[39m[22m 73.1 KiB [1m[32m[emitted][39m[22m (id hint: vendors) 1 related asset
  asset [1m[32mvendors-node_modules_recharts_es6_chart_AreaChart_js.js[39m[22m 32.5 KiB [1m[32m[emitted][39m[22m (id hint: vendors) 1 related asset
  asset [1m[32mvendors-node_modules_recharts_es6_chart_LineChart_js.js[39m[22m 30.4 KiB [1m[32m[emitted][39m[22m (id hint: vendors) 1 related asset
+ 174 assets
Entrypoint [1mmain[39m[22m 2.17 MiB (2.29 MiB) = [1m[32mvendors-node_modules_pmmmwh_react-refresh-webpack-plugin_lib_runtime_RefreshUtils_js-node_mod-2d4bc8.js[39m[22m 1.91 MiB [1m[32mmain.js[39m[22m 268 KiB 2 auxiliary assets
orphan modules 630 KiB [1m[33m[orphan][39m[22m 301 modules
runtime modules 34.9 KiB 19 modules
modules by path [1m./src/features/[39m[22m 83.3 MiB 13758 modules
modules by path [1m./node_modules/[39m[22m 3.25 MiB 679 modules
modules by path [1m./src/*.tsx[39m[22m 135 KiB
  [1m./src/main.tsx[39m[22m 2.1 KiB [1m[33m[built][39m[22m [1m[33m[code generated][39m[22m
  [1m./src/App.tsx[39m[22m 133 KiB [1m[33m[built][39m[22m [1m[33m[code generated][39m[22m
modules by path [1m./src/*.css[39m[22m 4.91 KiB
  [1m./src/App.css[39m[22m 2.22 KiB [1m[33m[built][39m[22m [1m[33m[code generated][39m[22m
  ./node_modules/css-loader/dist/cjs.js![1m./src/App.css[39m[22m 2.69 KiB [1m[33m[built][39m[22m [1m[33m[code generated][39m[22m
webpack 5.111.1 compiled [1m[32msuccessfully[39m[22m in 41245 ms
<i> [webpack-dev-server] Gracefully shutting down. To force exit, press ^C again. Please wait...
