time=2026-09-25T03:58:58.643Z level=INFO msg="initializing new database with latest schema" file=migration/sqlite/LATEST.sql
time=2026-09-25T03:58:58.645Z level=INFO msg="database initialized successfully" schemaVersion=0.31.8
Memos dev started successfully!
Data directory: /home/runner/work/empirical-js-bundlers/empirical-js-bundlers/memos-evidence/browser/database
Database driver: sqlite
Server running on 127.0.0.1:43681
Access your memos at: http://127.0.0.1:43681
Access mode: private
time=2026-09-25T03:59:00.573Z level=INFO msg="client error" method=/memos.api.v1.AuthService/RefreshToken error="unauthenticated: refresh token not found"
time=2026-09-25T03:59:00.573Z level=INFO msg=OK method=/memos.api.v1.InstanceService/GetInstanceProfile
time=2026-09-25T03:59:00.574Z level=INFO msg=OK method=/memos.api.v1.InstanceService/BatchGetInstanceSettings
time=2026-09-25T03:59:00.575Z level=INFO msg=OK method=/memos.api.v1.InstanceService/GetInstanceSetting
time=2026-09-25T03:59:01.567Z level=INFO msg=OK method=/memos.api.v1.UserService/CreateUser
time=2026-09-25T03:59:01.615Z level=INFO msg=OK method=/memos.api.v1.AuthService/SignIn
time=2026-09-25T03:59:01.675Z level=INFO msg=OK method=/memos.api.v1.AuthService/GetCurrentUser
time=2026-09-25T03:59:01.678Z level=INFO msg=OK method=/memos.api.v1.UserService/ListUserSettings
time=2026-09-25T03:59:01.728Z level=INFO msg=OK method=/memos.api.v1.InstanceService/GetInstanceProfile
time=2026-09-25T03:59:01.728Z level=INFO msg=OK method=/memos.api.v1.InstanceService/BatchGetInstanceSettings
time=2026-09-25T03:59:01.946Z level=INFO msg=OK method=/memos.api.v1.UserService/ListMemoViews
time=2026-09-25T03:59:01.949Z level=INFO msg=OK method=/memos.api.v1.UserService/ListUserNotifications
time=2026-09-25T03:59:01.951Z level=INFO msg=OK method=/memos.api.v1.InstanceService/GetInstanceSetting
time=2026-09-25T03:59:01.954Z level=INFO msg=OK method=/memos.api.v1.UserService/GetUserStats
time=2026-09-25T03:59:01.955Z level=INFO msg=OK method=/memos.api.v1.SpaceService/ListSpaces
time=2026-09-25T03:59:01.956Z level=INFO msg=OK method=/memos.api.v1.MemoService/ListMemos
time=2026-09-25T03:59:02.385Z level=INFO msg="server shutting down"
time=2026-09-25T03:59:02.421Z level=INFO msg="memos stopped properly"
