
> benchmark-production-v1-synthetic-webpack@1.0.0 dev
> webpack serve --mode development --config webpack.config.cjs --host 127.0.0.1 --port 49203

<i> [webpack-dev-server] Project is running at:
<i> [webpack-dev-server] Loopback: http://127.0.0.1:49203/
<i> [webpack-dev-server] Content not from webpack is served from '/Users/runner/work/empirical-js-bundlers/empirical-js-bundlers/.submission-pilot/xs-50-corrected-m4-session-control-webpack-xs-50/webpack/public' directory
<i> [webpack-dev-server] 404s will fallback to '/index.html'
<i> [webpack-dev-middleware] wait until bundle finished: /
<i> [webpack-dev-middleware] wait until bundle finished: /
asset vendors-node_modules_pmmmwh_react-refresh-webpack-plugin_lib_runtime_RefreshUtils_js-node_mod-ded9e6.js 1.8 MiB [emitted] (id hint: vendors) 1 related asset
asset main.js 1.48 MiB [emitted] (name: main) 1 related asset
asset index.html 433 bytes [emitted]
Entrypoint main 3.28 MiB (2.81 MiB) = vendors-node_modules_pmmmwh_react-refresh-webpack-plugin_lib_runtime_RefreshUtils_js-node_mod-ded9e6.js 1.8 MiB main.js 1.48 MiB 2 auxiliary assets
orphan modules 443 KiB [orphan] 269 modules
runtime modules 32.6 KiB 16 modules
cacheable modules 2.51 MiB
  modules by path ./node_modules/ 1.64 MiB 234 modules
  modules by path ./src/ 889 KiB
    modules by path ./src/features/ 875 KiB 142 modules
    modules by path ./src/*.tsx 9.13 KiB
      ./src/main.tsx 2.14 KiB [built] [code generated]
      ./src/App.tsx 6.98 KiB [built] [code generated]
    modules by path ./src/*.css 4.91 KiB
      ./src/App.css 2.22 KiB [built] [code generated]
      ./node_modules/css-loader/dist/cjs.js!./src/App.css 2.69 KiB [built] [code generated]
webpack 5.111.1 compiled successfully in 2004 ms
assets by status 1.8 MiB [cached] 1 asset
assets by path *.js 1.49 MiB
  asset main.js 1.48 MiB [emitted] (name: main) 1 related asset
  asset main.6664675a1ca8ac2f0a9f.hot-update.js 10.8 KiB [emitted] [immutable] [hmr] (name: main) 1 related asset
asset index.html 433 bytes [emitted]
asset main.6664675a1ca8ac2f0a9f.hot-update.json 28 bytes [emitted] [immutable] [hmr]
Entrypoint main 3.29 MiB (2.81 MiB) = vendors-node_modules_pmmmwh_react-refresh-webpack-plugin_lib_runtime_RefreshUtils_js-node_mod-ded9e6.js 1.8 MiB main.js 1.48 MiB main.6664675a1ca8ac2f0a9f.hot-update.js 10.8 KiB 3 auxiliary assets
cached modules 2.94 MiB [cached] 648 modules
runtime modules 32.6 KiB 16 modules
./src/App.tsx 7.06 KiB [built] [code generated]
webpack 5.111.1 compiled successfully in 400 ms
assets by status 1.8 MiB [cached] 1 asset
assets by path *.js 1.49 MiB
  asset main.js 1.48 MiB [emitted] (name: main) 1 related asset
  asset main.f938f27fbc347fc7c380.hot-update.js 10.7 KiB [emitted] [immutable] [hmr] (name: main) 1 related asset
asset index.html 433 bytes [emitted]
asset main.f938f27fbc347fc7c380.hot-update.json 28 bytes [emitted] [immutable] [hmr]
Entrypoint main 3.29 MiB (2.81 MiB) = vendors-node_modules_pmmmwh_react-refresh-webpack-plugin_lib_runtime_RefreshUtils_js-node_mod-ded9e6.js 1.8 MiB main.js 1.48 MiB main.f938f27fbc347fc7c380.hot-update.js 10.7 KiB 3 auxiliary assets
cached modules 2.94 MiB [cached] 648 modules
runtime modules 32.6 KiB 16 modules
./src/App.tsx 6.98 KiB [built] [code generated]
webpack 5.111.1 compiled successfully in 150 ms
assets by status 1.8 MiB [cached] 1 asset
assets by path *.js 1.49 MiB
  asset main.js 1.48 MiB [emitted] (name: main) 1 related asset
  asset main.64227c884e67b152070a.hot-update.js 10.8 KiB [emitted] [immutable] [hmr] (name: main) 1 related asset
asset index.html 433 bytes [emitted]
asset main.64227c884e67b152070a.hot-update.json 28 bytes [emitted] [immutable] [hmr]
Entrypoint main 3.29 MiB (2.81 MiB) = vendors-node_modules_pmmmwh_react-refresh-webpack-plugin_lib_runtime_RefreshUtils_js-node_mod-ded9e6.js 1.8 MiB main.js 1.48 MiB main.64227c884e67b152070a.hot-update.js 10.8 KiB 3 auxiliary assets
cached modules 2.94 MiB [cached] 648 modules
runtime modules 32.6 KiB 16 modules
./src/App.tsx 7.07 KiB [built] [code generated]
webpack 5.111.1 compiled successfully in 203 ms
assets by status 1.8 MiB [cached] 1 asset
assets by path *.js 1.49 MiB
  asset main.js 1.48 MiB [emitted] (name: main) 1 related asset
  asset main.1bb85bf753885583b78d.hot-update.js 10.7 KiB [emitted] [immutable] [hmr] (name: main) 1 related asset
asset index.html 433 bytes [emitted]
asset main.1bb85bf753885583b78d.hot-update.json 28 bytes [emitted] [immutable] [hmr]
Entrypoint main 3.29 MiB (2.81 MiB) = vendors-node_modules_pmmmwh_react-refresh-webpack-plugin_lib_runtime_RefreshUtils_js-node_mod-ded9e6.js 1.8 MiB main.js 1.48 MiB main.1bb85bf753885583b78d.hot-update.js 10.7 KiB 3 auxiliary assets
cached modules 2.94 MiB [cached] 648 modules
runtime modules 32.6 KiB 16 modules
./src/App.tsx 6.98 KiB [built] [code generated]
webpack 5.111.1 compiled successfully in 206 ms
assets by status 1.8 MiB [cached] 1 asset
assets by path *.js 1.49 MiB
  asset main.js 1.48 MiB [emitted] (name: main) 1 related asset
  asset main.1c99e57b89fd252d0496.hot-update.js 10.8 KiB [emitted] [immutable] [hmr] (name: main) 1 related asset
asset index.html 433 bytes [emitted]
asset main.1c99e57b89fd252d0496.hot-update.json 28 bytes [emitted] [immutable] [hmr]
Entrypoint main 3.29 MiB (2.81 MiB) = vendors-node_modules_pmmmwh_react-refresh-webpack-plugin_lib_runtime_RefreshUtils_js-node_mod-ded9e6.js 1.8 MiB main.js 1.48 MiB main.1c99e57b89fd252d0496.hot-update.js 10.8 KiB 3 auxiliary assets
cached modules 2.94 MiB [cached] 648 modules
runtime modules 32.6 KiB 16 modules
./src/App.tsx 7.07 KiB [built] [code generated]
webpack 5.111.1 compiled successfully in 159 ms
assets by status 1.8 MiB [cached] 1 asset
assets by path *.js 1.49 MiB
  asset main.js 1.48 MiB [emitted] (name: main) 1 related asset
  asset main.0b6cbb2727c643cc7a7f.hot-update.js 10.7 KiB [emitted] [immutable] [hmr] (name: main) 1 related asset
asset index.html 433 bytes [emitted]
asset main.0b6cbb2727c643cc7a7f.hot-update.json 28 bytes [emitted] [immutable] [hmr]
Entrypoint main 3.29 MiB (2.81 MiB) = vendors-node_modules_pmmmwh_react-refresh-webpack-plugin_lib_runtime_RefreshUtils_js-node_mod-ded9e6.js 1.8 MiB main.js 1.48 MiB main.0b6cbb2727c643cc7a7f.hot-update.js 10.7 KiB 3 auxiliary assets
cached modules 2.94 MiB [cached] 648 modules
runtime modules 32.6 KiB 16 modules
./src/App.tsx 6.98 KiB [built] [code generated]
webpack 5.111.1 compiled successfully in 133 ms
assets by status 1.8 MiB [cached] 1 asset
assets by path *.js 1.49 MiB
  asset main.js 1.48 MiB [emitted] (name: main) 1 related asset
  asset main.9f49ee0d53d87d08488d.hot-update.js 10.8 KiB [emitted] [immutable] [hmr] (name: main) 1 related asset
asset index.html 433 bytes [emitted]
asset main.9f49ee0d53d87d08488d.hot-update.json 28 bytes [emitted] [immutable] [hmr]
Entrypoint main 3.29 MiB (2.81 MiB) = vendors-node_modules_pmmmwh_react-refresh-webpack-plugin_lib_runtime_RefreshUtils_js-node_mod-ded9e6.js 1.8 MiB main.js 1.48 MiB main.9f49ee0d53d87d08488d.hot-update.js 10.8 KiB 3 auxiliary assets
cached modules 2.94 MiB [cached] 648 modules
runtime modules 32.6 KiB 16 modules
./src/App.tsx 7.07 KiB [built] [code generated]
webpack 5.111.1 compiled successfully in 166 ms
assets by status 1.8 MiB [cached] 1 asset
assets by path *.js 1.49 MiB
  asset main.js 1.48 MiB [emitted] (name: main) 1 related asset
  asset main.742c7ce36bc08847fd15.hot-update.js 10.7 KiB [emitted] [immutable] [hmr] (name: main) 1 related asset
asset index.html 433 bytes [emitted]
asset main.742c7ce36bc08847fd15.hot-update.json 28 bytes [emitted] [immutable] [hmr]
Entrypoint main 3.29 MiB (2.81 MiB) = vendors-node_modules_pmmmwh_react-refresh-webpack-plugin_lib_runtime_RefreshUtils_js-node_mod-ded9e6.js 1.8 MiB main.js 1.48 MiB main.742c7ce36bc08847fd15.hot-update.js 10.7 KiB 3 auxiliary assets
cached modules 2.94 MiB [cached] 648 modules
runtime modules 32.6 KiB 16 modules
./src/App.tsx 6.98 KiB [built] [code generated]
webpack 5.111.1 compiled successfully in 176 ms
assets by status 1.8 MiB [cached] 1 asset
assets by path *.js 1.49 MiB
  asset main.js 1.48 MiB [emitted] (name: main) 1 related asset
  asset main.ede87d87ef486848facc.hot-update.js 10.8 KiB [emitted] [immutable] [hmr] (name: main) 1 related asset
asset index.html 433 bytes [emitted]
asset main.ede87d87ef486848facc.hot-update.json 28 bytes [emitted] [immutable] [hmr]
Entrypoint main 3.29 MiB (2.81 MiB) = vendors-node_modules_pmmmwh_react-refresh-webpack-plugin_lib_runtime_RefreshUtils_js-node_mod-ded9e6.js 1.8 MiB main.js 1.48 MiB main.ede87d87ef486848facc.hot-update.js 10.8 KiB 3 auxiliary assets
cached modules 2.94 MiB [cached] 648 modules
runtime modules 32.6 KiB 16 modules
./src/App.tsx 7.07 KiB [built] [code generated]
webpack 5.111.1 compiled successfully in 113 ms
assets by status 1.8 MiB [cached] 1 asset
assets by path *.js 1.49 MiB
  asset main.js 1.48 MiB [emitted] (name: main) 1 related asset
  asset main.d6e485abda9e0ae50db5.hot-update.js 10.7 KiB [emitted] [immutable] [hmr] (name: main) 1 related asset
asset index.html 433 bytes [emitted]
asset main.d6e485abda9e0ae50db5.hot-update.json 28 bytes [emitted] [immutable] [hmr]
Entrypoint main 3.29 MiB (2.81 MiB) = vendors-node_modules_pmmmwh_react-refresh-webpack-plugin_lib_runtime_RefreshUtils_js-node_mod-ded9e6.js 1.8 MiB main.js 1.48 MiB main.d6e485abda9e0ae50db5.hot-update.js 10.7 KiB 3 auxiliary assets
cached modules 2.94 MiB [cached] 648 modules
runtime modules 32.6 KiB 16 modules
./src/App.tsx 6.98 KiB [built] [code generated]
webpack 5.111.1 compiled successfully in 115 ms
assets by status 1.8 MiB [cached] 1 asset
assets by path *.js 1.49 MiB
  asset main.js 1.48 MiB [emitted] (name: main) 1 related asset
  asset main.1d9250c467642ba896dc.hot-update.js 10.8 KiB [emitted] [immutable] [hmr] (name: main) 1 related asset
asset index.html 433 bytes [emitted]
asset main.1d9250c467642ba896dc.hot-update.json 28 bytes [emitted] [immutable] [hmr]
Entrypoint main 3.29 MiB (2.81 MiB) = vendors-node_modules_pmmmwh_react-refresh-webpack-plugin_lib_runtime_RefreshUtils_js-node_mod-ded9e6.js 1.8 MiB main.js 1.48 MiB main.1d9250c467642ba896dc.hot-update.js 10.8 KiB 3 auxiliary assets
cached modules 2.94 MiB [cached] 648 modules
runtime modules 32.6 KiB 16 modules
./src/App.tsx 7.07 KiB [built] [code generated]
webpack 5.111.1 compiled successfully in 116 ms
assets by status 1.8 MiB [cached] 1 asset
assets by path *.js 1.49 MiB
  asset main.js 1.48 MiB [emitted] (name: main) 1 related asset
  asset main.c7d5976bae26991c9585.hot-update.js 10.7 KiB [emitted] [immutable] [hmr] (name: main) 1 related asset
asset index.html 433 bytes [emitted]
asset main.c7d5976bae26991c9585.hot-update.json 28 bytes [emitted] [immutable] [hmr]
Entrypoint main 3.29 MiB (2.81 MiB) = vendors-node_modules_pmmmwh_react-refresh-webpack-plugin_lib_runtime_RefreshUtils_js-node_mod-ded9e6.js 1.8 MiB main.js 1.48 MiB main.c7d5976bae26991c9585.hot-update.js 10.7 KiB 3 auxiliary assets
cached modules 2.94 MiB [cached] 648 modules
runtime modules 32.6 KiB 16 modules
./src/App.tsx 6.98 KiB [built] [code generated]
webpack 5.111.1 compiled successfully in 128 ms
assets by status 3.28 MiB [cached] 2 assets
asset index.html 433 bytes [emitted]
Entrypoint main 3.28 MiB (2.81 MiB) = vendors-node_modules_pmmmwh_react-refresh-webpack-plugin_lib_runtime_RefreshUtils_js-node_mod-ded9e6.js 1.8 MiB main.js 1.48 MiB 2 auxiliary assets
cached modules 2.94 MiB (javascript) 32.6 KiB (runtime) [cached] 664 modules
./src/App.tsx 6.98 KiB [built]
webpack 5.111.1 compiled successfully in 111 ms
<i> [webpack-dev-server] Gracefully shutting down. To force exit, press ^C again. Please wait...
