
> benchmark-production-v1-synthetic-webpack@1.0.0 dev
> webpack serve --mode development --config webpack.config.cjs --host 127.0.0.1 --port 34971

<i> [webpack-dev-server] Project is running at:
<i> [webpack-dev-server] Loopback: [36mhttp://127.0.0.1:34971/[39m
<i> [webpack-dev-server] Content not from webpack is served from '[36m/home/runner/work/empirical-js-bundlers/empirical-js-bundlers/.submission-pilot/m-500-corrected-confirmatory-m4-webpack-m-500/webpack/public[39m' directory
<i> [webpack-dev-server] 404s will fallback to '[36m/index.html[39m'
<i> [webpack-dev-middleware] wait until bundle finished: /
<i> [webpack-dev-middleware] wait until bundle finished: /
<i> [webpack-dev-middleware] wait until bundle finished: /
<i> [webpack-dev-middleware] wait until bundle finished: /
<i> [webpack-dev-middleware] wait until bundle finished: /
asset [1m[32mvendors-node_modules_pmmmwh_react-refresh-webpack-plugin_lib_runtime_RefreshUtils_js-node_mod-c83d3a.js[39m[22m 3.87 MiB [1m[32m[emitted][39m[22m (id hint: vendors) 1 related asset
asset [1m[32mmain.js[39m[22m 2.85 MiB [1m[32m[emitted][39m[22m (name: main) 1 related asset
asset [1m[32msrc_features_notifications_NotificationsLabel_tsx.js[39m[22m 1000 KiB [1m[32m[emitted][39m[22m 1 related asset
asset [1m[32msrc_features_auth_AuthHeatmap_tsx.js[39m[22m 977 KiB [1m[32m[emitted][39m[22m 1 related asset
asset [1m[32msrc_features_inventory_InventoryStepper_tsx.js[39m[22m 955 KiB [1m[32m[emitted][39m[22m 1 related asset
asset [1m[32msrc_features_payments_PaymentsCard_tsx.js[39m[22m 949 KiB [1m[32m[emitted][39m[22m 1 related asset
asset [1m[32msrc_features_reports_ReportsSpinner_tsx.js[39m[22m 930 KiB [1m[32m[emitted][39m[22m 1 related asset
asset [1m[32msrc_features_analytics_AnalyticsTag_tsx.js[39m[22m 930 KiB [1m[32m[emitted][39m[22m 1 related asset
asset [1m[32msrc_features_users_UsersHeader_tsx.js[39m[22m 920 KiB [1m[32m[emitted][39m[22m 1 related asset
asset [1m[32msrc_features_shipping_ShippingFileUpload_tsx.js[39m[22m 911 KiB [1m[32m[emitted][39m[22m 1 related asset
asset [1m[32msrc_features_dashboard_DashboardPieChart_tsx.js[39m[22m 881 KiB [1m[32m[emitted][39m[22m 1 related asset
asset [1m[32msrc_features_reviews_ReviewsPopover_tsx.js[39m[22m 880 KiB [1m[32m[emitted][39m[22m 1 related asset
asset [1m[32msrc_features_billing_BillingTextArea_tsx.js[39m[22m 878 KiB [1m[32m[emitted][39m[22m 1 related asset
asset [1m[32msrc_features_orders_OrdersSticky_tsx.js[39m[22m 850 KiB [1m[32m[emitted][39m[22m 1 related asset
+ 9 assets
Entrypoint [1mmain[39m[22m 6.71 MiB (5.57 MiB) = [1m[32mvendors-node_modules_pmmmwh_react-refresh-webpack-plugin_lib_runtime_RefreshUtils_js-node_mod-c83d3a.js[39m[22m 3.87 MiB [1m[32mmain.js[39m[22m 2.85 MiB 2 auxiliary assets
orphan modules 630 KiB [1m[33m[orphan][39m[22m 301 modules
runtime modules 34.9 KiB 19 modules
modules by path [1m./src/[39m[22m 8.38 MiB
  modules by path [1m./src/features/[39m[22m 8.34 MiB 1371 modules
  modules by path [1m./src/*.tsx[39m[22m 43.3 KiB
    [1m./src/main.tsx[39m[22m 2.13 KiB [1m[33m[built][39m[22m [1m[33m[code generated][39m[22m
    [1m./src/App.tsx[39m[22m 41.2 KiB [1m[33m[built][39m[22m [1m[33m[code generated][39m[22m
  modules by path [1m./src/*.css[39m[22m 4.91 KiB
    [1m./src/App.css[39m[22m 2.22 KiB [1m[33m[built][39m[22m [1m[33m[code generated][39m[22m
    ./node_modules/css-loader/dist/cjs.js![1m./src/App.css[39m[22m 2.69 KiB [1m[33m[built][39m[22m [1m[33m[code generated][39m[22m
modules by path [1m./node_modules/[39m[22m 3.25 MiB 679 modules
webpack 5.111.1 compiled [1m[32msuccessfully[39m[22m in 6407 ms
assets by status 14.9 MiB [1m[32m[cached][39m[22m 21 assets
assets by path [1m[32m.[39m[22m 2.9 MiB
  assets by path [1m[32m*.js[39m[22m 2.9 MiB
    asset [1m[32mmain.js[39m[22m 2.85 MiB [1m[32m[emitted][39m[22m (name: main) 1 related asset
    asset [1m[32mmain.5ad0f1ef10307f38adf9.hot-update.js[39m[22m 53.2 KiB [1m[32m[emitted][39m[22m [1m[32m[immutable][39m[22m [1m[32m[hmr][39m[22m (name: main) 1 related asset
  asset [1m[32mindex.html[39m[22m 432 bytes [1m[32m[emitted][39m[22m
  asset [1m[32mmain.5ad0f1ef10307f38adf9.hot-update.json[39m[22m 28 bytes [1m[32m[emitted][39m[22m [1m[32m[immutable][39m[22m [1m[32m[hmr][39m[22m
Entrypoint [1mmain[39m[22m 6.77 MiB (5.58 MiB) = [1m[32mvendors-node_modules_pmmmwh_react-refresh-webpack-plugin_lib_runtime_RefreshUtils_js-node_mod-c83d3a.js[39m[22m 3.87 MiB [1m[32mmain.js[39m[22m 2.85 MiB [1m[32mmain.5ad0f1ef10307f38adf9.hot-update.js[39m[22m 53.2 KiB 3 auxiliary assets
cached modules 12.2 MiB [1m[32m[cached][39m[22m 2354 modules
runtime modules 34.9 KiB 19 modules
[1m./src/App.tsx[39m[22m 41.2 KiB [1m[33m[built][39m[22m [1m[33m[code generated][39m[22m
webpack 5.111.1 compiled [1m[32msuccessfully[39m[22m in 632 ms
assets by status 14.9 MiB [1m[32m[cached][39m[22m 21 assets
assets by path [1m[32m.[39m[22m 2.9 MiB
  assets by path [1m[32m*.js[39m[22m 2.9 MiB
    asset [1m[32mmain.js[39m[22m 2.85 MiB [1m[32m[emitted][39m[22m (name: main) 1 related asset
    asset [1m[32mmain.e87f98c48afd1dde34f7.hot-update.js[39m[22m 53.2 KiB [1m[32m[emitted][39m[22m [1m[32m[immutable][39m[22m [1m[32m[hmr][39m[22m (name: main) 1 related asset
  asset [1m[32mindex.html[39m[22m 432 bytes [1m[32m[emitted][39m[22m
  asset [1m[32mmain.e87f98c48afd1dde34f7.hot-update.json[39m[22m 28 bytes [1m[32m[emitted][39m[22m [1m[32m[immutable][39m[22m [1m[32m[hmr][39m[22m
Entrypoint [1mmain[39m[22m 6.77 MiB (5.58 MiB) = [1m[32mvendors-node_modules_pmmmwh_react-refresh-webpack-plugin_lib_runtime_RefreshUtils_js-node_mod-c83d3a.js[39m[22m 3.87 MiB [1m[32mmain.js[39m[22m 2.85 MiB [1m[32mmain.e87f98c48afd1dde34f7.hot-update.js[39m[22m 53.2 KiB 3 auxiliary assets
cached modules 12.2 MiB [1m[32m[cached][39m[22m 2354 modules
runtime modules 34.9 KiB 19 modules
[1m./src/App.tsx[39m[22m 41.2 KiB [1m[33m[built][39m[22m [1m[33m[code generated][39m[22m
webpack 5.111.1 compiled [1m[32msuccessfully[39m[22m in 463 ms
assets by status 14.9 MiB [1m[32m[cached][39m[22m 21 assets
assets by path [1m[32m.[39m[22m 2.9 MiB
  assets by path [1m[32m*.js[39m[22m 2.9 MiB
    asset [1m[32mmain.js[39m[22m 2.85 MiB [1m[32m[emitted][39m[22m (name: main) 1 related asset
    asset [1m[32mmain.1e7a3b9591a5817047dd.hot-update.js[39m[22m 53.2 KiB [1m[32m[emitted][39m[22m [1m[32m[immutable][39m[22m [1m[32m[hmr][39m[22m (name: main) 1 related asset
  asset [1m[32mindex.html[39m[22m 432 bytes [1m[32m[emitted][39m[22m
  asset [1m[32mmain.1e7a3b9591a5817047dd.hot-update.json[39m[22m 28 bytes [1m[32m[emitted][39m[22m [1m[32m[immutable][39m[22m [1m[32m[hmr][39m[22m
Entrypoint [1mmain[39m[22m 6.77 MiB (5.58 MiB) = [1m[32mvendors-node_modules_pmmmwh_react-refresh-webpack-plugin_lib_runtime_RefreshUtils_js-node_mod-c83d3a.js[39m[22m 3.87 MiB [1m[32mmain.js[39m[22m 2.85 MiB [1m[32mmain.1e7a3b9591a5817047dd.hot-update.js[39m[22m 53.2 KiB 3 auxiliary assets
cached modules 12.2 MiB [1m[32m[cached][39m[22m 2354 modules
runtime modules 34.9 KiB 19 modules
[1m./src/App.tsx[39m[22m 41.2 KiB [1m[33m[built][39m[22m [1m[33m[code generated][39m[22m
webpack 5.111.1 compiled [1m[32msuccessfully[39m[22m in 399 ms
<i> [webpack-dev-server] Gracefully shutting down. To force exit, press ^C again. Please wait...
