rollup v4.63.1
bundles src/main.tsx → dist...
created dist in 3.4s

[2026-10-02 02:00:23] waiting for changes...
bundles src/main.tsx → dist...
created dist in 1.2s

[2026-10-02 02:00:25] waiting for changes...
bundles src/main.tsx → dist...
created dist in 1.1s

[2026-10-02 02:00:27] waiting for changes...
bundles src/main.tsx → dist...
created dist in 1.1s

[2026-10-02 02:00:29] waiting for changes...
bundles src/main.tsx → dist...
created dist in 1s

[2026-10-02 02:00:31] waiting for changes...
bundles src/main.tsx → dist...
created dist in 953ms

[2026-10-02 02:00:33] waiting for changes...
bundles src/main.tsx → dist...
created dist in 908ms

[2026-10-02 02:00:35] waiting for changes...
bundles src/main.tsx → dist...
created dist in 1s

[2026-10-02 02:00:37] waiting for changes...
bundles src/main.tsx → dist...
created dist in 897ms

[2026-10-02 02:00:39] waiting for changes...
bundles src/main.tsx → dist...
created dist in 960ms

[2026-10-02 02:00:41] waiting for changes...
bundles src/main.tsx → dist...
created dist in 916ms

[2026-10-02 02:00:43] waiting for changes...
bundles src/main.tsx → dist...
created dist in 922ms

[2026-10-02 02:00:45] waiting for changes...
bundles src/main.tsx → dist...
created dist in 1s

[2026-10-02 02:00:47] waiting for changes...
