node:internal/modules/cjs/loader:1456
  const err = new Error(message);
              ^

Error: Cannot find module 'acorn'
Require stack:
- /Users/runner/work/empirical-js-bundlers/empirical-js-bundlers/profiles/production-v1/validation/package.json
    at Module._resolveFilename (node:internal/modules/cjs/loader:1456:15)
    at defaultResolveImpl (node:internal/modules/cjs/loader:1066:19)
    at resolveForCJSWithHooks (node:internal/modules/cjs/loader:1071:22)
    at Module._load (node:internal/modules/cjs/loader:1242:25)
    at wrapModuleLoad (node:internal/modules/cjs/loader:255:19)
    at Module.require (node:internal/modules/cjs/loader:1556:12)
    at require (node:internal/modules/helpers:152:16)
    at file:///Users/runner/work/empirical-js-bundlers/empirical-js-bundlers/scripts/check-production-contract.mjs:7:15
    at ModuleJob.run (node:internal/modules/esm/module_job:430:25)
    at async onImport.tracePromise.__proto__ (node:internal/modules/esm/loader:661:26) {
  code: 'MODULE_NOT_FOUND',
  requireStack: [
    '/Users/runner/work/empirical-js-bundlers/empirical-js-bundlers/profiles/production-v1/validation/package.json'
  ]
}

Node.js v24.14.0
