
> benchmark-production-v1-synthetic-webpack@1.0.0 dev
> webpack serve --mode development --config webpack.config.cjs --host 127.0.0.1 --port 34253

<i> [webpack-dev-server] Project is running at:
<i> [webpack-dev-server] Loopback: [36mhttp://127.0.0.1:34253/[39m
<i> [webpack-dev-server] Content not from webpack is served from '[36m/home/runner/work/empirical-js-bundlers/empirical-js-bundlers/.submission-pilot/xs-50-corrected-confirmatory-m4-webpack-xs-50/webpack/public[39m' directory
<i> [webpack-dev-server] 404s will fallback to '[36m/index.html[39m'
<i> [webpack-dev-middleware] wait until bundle finished: /
<i> [webpack-dev-middleware] wait until bundle finished: /
asset [1m[32mvendors-node_modules_pmmmwh_react-refresh-webpack-plugin_lib_runtime_RefreshUtils_js-node_mod-69973f.js[39m[22m 1.8 MiB [1m[32m[emitted][39m[22m (id hint: vendors) 1 related asset
asset [1m[32mmain.js[39m[22m 1.48 MiB [1m[32m[emitted][39m[22m (name: main) 1 related asset
asset [1m[32mindex.html[39m[22m 433 bytes [1m[32m[emitted][39m[22m
Entrypoint [1mmain[39m[22m 3.28 MiB (2.81 MiB) = [1m[32mvendors-node_modules_pmmmwh_react-refresh-webpack-plugin_lib_runtime_RefreshUtils_js-node_mod-69973f.js[39m[22m 1.8 MiB [1m[32mmain.js[39m[22m 1.48 MiB 2 auxiliary assets
orphan modules 443 KiB [1m[33m[orphan][39m[22m 269 modules
runtime modules 32.6 KiB 16 modules
cacheable modules 2.51 MiB
  modules by path [1m./node_modules/[39m[22m 1.64 MiB 234 modules
  modules by path [1m./src/[39m[22m 887 KiB
    modules by path [1m./src/features/[39m[22m 873 KiB 142 modules
    modules by path [1m./src/*.tsx[39m[22m 9.08 KiB
      [1m./src/main.tsx[39m[22m 2.13 KiB [1m[33m[built][39m[22m [1m[33m[code generated][39m[22m
      [1m./src/App.tsx[39m[22m 6.95 KiB [1m[33m[built][39m[22m [1m[33m[code generated][39m[22m
    modules by path [1m./src/*.css[39m[22m 4.91 KiB
      [1m./src/App.css[39m[22m 2.22 KiB [1m[33m[built][39m[22m [1m[33m[code generated][39m[22m
      ./node_modules/css-loader/dist/cjs.js![1m./src/App.css[39m[22m 2.69 KiB [1m[33m[built][39m[22m [1m[33m[code generated][39m[22m
webpack 5.111.1 compiled [1m[32msuccessfully[39m[22m in 1940 ms
assets by status 1.8 MiB [1m[32m[cached][39m[22m 1 asset
assets by path [1m[32m*.js[39m[22m 1.49 MiB
  asset [1m[32mmain.js[39m[22m 1.48 MiB [1m[32m[emitted][39m[22m (name: main) 1 related asset
  asset [1m[32mmain.6327b9134aedbb1c1e32.hot-update.js[39m[22m 10.7 KiB [1m[32m[emitted][39m[22m [1m[32m[immutable][39m[22m [1m[32m[hmr][39m[22m (name: main) 1 related asset
asset [1m[32mindex.html[39m[22m 433 bytes [1m[32m[emitted][39m[22m
asset [1m[32mmain.6327b9134aedbb1c1e32.hot-update.json[39m[22m 28 bytes [1m[32m[emitted][39m[22m [1m[32m[immutable][39m[22m [1m[32m[hmr][39m[22m
Entrypoint [1mmain[39m[22m 3.29 MiB (2.81 MiB) = [1m[32mvendors-node_modules_pmmmwh_react-refresh-webpack-plugin_lib_runtime_RefreshUtils_js-node_mod-69973f.js[39m[22m 1.8 MiB [1m[32mmain.js[39m[22m 1.48 MiB [1m[32mmain.6327b9134aedbb1c1e32.hot-update.js[39m[22m 10.7 KiB 3 auxiliary assets
cached modules 2.93 MiB [1m[32m[cached][39m[22m 648 modules
runtime modules 32.6 KiB 16 modules
[1m./src/App.tsx[39m[22m 6.95 KiB [1m[33m[built][39m[22m [1m[33m[code generated][39m[22m
webpack 5.111.1 compiled [1m[32msuccessfully[39m[22m in 231 ms
assets by status 1.8 MiB [1m[32m[cached][39m[22m 1 asset
assets by path [1m[32m*.js[39m[22m 1.49 MiB
  asset [1m[32mmain.js[39m[22m 1.48 MiB [1m[32m[emitted][39m[22m (name: main) 1 related asset
  asset [1m[32mmain.310755bf7031fbaea511.hot-update.js[39m[22m 10.7 KiB [1m[32m[emitted][39m[22m [1m[32m[immutable][39m[22m [1m[32m[hmr][39m[22m (name: main) 1 related asset
asset [1m[32mindex.html[39m[22m 433 bytes [1m[32m[emitted][39m[22m
asset [1m[32mmain.310755bf7031fbaea511.hot-update.json[39m[22m 28 bytes [1m[32m[emitted][39m[22m [1m[32m[immutable][39m[22m [1m[32m[hmr][39m[22m
Entrypoint [1mmain[39m[22m 3.29 MiB (2.81 MiB) = [1m[32mvendors-node_modules_pmmmwh_react-refresh-webpack-plugin_lib_runtime_RefreshUtils_js-node_mod-69973f.js[39m[22m 1.8 MiB [1m[32mmain.js[39m[22m 1.48 MiB [1m[32mmain.310755bf7031fbaea511.hot-update.js[39m[22m 10.7 KiB 3 auxiliary assets
cached modules 2.93 MiB [1m[32m[cached][39m[22m 648 modules
runtime modules 32.6 KiB 16 modules
[1m./src/App.tsx[39m[22m 6.95 KiB [1m[33m[built][39m[22m [1m[33m[code generated][39m[22m
webpack 5.111.1 compiled [1m[32msuccessfully[39m[22m in 159 ms
assets by status 1.8 MiB [1m[32m[cached][39m[22m 1 asset
assets by path [1m[32m*.js[39m[22m 1.49 MiB
  asset [1m[32mmain.js[39m[22m 1.48 MiB [1m[32m[emitted][39m[22m (name: main) 1 related asset
  asset [1m[32mmain.9215b61a62df61a23202.hot-update.js[39m[22m 10.7 KiB [1m[32m[emitted][39m[22m [1m[32m[immutable][39m[22m [1m[32m[hmr][39m[22m (name: main) 1 related asset
asset [1m[32mindex.html[39m[22m 433 bytes [1m[32m[emitted][39m[22m
asset [1m[32mmain.9215b61a62df61a23202.hot-update.json[39m[22m 28 bytes [1m[32m[emitted][39m[22m [1m[32m[immutable][39m[22m [1m[32m[hmr][39m[22m
Entrypoint [1mmain[39m[22m 3.29 MiB (2.81 MiB) = [1m[32mvendors-node_modules_pmmmwh_react-refresh-webpack-plugin_lib_runtime_RefreshUtils_js-node_mod-69973f.js[39m[22m 1.8 MiB [1m[32mmain.js[39m[22m 1.48 MiB [1m[32mmain.9215b61a62df61a23202.hot-update.js[39m[22m 10.7 KiB 3 auxiliary assets
cached modules 2.93 MiB [1m[32m[cached][39m[22m 648 modules
runtime modules 32.6 KiB 16 modules
[1m./src/App.tsx[39m[22m 6.95 KiB [1m[33m[built][39m[22m [1m[33m[code generated][39m[22m
webpack 5.111.1 compiled [1m[32msuccessfully[39m[22m in 141 ms
assets by status 1.8 MiB [1m[32m[cached][39m[22m 1 asset
assets by path [1m[32m*.js[39m[22m 1.49 MiB
  asset [1m[32mmain.js[39m[22m 1.48 MiB [1m[32m[emitted][39m[22m (name: main) 1 related asset
  asset [1m[32mmain.0772bc53d5f7f2292bb0.hot-update.js[39m[22m 10.6 KiB [1m[32m[emitted][39m[22m [1m[32m[immutable][39m[22m [1m[32m[hmr][39m[22m (name: main) 1 related asset
asset [1m[32mindex.html[39m[22m 433 bytes [1m[32m[emitted][39m[22m
asset [1m[32mmain.0772bc53d5f7f2292bb0.hot-update.json[39m[22m 28 bytes [1m[32m[emitted][39m[22m [1m[32m[immutable][39m[22m [1m[32m[hmr][39m[22m
Entrypoint [1mmain[39m[22m 3.29 MiB (2.81 MiB) = [1m[32mvendors-node_modules_pmmmwh_react-refresh-webpack-plugin_lib_runtime_RefreshUtils_js-node_mod-69973f.js[39m[22m 1.8 MiB [1m[32mmain.js[39m[22m 1.48 MiB [1m[32mmain.0772bc53d5f7f2292bb0.hot-update.js[39m[22m 10.6 KiB 3 auxiliary assets
cached modules 2.93 MiB [1m[32m[cached][39m[22m 648 modules
runtime modules 32.6 KiB 16 modules
[1m./src/App.tsx[39m[22m 6.95 KiB [1m[33m[built][39m[22m [1m[33m[code generated][39m[22m
webpack 5.111.1 compiled [1m[32msuccessfully[39m[22m in 159 ms
<i> [webpack-dev-server] Gracefully shutting down. To force exit, press ^C again. Please wait...
