vite v8.3.0 building client environment for development...

watching for file changes...

build started...
transforming...
✓ 1056 modules transformed.
rendering chunks...
computing gzip size...
dist/index.html                     0.41 kB │ gzip:   0.29 kB
dist/assets/index-kW4ACz9H.css     10.30 kB │ gzip:   2.81 kB
dist/assets/index-Cbh2HZ5W.js   1,388.22 kB │ gzip: 248.20 kB │ map: 2,359.09 kB

built in 589ms.

build started...
transforming...
✓ 1056 modules transformed.
rendering chunks...
computing gzip size...
dist/index.html                     0.41 kB │ gzip:   0.29 kB
dist/assets/index-kW4ACz9H.css     10.30 kB │ gzip:   2.81 kB
dist/assets/index-BqFW4WYn.js   1,388.30 kB │ gzip: 248.25 kB │ map: 2,359.19 kB

built in 304ms.

build started...
transforming...
✓ 1056 modules transformed.
rendering chunks...
computing gzip size...
dist/index.html                     0.41 kB │ gzip:   0.29 kB
dist/assets/index-kW4ACz9H.css     10.30 kB │ gzip:   2.81 kB
dist/assets/index-Cbh2HZ5W.js   1,388.22 kB │ gzip: 248.20 kB │ map: 2,359.09 kB

built in 268ms.

build started...
transforming...
✓ 1056 modules transformed.
rendering chunks...
computing gzip size...
dist/index.html                     0.41 kB │ gzip:   0.29 kB
dist/assets/index-kW4ACz9H.css     10.30 kB │ gzip:   2.81 kB
dist/assets/index-BZXnYZln.js   1,388.30 kB │ gzip: 248.25 kB │ map: 2,359.20 kB

built in 254ms.

build started...
transforming...
✓ 1056 modules transformed.
rendering chunks...
computing gzip size...
dist/index.html                     0.41 kB │ gzip:   0.29 kB
dist/assets/index-kW4ACz9H.css     10.30 kB │ gzip:   2.81 kB
dist/assets/index-Cbh2HZ5W.js   1,388.22 kB │ gzip: 248.20 kB │ map: 2,359.09 kB

built in 244ms.

build started...
transforming...
✓ 1056 modules transformed.
rendering chunks...
computing gzip size...
dist/index.html                     0.41 kB │ gzip:   0.29 kB
dist/assets/index-kW4ACz9H.css     10.30 kB │ gzip:   2.81 kB
dist/assets/index-DuJBe1_t.js   1,388.30 kB │ gzip: 248.25 kB │ map: 2,359.20 kB

built in 243ms.

build started...
transforming...
✓ 1056 modules transformed.
rendering chunks...
computing gzip size...
dist/index.html                     0.41 kB │ gzip:   0.29 kB
dist/assets/index-kW4ACz9H.css     10.30 kB │ gzip:   2.81 kB
dist/assets/index-Cbh2HZ5W.js   1,388.22 kB │ gzip: 248.20 kB │ map: 2,359.09 kB

built in 233ms.

build started...
transforming...
✓ 1056 modules transformed.
rendering chunks...
computing gzip size...
dist/index.html                     0.41 kB │ gzip:   0.29 kB
dist/assets/index-kW4ACz9H.css     10.30 kB │ gzip:   2.81 kB
dist/assets/index-CqBm91S7.js   1,388.30 kB │ gzip: 248.25 kB │ map: 2,359.20 kB

built in 234ms.

build started...
transforming...
✓ 1056 modules transformed.
rendering chunks...
computing gzip size...
dist/index.html                     0.41 kB │ gzip:   0.29 kB
dist/assets/index-kW4ACz9H.css     10.30 kB │ gzip:   2.81 kB
dist/assets/index-Cbh2HZ5W.js   1,388.22 kB │ gzip: 248.20 kB │ map: 2,359.09 kB

built in 280ms.

build started...
transforming...
✓ 1056 modules transformed.
rendering chunks...
computing gzip size...
dist/index.html                     0.41 kB │ gzip:   0.29 kB
dist/assets/index-kW4ACz9H.css     10.30 kB │ gzip:   2.81 kB
dist/assets/index-DpAB4uJ1.js   1,388.30 kB │ gzip: 248.25 kB │ map: 2,359.20 kB

built in 355ms.

build started...
transforming...
✓ 1056 modules transformed.
rendering chunks...
computing gzip size...
dist/index.html                     0.41 kB │ gzip:   0.29 kB
dist/assets/index-kW4ACz9H.css     10.30 kB │ gzip:   2.81 kB
dist/assets/index-Cbh2HZ5W.js   1,388.22 kB │ gzip: 248.20 kB │ map: 2,359.09 kB

built in 240ms.

build started...
transforming...
✓ 1056 modules transformed.
rendering chunks...
computing gzip size...
dist/index.html                     0.41 kB │ gzip:   0.29 kB
dist/assets/index-kW4ACz9H.css     10.30 kB │ gzip:   2.81 kB
dist/assets/index-BgKoxova.js   1,388.30 kB │ gzip: 248.25 kB │ map: 2,359.20 kB

built in 289ms.

build started...
transforming...
✓ 1056 modules transformed.
rendering chunks...
computing gzip size...
dist/index.html                     0.41 kB │ gzip:   0.29 kB
dist/assets/index-kW4ACz9H.css     10.30 kB │ gzip:   2.81 kB
dist/assets/index-Cbh2HZ5W.js   1,388.22 kB │ gzip: 248.20 kB │ map: 2,359.09 kB

built in 261ms.
