rollup v4.63.1
bundles src/main.tsx → dist...
created dist in 3.8s

[2026-10-08 04:20:10] waiting for changes...
bundles src/main.tsx → dist...
created dist in 1.8s

[2026-10-08 04:20:12] waiting for changes...
bundles src/main.tsx → dist...
created dist in 1.2s

[2026-10-08 04:20:15] waiting for changes...
bundles src/main.tsx → dist...
created dist in 1.2s

[2026-10-08 04:20:17] waiting for changes...
bundles src/main.tsx → dist...
created dist in 913ms

[2026-10-08 04:20:19] waiting for changes...
bundles src/main.tsx → dist...
created dist in 947ms

[2026-10-08 04:20:21] waiting for changes...
bundles src/main.tsx → dist...
created dist in 1.2s

[2026-10-08 04:20:23] waiting for changes...
bundles src/main.tsx → dist...
created dist in 1.1s

[2026-10-08 04:20:26] waiting for changes...
bundles src/main.tsx → dist...
created dist in 1.3s

[2026-10-08 04:20:28] waiting for changes...
bundles src/main.tsx → dist...
created dist in 2.1s

[2026-10-08 04:20:32] waiting for changes...
bundles src/main.tsx → dist...
created dist in 1.9s

[2026-10-08 04:20:34] waiting for changes...
bundles src/main.tsx → dist...
created dist in 2.5s

[2026-10-08 04:20:38] waiting for changes...
bundles src/main.tsx → dist...
created dist in 1.9s

[2026-10-08 04:20:41] waiting for changes...
