╔══════════════════════════════════════════════════╗
║   Tier 2: Real-World Benchmark (Bulletproof React)║
╚══════════════════════════════════════════════════╝

Total jobs: 51

━━━━━━━━━━━━━━━━━━━━━━━━━━━━━━━━━━━━━━━━
  Tool: vite
━━━━━━━━━━━━━━━━━━━━━━━━━━━━━━━━━━━━━━━━
  [1/51] vite × M2 (10 runs)
    Benchmark 1: npx vite build
      Time (mean ± σ):      2.209 s ±  0.100 s    [User: 1.855 s, System: 0.909 s]
      Range (min … max):    2.044 s …  2.315 s    10 runs
     
    Median: 2224 ms
  [2/51] vite × M5
    Raw: 606059 bytes
  [3/51] vite × M6
    Gzip: 193869 bytes
  [4/51] vite × M7
    JS files: 20
  [5/51] vite × M8
    Chunks: 20
  [6/51] vite × M9
    Sourcemaps: 19
  [7/51] vite × M10 (10 runs)
    Run 1: 465 MB
    Run 2: 474 MB
    Run 3: 468 MB
    Run 4: 469 MB
    Run 5: 467 MB
    Run 6: 463 MB
    Run 7: 471 MB
    Run 8: 474 MB
    Run 9: 474 MB
    Run 10: 468 MB
  [8/51] vite × M11 (10 runs)
    Run 1: CPU = 5.30s
    Run 2: CPU = 4.60s
    Run 3: CPU = 4.30s
    Run 4: CPU = 4.52s
    Run 5: CPU = 4.48s
    Run 6: CPU = 4.56s
    Run 7: CPU = 4.48s
    Run 8: CPU = 4.26s
    Run 9: CPU = 4.48s
    Run 10: CPU = 4.26s
  [9/51] vite × M3 (20 runs)
    Fatal: Error: No .tsx file found in features/
        at findTargetFile (/Users/s0p0icn/Documents/empirical-js-bundlers/scripts/measure-incremental.ts:80:9)
        at main (/Users/s0p0icn/Documents/empirical-js-bundlers/scripts/measure-incremental.ts:131:22)
        at <anonymous> (/Users/s0p0icn/Documents/empirical-js-bundlers/scripts/measure-incremental.ts:188:1)
        at ModuleJob.run (node:internal/modules/esm/module_job:274:25)
        at async onImport.tracePromise.__proto__ (node:internal/modules/esm/loader:644:26)
        at async asyncRunEntryPointWithESMLoader (node:internal/modules/run_main:117:5)
