
━━━ vite ━━━
  SKIP M2
  SKIP M5
  SKIP M6
  SKIP M7
  SKIP M8
  SKIP M9
  SKIP M10
  SKIP M11
  SKIP M3
  SKIP M4

━━━ rspack ━━━
  SKIP M2
  SKIP M5
  SKIP M6
  SKIP M7
  SKIP M8
  SKIP M9
  SKIP M10
  SKIP M11
  SKIP M3
  SKIP M4

━━━ esbuild ━━━
  SKIP M2
  SKIP M5
  SKIP M6
  SKIP M7
  SKIP M8
  SKIP M9
  SKIP M10
  SKIP M11
  RUN M3 (20 runs)
      Starting esbuild watch mode...
      Target file: provider.tsx
      ❌ Watch mode failed to start (60s timeout)
  ⚠️ M3 failed (watch mode not available for esbuild on this project)

━━━ webpack ━━━
  RUN M2 (10 runs)
    Benchmark 1: NODE_ENV=production npx webpack --mode production --config webpack.config.cjs
      Time (mean ± σ):     12.279 s ± 15.557 s    [User: 15.819 s, System: 1.820 s]
      Range (min … max):    6.994 s … 56.545 s    10 runs
     
      Warning: The first benchmarking run for this command was significantly slower than the rest (56.545 s). This could be caused by (filesystem) caches that were not filled until after the first run. You are already using the '--prepare' option which can be used to clear caches. If you did not use a cache-clearing command with '--prepare', you can either try that or consider using the '--warmup' option to fill those caches before the actual benchmark.
     
  Median: 7347 ms
  M5 = 706043
  M6 = 210009
  M7 = 14
  M8 = 14
  M9 = 15
  RUN M10 (10 runs)
    Run 1: 1192 MB
    Run 2: 1189 MB
    Run 3: 1043 MB
    Run 4: 1191 MB
    Run 5: 1110 MB
    Run 6: 1107 MB
    Run 7: 1114 MB
    Run 8: 1077 MB
    Run 9: 1200 MB
    Run 10: 1110 MB
  RUN M11 (10 runs)
    Run 1: CPU = 15.70s
    Run 2: CPU = 15.30s
    Run 3: CPU = 14.58s
    Run 4: CPU = 15.72s
    Run 5: CPU = 15.04s
    Run 6: CPU = 14.60s
    Run 7: CPU = 14.94s
    Run 8: CPU = 16.22s
    Run 9: CPU = 15.64s
    Run 10: CPU = 14.64s
  RUN M3 (20 runs)
      Starting webpack watch mode...
      Target file: provider.tsx
      ❌ Watch mode failed to start (60s timeout)
  ⚠️ M3 failed (watch mode not available for webpack on this project)
  RUN M4 (20 runs)
      Starting webpack dev server...
      Dev server ready on port 8080
      Page loaded. Starting HMR measurements...
      Run 1/20: 15ms
      Run 2/20: 40ms
      Run 3/20: 14ms
      Run 4/20: 13ms
      Run 5/20: 30ms
      Run 6/20: 14ms
      Run 7/20: 15ms
      Run 8/20: 15ms
      Run 9/20: 13ms
      Run 10/20: 15ms
      Run 11/20: 36ms
      Run 12/20: 14ms
      Run 13/20: 15ms
      Run 14/20: 13ms
      Run 15/20: 15ms
      Run 16/20: 13ms
      Run 17/20: 36ms
      Run 18/20: 5ms
      Run 19/20: 14ms
      Run 20/20: 13ms
      Dev server stopped.

━━━ rollup ━━━
  RUN M2 (10 runs)
    Benchmark 1: NODE_ENV=production node --stack-size=65536 ./node_modules/.bin/rollup -c rollup.config.mjs
      Time (mean ± σ):      6.416 s ±  4.628 s    [User: 5.642 s, System: 7.387 s]
      Range (min … max):    4.873 s … 19.582 s    10 runs
     
      Warning: The first benchmarking run for this command was significantly slower than the rest (19.582 s). This could be caused by (filesystem) caches that were not filled until after the first run. You are already using the '--prepare' option which can be used to clear caches. If you did not use a cache-clearing command with '--prepare', you can either try that or consider using the '--warmup' option to fill those caches before the actual benchmark.
     
  Median: 4909 ms
  M5 = 589744
  M6 = 188319
  M7 = 20
  M8 = 20
  M9 = 20
  RUN M10 (10 runs)
    Run 1: 639 MB
    Run 2: 621 MB
    Run 3: 643 MB
    Run 4: 639 MB
    Run 5: 633 MB
    Run 6: 637 MB
    Run 7: 640 MB
    Run 8: 639 MB
    Run 9: 645 MB
    Run 10: 643 MB
  RUN M11 (10 runs)
    Run 1: CPU = 9.88s
    Run 2: CPU = 10.04s
    Run 3: CPU = 10.32s
    Run 4: CPU = 10.18s
    Run 5: CPU = 10.08s
    Run 6: CPU = 10.38s
    Run 7: CPU = 10.20s
    Run 8: CPU = 10.04s
    Run 9: CPU = 10.28s
    Run 10: CPU = 10.28s
  RUN M3 (20 runs)
      Starting rollup watch mode...
      Target file: provider.tsx
      Watch mode ready. Starting measurements...
      Run 1/20: 1808ms
      Run 2/20: 1429ms
      Run 3/20: 1424ms
      Run 4/20: 1361ms
      Run 5/20: 1441ms
      Run 6/20: 1388ms
      Run 7/20: 1381ms
      Run 8/20: 1406ms
      Run 9/20: 1493ms
      Run 10/20: 1385ms
      Run 11/20: 1485ms
      Run 12/20: 1499ms
      Run 13/20: 1460ms
      Run 14/20: 1521ms
      Run 15/20: 1465ms
      Run 16/20: 1486ms
      Run 17/20: 1438ms
      Run 18/20: 1715ms
      Run 19/20: 1519ms
      Run 20/20: 2074ms
      Watch mode stopped.

╔════════════════════════════════╗
║  ✅ TIER 2 COMPLETE!           ║
╚════════════════════════════════╝
