╔══════════════════════════════════════════════════╗
║   Resuming Tier 1 Data Collection                ║
╚══════════════════════════════════════════════════╝

━━━ Phase A: Vite gaps ━━━

  [1] vite × m-500 × M4 (20 runs)
    🔬 Benchmark: vite × m-500 × M4 (20 runs)
       Output: /Users/s0p0icn/Documents/empirical-js-bundlers/results/tier1-raw/vite_m-500_M4.csv
      Starting vite dev server...
      Dev server ready on port 5174
      Page loaded. Starting HMR measurements...
      Run 1/20: 120ms
      Run 2/20: 64ms
      Run 3/20: 25ms
      Run 4/20: 80ms
      Run 5/20: 75ms
      Run 6/20: 61ms
      Run 7/20: 93ms
      Run 8/20: 34ms
      Run 9/20: 55ms
      Run 10/20: 131ms
      Run 11/20: 124ms
      Run 12/20: 83ms
      Run 13/20: 30ms
      Run 14/20: 121ms
      Run 15/20: 130ms
      Run 16/20: 24ms
      Run 17/20: 26ms
      Run 18/20: 131ms
      Run 19/20: 77ms
      Run 20/20: 33ms
      Dev server stopped.
    ✅ M4 complete → /Users/s0p0icn/Documents/empirical-js-bundlers/results/tier1-raw/vite_m-500_M4.csv
    
    📊 Results saved to: /Users/s0p0icn/Documents/empirical-js-bundlers/results/tier1-raw/vite_m-500_M4.csv
    ⏱️  57s elapsed

  [2] vite × xl-5000 × M3 (20 runs)
    🔬 Benchmark: vite × xl-5000 × M3 (20 runs)
       Output: /Users/s0p0icn/Documents/empirical-js-bundlers/results/tier1-raw/vite_xl-5000_M3.csv
      Starting vite watch mode...
      Target file: ActivityAdapter.tsx
      Watch mode ready. Starting measurements...
      Run 1/20: 16547ms
      Run 2/20: TIMEOUT
      Run 3/20: TIMEOUT
