yarn install v1.22.22
[1/5] Validating package.json...
[2/5] Resolving packages...
warning Resolution field "strip-ansi@6.0.1" is incompatible with requested version "strip-ansi@^7.0.1"
warning Resolution field "strip-ansi@6.0.1" is incompatible with requested version "strip-ansi@^7.0.1"
warning Resolution field "strip-ansi@6.0.1" is incompatible with requested version "strip-ansi@^7.0.1"
[3/5] Fetching packages...
(node:2514) [DEP0169] DeprecationWarning: `url.parse()` behavior is not standardized and prone to errors that have security implications. Use the WHATWG URL API instead. CVEs are not issued for `url.parse()` vulnerabilities.
(Use `node --trace-deprecation ...` to show where the warning was created)
warning vscode-languageclient@7.0.0: The engine "vscode" appears to be invalid.
[4/5] Linking dependencies...
warning " > @babel/preset-env@7.26.9" has unmet peer dependency "@babel/core@^7.0.0-0".
warning "@babel/preset-env > @babel/plugin-bugfix-firefox-class-in-computed-class-key@7.25.9" has unmet peer dependency "@babel/core@^7.0.0".
warning "@babel/preset-env > @babel/plugin-bugfix-safari-class-field-initializer-scope@7.25.9" has unmet peer dependency "@babel/core@^7.0.0".
warning "@babel/preset-env > @babel/plugin-bugfix-safari-id-destructuring-collision-in-function-expression@7.25.9" has unmet peer dependency "@babel/core@^7.0.0".
warning "@babel/preset-env > @babel/plugin-bugfix-v8-spread-parameters-in-optional-chaining@7.25.9" has unmet peer dependency "@babel/core@^7.13.0".
warning "@babel/preset-env > @babel/plugin-bugfix-v8-static-class-fields-redefine-readonly@7.25.9" has unmet peer dependency "@babel/core@^7.0.0".
warning "@babel/preset-env > @babel/plugin-proposal-private-property-in-object@7.21.0-placeholder-for-preset-env.2" has unmet peer dependency "@babel/core@^7.0.0-0".
warning "@babel/preset-env > @babel/plugin-syntax-import-assertions@7.26.0" has unmet peer dependency "@babel/core@^7.0.0-0".
warning "@babel/preset-env > @babel/plugin-syntax-import-attributes@7.26.0" has unmet peer dependency "@babel/core@^7.0.0-0".
warning "@babel/preset-env > @babel/plugin-syntax-unicode-sets-regex@7.18.6" has unmet peer dependency "@babel/core@^7.0.0".
warning "@babel/preset-env > @babel/plugin-transform-arrow-functions@7.25.9" has unmet peer dependency "@babel/core@^7.0.0-0".
warning "@babel/preset-env > @babel/plugin-transform-async-generator-functions@7.26.8" has unmet peer dependency "@babel/core@^7.0.0-0".
warning "@babel/preset-env > @babel/plugin-transform-async-to-generator@7.25.9" has unmet peer dependency "@babel/core@^7.0.0-0".
warning "@babel/preset-env > @babel/plugin-transform-block-scoped-functions@7.26.5" has unmet peer dependency "@babel/core@^7.0.0-0".
warning "@babel/preset-env > @babel/plugin-transform-block-scoping@7.25.9" has unmet peer dependency "@babel/core@^7.0.0-0".
warning "@babel/preset-env > @babel/plugin-transform-class-properties@7.25.9" has unmet peer dependency "@babel/core@^7.0.0-0".
warning "@babel/preset-env > @babel/plugin-transform-class-static-block@7.26.0" has unmet peer dependency "@babel/core@^7.12.0".
warning "@babel/preset-env > @babel/plugin-transform-classes@7.25.9" has unmet peer dependency "@babel/core@^7.0.0-0".
warning "@babel/preset-env > @babel/plugin-transform-computed-properties@7.25.9" has unmet peer dependency "@babel/core@^7.0.0-0".
warning "@babel/preset-env > @babel/plugin-transform-destructuring@7.25.9" has unmet peer dependency "@babel/core@^7.0.0-0".
warning "@babel/preset-env > @babel/plugin-transform-dotall-regex@7.25.9" has unmet peer dependency "@babel/core@^7.0.0-0".
warning "@babel/preset-env > @babel/plugin-transform-duplicate-keys@7.25.9" has unmet peer dependency "@babel/core@^7.0.0-0".
warning "@babel/preset-env > @babel/plugin-transform-duplicate-named-capturing-groups-regex@7.25.9" has unmet peer dependency "@babel/core@^7.0.0".
warning "@babel/preset-env > @babel/plugin-transform-dynamic-import@7.25.9" has unmet peer dependency "@babel/core@^7.0.0-0".
warning "@babel/preset-env > @babel/plugin-transform-exponentiation-operator@7.26.3" has unmet peer dependency "@babel/core@^7.0.0-0".
warning "@babel/preset-env > @babel/plugin-transform-export-namespace-from@7.25.9" has unmet peer dependency "@babel/core@^7.0.0-0".
warning "@babel/preset-env > @babel/plugin-transform-for-of@7.26.9" has unmet peer dependency "@babel/core@^7.0.0-0".
warning "@babel/preset-env > @babel/plugin-transform-function-name@7.25.9" has unmet peer dependency "@babel/core@^7.0.0-0".
warning "@babel/preset-env > @babel/plugin-transform-json-strings@7.25.9" has unmet peer dependency "@babel/core@^7.0.0-0".
warning "@babel/preset-env > @babel/plugin-transform-literals@7.25.9" has unmet peer dependency "@babel/core@^7.0.0-0".
warning "@babel/preset-env > @babel/plugin-transform-logical-assignment-operators@7.25.9" has unmet peer dependency "@babel/core@^7.0.0-0".
warning "@babel/preset-env > @babel/plugin-transform-member-expression-literals@7.25.9" has unmet peer dependency "@babel/core@^7.0.0-0".
warning "@babel/preset-env > @babel/plugin-transform-modules-amd@7.25.9" has unmet peer dependency "@babel/core@^7.0.0-0".
warning "@babel/preset-env > @babel/plugin-transform-modules-commonjs@7.26.3" has unmet peer dependency "@babel/core@^7.0.0-0".
warning "@babel/preset-env > @babel/plugin-transform-modules-systemjs@7.25.9" has unmet peer dependency "@babel/core@^7.0.0-0".
warning "@babel/preset-env > @babel/plugin-transform-modules-umd@7.25.9" has unmet peer dependency "@babel/core@^7.0.0-0".
warning "@babel/preset-env > @babel/plugin-transform-named-capturing-groups-regex@7.25.9" has unmet peer dependency "@babel/core@^7.0.0".
warning "@babel/preset-env > @babel/plugin-transform-new-target@7.25.9" has unmet peer dependency "@babel/core@^7.0.0-0".
warning "@babel/preset-env > @babel/plugin-transform-nullish-coalescing-operator@7.26.6" has unmet peer dependency "@babel/core@^7.0.0-0".
warning "@babel/preset-env > @babel/plugin-transform-numeric-separator@7.25.9" has unmet peer dependency "@babel/core@^7.0.0-0".
warning "@babel/preset-env > @babel/plugin-transform-object-rest-spread@7.25.9" has unmet peer dependency "@babel/core@^7.0.0-0".
warning "@babel/preset-env > @babel/plugin-transform-object-super@7.25.9" has unmet peer dependency "@babel/core@^7.0.0-0".
warning "@babel/preset-env > @babel/plugin-transform-optional-catch-binding@7.25.9" has unmet peer dependency "@babel/core@^7.0.0-0".
warning "@babel/preset-env > @babel/plugin-transform-optional-chaining@7.25.9" has unmet peer dependency "@babel/core@^7.0.0-0".
warning "@babel/preset-env > @babel/plugin-transform-parameters@7.25.9" has unmet peer dependency "@babel/core@^7.0.0-0".
warning "@babel/preset-env > @babel/plugin-transform-private-methods@7.25.9" has unmet peer dependency "@babel/core@^7.0.0-0".
warning "@babel/preset-env > @babel/plugin-transform-private-property-in-object@7.25.9" has unmet peer dependency "@babel/core@^7.0.0-0".
warning "@babel/preset-env > @babel/plugin-transform-property-literals@7.25.9" has unmet peer dependency "@babel/core@^7.0.0-0".
warning "@babel/preset-env > @babel/plugin-transform-regenerator@7.25.9" has unmet peer dependency "@babel/core@^7.0.0-0".
warning "@babel/preset-env > @babel/plugin-transform-regexp-modifiers@7.26.0" has unmet peer dependency "@babel/core@^7.0.0".
warning "@babel/preset-env > @babel/plugin-transform-reserved-words@7.25.9" has unmet peer dependency "@babel/core@^7.0.0-0".
warning "@babel/preset-env > @babel/plugin-transform-shorthand-properties@7.25.9" has unmet peer dependency "@babel/core@^7.0.0-0".
warning "@babel/preset-env > @babel/plugin-transform-spread@7.25.9" has unmet peer dependency "@babel/core@^7.0.0-0".
warning "@babel/preset-env > @babel/plugin-transform-sticky-regex@7.25.9" has unmet peer dependency "@babel/core@^7.0.0-0".
warning "@babel/preset-env > @babel/plugin-transform-template-literals@7.26.8" has unmet peer dependency "@babel/core@^7.0.0-0".
warning "@babel/preset-env > @babel/plugin-transform-typeof-symbol@7.26.7" has unmet peer dependency "@babel/core@^7.0.0-0".
warning "@babel/preset-env > @babel/plugin-transform-unicode-escapes@7.25.9" has unmet peer dependency "@babel/core@^7.0.0-0".
warning "@babel/preset-env > @babel/plugin-transform-unicode-property-regex@7.25.9" has unmet peer dependency "@babel/core@^7.0.0-0".
warning "@babel/preset-env > @babel/plugin-transform-unicode-regex@7.25.9" has unmet peer dependency "@babel/core@^7.0.0-0".
warning "@babel/preset-env > @babel/plugin-transform-unicode-sets-regex@7.25.9" has unmet peer dependency "@babel/core@^7.0.0".
warning "@babel/preset-env > @babel/preset-modules@0.1.6-no-external-plugins" has unmet peer dependency "@babel/core@^7.0.0-0 || ^8.0.0-0 <8.0.0".
warning "@babel/preset-env > babel-plugin-polyfill-corejs2@0.4.12" has unmet peer dependency "@babel/core@^7.4.0 || ^8.0.0-0 <8.0.0".
warning "@babel/preset-env > babel-plugin-polyfill-corejs3@0.11.1" has unmet peer dependency "@babel/core@^7.4.0 || ^8.0.0-0 <8.0.0".
warning "@babel/preset-env > babel-plugin-polyfill-regenerator@0.6.3" has unmet peer dependency "@babel/core@^7.4.0 || ^8.0.0-0 <8.0.0".
warning "@babel/preset-env > @babel/plugin-syntax-unicode-sets-regex > @babel/helper-create-regexp-features-plugin@7.26.3" has unmet peer dependency "@babel/core@^7.0.0".
warning "@babel/preset-env > @babel/plugin-transform-async-generator-functions > @babel/helper-remap-async-to-generator@7.25.9" has unmet peer dependency "@babel/core@^7.0.0".
warning "@babel/preset-env > @babel/plugin-transform-class-properties > @babel/helper-create-class-features-plugin@7.26.9" has unmet peer dependency "@babel/core@^7.0.0".
warning "@babel/preset-env > @babel/plugin-transform-classes > @babel/helper-replace-supers@7.26.5" has unmet peer dependency "@babel/core@^7.0.0".
warning "@babel/preset-env > @babel/plugin-transform-modules-amd > @babel/helper-module-transforms@7.26.0" has unmet peer dependency "@babel/core@^7.0.0".
warning "@babel/preset-env > babel-plugin-polyfill-corejs2 > @babel/helper-define-polyfill-provider@0.6.3" has unmet peer dependency "@babel/core@^7.4.0 || ^8.0.0-0 <8.0.0".
warning " > @excalidraw/eslint-config@1.0.3" has unmet peer dependency "@typescript-eslint/parser@>=4".
warning " > @excalidraw/eslint-config@1.0.3" has unmet peer dependency "@typescript-eslint/eslint-plugin@>=4".
warning " > @excalidraw/eslint-config@1.0.3" has unmet peer dependency "eslint@>=7".
warning " > @vitejs/plugin-react@3.1.0" has incorrect peer dependency "vite@^4.1.0-beta.0".
warning " > @vitest/coverage-v8@3.0.7" has incorrect peer dependency "vitest@3.0.7".
warning " > @vitest/ui@2.0.5" has incorrect peer dependency "vitest@2.0.5".
warning " > eslint-config-prettier@8.5.0" has unmet peer dependency "eslint@>=7.0.0".
warning " > eslint-config-react-app@7.0.1" has unmet peer dependency "eslint@^8.0.0".
warning "eslint-config-react-app > @babel/eslint-parser@7.26.8" has unmet peer dependency "eslint@^7.5.0 || ^8.0.0 || ^9.0.0".
warning "eslint-config-react-app > @typescript-eslint/eslint-plugin@5.62.0" has unmet peer dependency "eslint@^6.0.0 || ^7.0.0 || ^8.0.0".
warning "eslint-config-react-app > @typescript-eslint/parser@5.62.0" has unmet peer dependency "eslint@^6.0.0 || ^7.0.0 || ^8.0.0".
warning "eslint-config-react-app > eslint-plugin-flowtype@8.0.3" has unmet peer dependency "@babel/plugin-syntax-flow@^7.14.5".
warning "eslint-config-react-app > eslint-plugin-flowtype@8.0.3" has unmet peer dependency "@babel/plugin-transform-react-jsx@^7.14.9".
warning "eslint-config-react-app > eslint-plugin-flowtype@8.0.3" has unmet peer dependency "eslint@^8.1.0".
warning " > eslint-plugin-import@2.31.0" has unmet peer dependency "eslint@^2 || ^3 || ^4 || ^5 || ^6 || ^7.2.0 || ^8 || ^9".
warning "eslint-config-react-app > eslint-plugin-jest@25.7.0" has unmet peer dependency "eslint@^6.0.0 || ^7.0.0 || ^8.0.0".
warning "eslint-config-react-app > eslint-plugin-jsx-a11y@6.10.2" has unmet peer dependency "eslint@^3 || ^4 || ^5 || ^6 || ^7 || ^8 || ^9".
warning "eslint-config-react-app > eslint-plugin-react@7.37.4" has unmet peer dependency "eslint@^3 || ^4 || ^5 || ^6 || ^7 || ^8 || ^9.7".
warning "eslint-config-react-app > eslint-plugin-react-hooks@4.6.2" has unmet peer dependency "eslint@^3.0.0 || ^4.0.0 || ^5.0.0 || ^6.0.0 || ^7.0.0 || ^8.0.0-0".
warning "eslint-config-react-app > eslint-plugin-testing-library@5.11.1" has unmet peer dependency "eslint@^7.5.0 || ^8.0.0".
warning "eslint-config-react-app > @typescript-eslint/eslint-plugin > @typescript-eslint/type-utils@5.62.0" has unmet peer dependency "eslint@*".
warning "eslint-config-react-app > @typescript-eslint/eslint-plugin > @typescript-eslint/utils@5.62.0" has unmet peer dependency "eslint@^6.0.0 || ^7.0.0 || ^8.0.0".
warning "eslint-config-react-app > eslint-plugin-jest > @typescript-eslint/experimental-utils@5.62.0" has unmet peer dependency "eslint@^6.0.0 || ^7.0.0 || ^8.0.0".
warning "eslint-config-react-app > @typescript-eslint/eslint-plugin > @typescript-eslint/utils > @eslint-community/eslint-utils@4.4.1" has unmet peer dependency "eslint@^6.0.0 || ^7.0.0 || >=8.0.0".
warning " > eslint-plugin-prettier@3.3.1" has unmet peer dependency "eslint@>=5.0.0".
warning " > vite-plugin-pwa@0.21.1" has unmet peer dependency "workbox-build@^7.3.0".
warning " > vite-plugin-pwa@0.21.1" has unmet peer dependency "workbox-window@^7.3.0".
warning " > @excalidraw/excalidraw@0.18.0" has unmet peer dependency "react@^17.0.2 || ^18.2.0 || ^19.0.0".
warning " > @excalidraw/excalidraw@0.18.0" has unmet peer dependency "react-dom@^17.0.2 || ^18.2.0 || ^19.0.0".
warning "workspace-aggregator-fd7e1bf2-60d1-4f97-9124-4f7c53978c78 > @excalidraw/excalidraw > jotai-scope@0.7.2" has unmet peer dependency "react@>=17.0.0".
warning "workspace-aggregator-fd7e1bf2-60d1-4f97-9124-4f7c53978c78 > @excalidraw/excalidraw > radix-ui@1.4.3" has unmet peer dependency "react@^16.8 || ^17.0 || ^18.0 || ^19.0 || ^19.0.0-rc".
warning "workspace-aggregator-fd7e1bf2-60d1-4f97-9124-4f7c53978c78 > @excalidraw/excalidraw > radix-ui@1.4.3" has unmet peer dependency "react-dom@^16.8 || ^17.0 || ^18.0 || ^19.0 || ^19.0.0-rc".
warning "workspace-aggregator-fd7e1bf2-60d1-4f97-9124-4f7c53978c78 > @excalidraw/excalidraw > @size-limit/preset-big-lib@9.0.0" has unmet peer dependency "size-limit@9.0.0".
warning "workspace-aggregator-fd7e1bf2-60d1-4f97-9124-4f7c53978c78 > @excalidraw/excalidraw > @testing-library/react@16.2.0" has unmet peer dependency "react@^18.0.0 || ^19.0.0".
warning "workspace-aggregator-fd7e1bf2-60d1-4f97-9124-4f7c53978c78 > @excalidraw/excalidraw > @testing-library/react@16.2.0" has unmet peer dependency "react-dom@^18.0.0 || ^19.0.0".
warning "workspace-aggregator-fd7e1bf2-60d1-4f97-9124-4f7c53978c78 > @excalidraw/excalidraw > autoprefixer@10.4.7" has unmet peer dependency "postcss@^8.1.0".
warning "workspace-aggregator-fd7e1bf2-60d1-4f97-9124-4f7c53978c78 > @excalidraw/excalidraw > eslint-plugin-react@7.32.2" has unmet peer dependency "eslint@^3 || ^4 || ^5 || ^6 || ^7 || ^8".
warning "workspace-aggregator-fd7e1bf2-60d1-4f97-9124-4f7c53978c78 > with-nextjs > next@14.1.4" has incorrect peer dependency "react@^18.2.0".
warning "workspace-aggregator-fd7e1bf2-60d1-4f97-9124-4f7c53978c78 > with-nextjs > next@14.1.4" has incorrect peer dependency "react-dom@^18.2.0".
warning "workspace-aggregator-fd7e1bf2-60d1-4f97-9124-4f7c53978c78 > @excalidraw/excalidraw > radix-ui > @radix-ui/react-accessible-icon@1.1.7" has unmet peer dependency "react@^16.8 || ^17.0 || ^18.0 || ^19.0 || ^19.0.0-rc".
warning "workspace-aggregator-fd7e1bf2-60d1-4f97-9124-4f7c53978c78 > @excalidraw/excalidraw > radix-ui > @radix-ui/react-accessible-icon@1.1.7" has unmet peer dependency "react-dom@^16.8 || ^17.0 || ^18.0 || ^19.0 || ^19.0.0-rc".
warning "workspace-aggregator-fd7e1bf2-60d1-4f97-9124-4f7c53978c78 > @excalidraw/excalidraw > radix-ui > @radix-ui/react-accordion@1.2.12" has unmet peer dependency "react@^16.8 || ^17.0 || ^18.0 || ^19.0 || ^19.0.0-rc".
warning "workspace-aggregator-fd7e1bf2-60d1-4f97-9124-4f7c53978c78 > @excalidraw/excalidraw > radix-ui > @radix-ui/react-accordion@1.2.12" has unmet peer dependency "react-dom@^16.8 || ^17.0 || ^18.0 || ^19.0 || ^19.0.0-rc".
warning "workspace-aggregator-fd7e1bf2-60d1-4f97-9124-4f7c53978c78 > @excalidraw/excalidraw > radix-ui > @radix-ui/react-alert-dialog@1.1.15" has unmet peer dependency "react@^16.8 || ^17.0 || ^18.0 || ^19.0 || ^19.0.0-rc".
warning "workspace-aggregator-fd7e1bf2-60d1-4f97-9124-4f7c53978c78 > @excalidraw/excalidraw > radix-ui > @radix-ui/react-alert-dialog@1.1.15" has unmet peer dependency "react-dom@^16.8 || ^17.0 || ^18.0 || ^19.0 || ^19.0.0-rc".
warning "workspace-aggregator-fd7e1bf2-60d1-4f97-9124-4f7c53978c78 > @excalidraw/excalidraw > radix-ui > @radix-ui/react-arrow@1.1.7" has unmet peer dependency "react@^16.8 || ^17.0 || ^18.0 || ^19.0 || ^19.0.0-rc".
warning "workspace-aggregator-fd7e1bf2-60d1-4f97-9124-4f7c53978c78 > @excalidraw/excalidraw > radix-ui > @radix-ui/react-arrow@1.1.7" has unmet peer dependency "react-dom@^16.8 || ^17.0 || ^18.0 || ^19.0 || ^19.0.0-rc".
warning "workspace-aggregator-fd7e1bf2-60d1-4f97-9124-4f7c53978c78 > @excalidraw/excalidraw > radix-ui > @radix-ui/react-aspect-ratio@1.1.7" has unmet peer dependency "react@^16.8 || ^17.0 || ^18.0 || ^19.0 || ^19.0.0-rc".
warning "workspace-aggregator-fd7e1bf2-60d1-4f97-9124-4f7c53978c78 > @excalidraw/excalidraw > radix-ui > @radix-ui/react-aspect-ratio@1.1.7" has unmet peer dependency "react-dom@^16.8 || ^17.0 || ^18.0 || ^19.0 || ^19.0.0-rc".
warning "workspace-aggregator-fd7e1bf2-60d1-4f97-9124-4f7c53978c78 > @excalidraw/excalidraw > radix-ui > @radix-ui/react-avatar@1.1.10" has unmet peer dependency "react@^16.8 || ^17.0 || ^18.0 || ^19.0 || ^19.0.0-rc".
warning "workspace-aggregator-fd7e1bf2-60d1-4f97-9124-4f7c53978c78 > @excalidraw/excalidraw > radix-ui > @radix-ui/react-avatar@1.1.10" has unmet peer dependency "react-dom@^16.8 || ^17.0 || ^18.0 || ^19.0 || ^19.0.0-rc".
warning "workspace-aggregator-fd7e1bf2-60d1-4f97-9124-4f7c53978c78 > @excalidraw/excalidraw > radix-ui > @radix-ui/react-checkbox@1.3.3" has unmet peer dependency "react@^16.8 || ^17.0 || ^18.0 || ^19.0 || ^19.0.0-rc".
warning "workspace-aggregator-fd7e1bf2-60d1-4f97-9124-4f7c53978c78 > @excalidraw/excalidraw > radix-ui > @radix-ui/react-checkbox@1.3.3" has unmet peer dependency "react-dom@^16.8 || ^17.0 || ^18.0 || ^19.0 || ^19.0.0-rc".
warning "workspace-aggregator-fd7e1bf2-60d1-4f97-9124-4f7c53978c78 > @excalidraw/excalidraw > radix-ui > @radix-ui/react-collapsible@1.1.12" has unmet peer dependency "react@^16.8 || ^17.0 || ^18.0 || ^19.0 || ^19.0.0-rc".
warning "workspace-aggregator-fd7e1bf2-60d1-4f97-9124-4f7c53978c78 > @excalidraw/excalidraw > radix-ui > @radix-ui/react-collapsible@1.1.12" has unmet peer dependency "react-dom@^16.8 || ^17.0 || ^18.0 || ^19.0 || ^19.0.0-rc".
warning "workspace-aggregator-fd7e1bf2-60d1-4f97-9124-4f7c53978c78 > @excalidraw/excalidraw > radix-ui > @radix-ui/react-collection@1.1.7" has unmet peer dependency "react@^16.8 || ^17.0 || ^18.0 || ^19.0 || ^19.0.0-rc".
warning "workspace-aggregator-fd7e1bf2-60d1-4f97-9124-4f7c53978c78 > @excalidraw/excalidraw > radix-ui > @radix-ui/react-collection@1.1.7" has unmet peer dependency "react-dom@^16.8 || ^17.0 || ^18.0 || ^19.0 || ^19.0.0-rc".
warning "workspace-aggregator-fd7e1bf2-60d1-4f97-9124-4f7c53978c78 > @excalidraw/excalidraw > radix-ui > @radix-ui/react-compose-refs@1.1.2" has unmet peer dependency "react@^16.8 || ^17.0 || ^18.0 || ^19.0 || ^19.0.0-rc".
warning "workspace-aggregator-fd7e1bf2-60d1-4f97-9124-4f7c53978c78 > @excalidraw/excalidraw > radix-ui > @radix-ui/react-context@1.1.2" has unmet peer dependency "react@^16.8 || ^17.0 || ^18.0 || ^19.0 || ^19.0.0-rc".
warning "workspace-aggregator-fd7e1bf2-60d1-4f97-9124-4f7c53978c78 > @excalidraw/excalidraw > radix-ui > @radix-ui/react-context-menu@2.2.16" has unmet peer dependency "react@^16.8 || ^17.0 || ^18.0 || ^19.0 || ^19.0.0-rc".
warning "workspace-aggregator-fd7e1bf2-60d1-4f97-9124-4f7c53978c78 > @excalidraw/excalidraw > radix-ui > @radix-ui/react-context-menu@2.2.16" has unmet peer dependency "react-dom@^16.8 || ^17.0 || ^18.0 || ^19.0 || ^19.0.0-rc".
warning "workspace-aggregator-fd7e1bf2-60d1-4f97-9124-4f7c53978c78 > @excalidraw/excalidraw > radix-ui > @radix-ui/react-dialog@1.1.15" has unmet peer dependency "react@^16.8 || ^17.0 || ^18.0 || ^19.0 || ^19.0.0-rc".
warning "workspace-aggregator-fd7e1bf2-60d1-4f97-9124-4f7c53978c78 > @excalidraw/excalidraw > radix-ui > @radix-ui/react-dialog@1.1.15" has unmet peer dependency "react-dom@^16.8 || ^17.0 || ^18.0 || ^19.0 || ^19.0.0-rc".
warning "workspace-aggregator-fd7e1bf2-60d1-4f97-9124-4f7c53978c78 > @excalidraw/excalidraw > radix-ui > @radix-ui/react-direction@1.1.1" has unmet peer dependency "react@^16.8 || ^17.0 || ^18.0 || ^19.0 || ^19.0.0-rc".
warning "workspace-aggregator-fd7e1bf2-60d1-4f97-9124-4f7c53978c78 > @excalidraw/excalidraw > radix-ui > @radix-ui/react-dismissable-layer@1.1.11" has unmet peer dependency "react@^16.8 || ^17.0 || ^18.0 || ^19.0 || ^19.0.0-rc".
warning "workspace-aggregator-fd7e1bf2-60d1-4f97-9124-4f7c53978c78 > @excalidraw/excalidraw > radix-ui > @radix-ui/react-dismissable-layer@1.1.11" has unmet peer dependency "react-dom@^16.8 || ^17.0 || ^18.0 || ^19.0 || ^19.0.0-rc".
warning "workspace-aggregator-fd7e1bf2-60d1-4f97-9124-4f7c53978c78 > @excalidraw/excalidraw > radix-ui > @radix-ui/react-dropdown-menu@2.1.16" has unmet peer dependency "react@^16.8 || ^17.0 || ^18.0 || ^19.0 || ^19.0.0-rc".
warning "workspace-aggregator-fd7e1bf2-60d1-4f97-9124-4f7c53978c78 > @excalidraw/excalidraw > radix-ui > @radix-ui/react-dropdown-menu@2.1.16" has unmet peer dependency "react-dom@^16.8 || ^17.0 || ^18.0 || ^19.0 || ^19.0.0-rc".
warning "workspace-aggregator-fd7e1bf2-60d1-4f97-9124-4f7c53978c78 > @excalidraw/excalidraw > radix-ui > @radix-ui/react-focus-guards@1.1.3" has unmet peer dependency "react@^16.8 || ^17.0 || ^18.0 || ^19.0 || ^19.0.0-rc".
warning "workspace-aggregator-fd7e1bf2-60d1-4f97-9124-4f7c53978c78 > @excalidraw/excalidraw > radix-ui > @radix-ui/react-focus-scope@1.1.7" has unmet peer dependency "react@^16.8 || ^17.0 || ^18.0 || ^19.0 || ^19.0.0-rc".
warning "workspace-aggregator-fd7e1bf2-60d1-4f97-9124-4f7c53978c78 > @excalidraw/excalidraw > radix-ui > @radix-ui/react-focus-scope@1.1.7" has unmet peer dependency "react-dom@^16.8 || ^17.0 || ^18.0 || ^19.0 || ^19.0.0-rc".
warning "workspace-aggregator-fd7e1bf2-60d1-4f97-9124-4f7c53978c78 > @excalidraw/excalidraw > radix-ui > @radix-ui/react-form@0.1.8" has unmet peer dependency "react@^16.8 || ^17.0 || ^18.0 || ^19.0 || ^19.0.0-rc".
warning "workspace-aggregator-fd7e1bf2-60d1-4f97-9124-4f7c53978c78 > @excalidraw/excalidraw > radix-ui > @radix-ui/react-form@0.1.8" has unmet peer dependency "react-dom@^16.8 || ^17.0 || ^18.0 || ^19.0 || ^19.0.0-rc".
warning "workspace-aggregator-fd7e1bf2-60d1-4f97-9124-4f7c53978c78 > @excalidraw/excalidraw > radix-ui > @radix-ui/react-hover-card@1.1.15" has unmet peer dependency "react@^16.8 || ^17.0 || ^18.0 || ^19.0 || ^19.0.0-rc".
warning "workspace-aggregator-fd7e1bf2-60d1-4f97-9124-4f7c53978c78 > @excalidraw/excalidraw > radix-ui > @radix-ui/react-hover-card@1.1.15" has unmet peer dependency "react-dom@^16.8 || ^17.0 || ^18.0 || ^19.0 || ^19.0.0-rc".
warning "workspace-aggregator-fd7e1bf2-60d1-4f97-9124-4f7c53978c78 > @excalidraw/excalidraw > radix-ui > @radix-ui/react-label@2.1.7" has unmet peer dependency "react@^16.8 || ^17.0 || ^18.0 || ^19.0 || ^19.0.0-rc".
warning "workspace-aggregator-fd7e1bf2-60d1-4f97-9124-4f7c53978c78 > @excalidraw/excalidraw > radix-ui > @radix-ui/react-label@2.1.7" has unmet peer dependency "react-dom@^16.8 || ^17.0 || ^18.0 || ^19.0 || ^19.0.0-rc".
warning "workspace-aggregator-fd7e1bf2-60d1-4f97-9124-4f7c53978c78 > @excalidraw/excalidraw > radix-ui > @radix-ui/react-menu@2.1.16" has unmet peer dependency "react@^16.8 || ^17.0 || ^18.0 || ^19.0 || ^19.0.0-rc".
warning "workspace-aggregator-fd7e1bf2-60d1-4f97-9124-4f7c53978c78 > @excalidraw/excalidraw > radix-ui > @radix-ui/react-menu@2.1.16" has unmet peer dependency "react-dom@^16.8 || ^17.0 || ^18.0 || ^19.0 || ^19.0.0-rc".
warning "workspace-aggregator-fd7e1bf2-60d1-4f97-9124-4f7c53978c78 > @excalidraw/excalidraw > radix-ui > @radix-ui/react-menubar@1.1.16" has unmet peer dependency "react@^16.8 || ^17.0 || ^18.0 || ^19.0 || ^19.0.0-rc".
warning "workspace-aggregator-fd7e1bf2-60d1-4f97-9124-4f7c53978c78 > @excalidraw/excalidraw > radix-ui > @radix-ui/react-menubar@1.1.16" has unmet peer dependency "react-dom@^16.8 || ^17.0 || ^18.0 || ^19.0 || ^19.0.0-rc".
warning "workspace-aggregator-fd7e1bf2-60d1-4f97-9124-4f7c53978c78 > @excalidraw/excalidraw > radix-ui > @radix-ui/react-navigation-menu@1.2.14" has unmet peer dependency "react@^16.8 || ^17.0 || ^18.0 || ^19.0 || ^19.0.0-rc".
warning "workspace-aggregator-fd7e1bf2-60d1-4f97-9124-4f7c53978c78 > @excalidraw/excalidraw > radix-ui > @radix-ui/react-navigation-menu@1.2.14" has unmet peer dependency "react-dom@^16.8 || ^17.0 || ^18.0 || ^19.0 || ^19.0.0-rc".
warning "workspace-aggregator-fd7e1bf2-60d1-4f97-9124-4f7c53978c78 > @excalidraw/excalidraw > radix-ui > @radix-ui/react-one-time-password-field@0.1.8" has unmet peer dependency "react@^16.8 || ^17.0 || ^18.0 || ^19.0 || ^19.0.0-rc".
warning "workspace-aggregator-fd7e1bf2-60d1-4f97-9124-4f7c53978c78 > @excalidraw/excalidraw > radix-ui > @radix-ui/react-one-time-password-field@0.1.8" has unmet peer dependency "react-dom@^16.8 || ^17.0 || ^18.0 || ^19.0 || ^19.0.0-rc".
warning "workspace-aggregator-fd7e1bf2-60d1-4f97-9124-4f7c53978c78 > @excalidraw/excalidraw > radix-ui > @radix-ui/react-password-toggle-field@0.1.3" has unmet peer dependency "react@^16.8 || ^17.0 || ^18.0 || ^19.0 || ^19.0.0-rc".
warning "workspace-aggregator-fd7e1bf2-60d1-4f97-9124-4f7c53978c78 > @excalidraw/excalidraw > radix-ui > @radix-ui/react-password-toggle-field@0.1.3" has unmet peer dependency "react-dom@^16.8 || ^17.0 || ^18.0 || ^19.0 || ^19.0.0-rc".
warning "workspace-aggregator-fd7e1bf2-60d1-4f97-9124-4f7c53978c78 > @excalidraw/excalidraw > radix-ui > @radix-ui/react-popover@1.1.15" has unmet peer dependency "react@^16.8 || ^17.0 || ^18.0 || ^19.0 || ^19.0.0-rc".
warning "workspace-aggregator-fd7e1bf2-60d1-4f97-9124-4f7c53978c78 > @excalidraw/excalidraw > radix-ui > @radix-ui/react-popover@1.1.15" has unmet peer dependency "react-dom@^16.8 || ^17.0 || ^18.0 || ^19.0 || ^19.0.0-rc".
warning "workspace-aggregator-fd7e1bf2-60d1-4f97-9124-4f7c53978c78 > @excalidraw/excalidraw > radix-ui > @radix-ui/react-popper@1.2.8" has unmet peer dependency "react@^16.8 || ^17.0 || ^18.0 || ^19.0 || ^19.0.0-rc".
warning "workspace-aggregator-fd7e1bf2-60d1-4f97-9124-4f7c53978c78 > @excalidraw/excalidraw > radix-ui > @radix-ui/react-popper@1.2.8" has unmet peer dependency "react-dom@^16.8 || ^17.0 || ^18.0 || ^19.0 || ^19.0.0-rc".
warning "workspace-aggregator-fd7e1bf2-60d1-4f97-9124-4f7c53978c78 > @excalidraw/excalidraw > radix-ui > @radix-ui/react-portal@1.1.9" has unmet peer dependency "react@^16.8 || ^17.0 || ^18.0 || ^19.0 || ^19.0.0-rc".
warning "workspace-aggregator-fd7e1bf2-60d1-4f97-9124-4f7c53978c78 > @excalidraw/excalidraw > radix-ui > @radix-ui/react-portal@1.1.9" has unmet peer dependency "react-dom@^16.8 || ^17.0 || ^18.0 || ^19.0 || ^19.0.0-rc".
warning "workspace-aggregator-fd7e1bf2-60d1-4f97-9124-4f7c53978c78 > @excalidraw/excalidraw > radix-ui > @radix-ui/react-presence@1.1.5" has unmet peer dependency "react@^16.8 || ^17.0 || ^18.0 || ^19.0 || ^19.0.0-rc".
warning "workspace-aggregator-fd7e1bf2-60d1-4f97-9124-4f7c53978c78 > @excalidraw/excalidraw > radix-ui > @radix-ui/react-presence@1.1.5" has unmet peer dependency "react-dom@^16.8 || ^17.0 || ^18.0 || ^19.0 || ^19.0.0-rc".
warning "workspace-aggregator-fd7e1bf2-60d1-4f97-9124-4f7c53978c78 > @excalidraw/excalidraw > radix-ui > @radix-ui/react-primitive@2.1.3" has unmet peer dependency "react@^16.8 || ^17.0 || ^18.0 || ^19.0 || ^19.0.0-rc".
warning "workspace-aggregator-fd7e1bf2-60d1-4f97-9124-4f7c53978c78 > @excalidraw/excalidraw > radix-ui > @radix-ui/react-primitive@2.1.3" has unmet peer dependency "react-dom@^16.8 || ^17.0 || ^18.0 || ^19.0 || ^19.0.0-rc".
warning "workspace-aggregator-fd7e1bf2-60d1-4f97-9124-4f7c53978c78 > @excalidraw/excalidraw > radix-ui > @radix-ui/react-progress@1.1.7" has unmet peer dependency "react@^16.8 || ^17.0 || ^18.0 || ^19.0 || ^19.0.0-rc".
warning "workspace-aggregator-fd7e1bf2-60d1-4f97-9124-4f7c53978c78 > @excalidraw/excalidraw > radix-ui > @radix-ui/react-progress@1.1.7" has unmet peer dependency "react-dom@^16.8 || ^17.0 || ^18.0 || ^19.0 || ^19.0.0-rc".
warning "workspace-aggregator-fd7e1bf2-60d1-4f97-9124-4f7c53978c78 > @excalidraw/excalidraw > radix-ui > @radix-ui/react-radio-group@1.3.8" has unmet peer dependency "react@^16.8 || ^17.0 || ^18.0 || ^19.0 || ^19.0.0-rc".
warning "workspace-aggregator-fd7e1bf2-60d1-4f97-9124-4f7c53978c78 > @excalidraw/excalidraw > radix-ui > @radix-ui/react-radio-group@1.3.8" has unmet peer dependency "react-dom@^16.8 || ^17.0 || ^18.0 || ^19.0 || ^19.0.0-rc".
warning "workspace-aggregator-fd7e1bf2-60d1-4f97-9124-4f7c53978c78 > @excalidraw/excalidraw > radix-ui > @radix-ui/react-roving-focus@1.1.11" has unmet peer dependency "react@^16.8 || ^17.0 || ^18.0 || ^19.0 || ^19.0.0-rc".
warning "workspace-aggregator-fd7e1bf2-60d1-4f97-9124-4f7c53978c78 > @excalidraw/excalidraw > radix-ui > @radix-ui/react-roving-focus@1.1.11" has unmet peer dependency "react-dom@^16.8 || ^17.0 || ^18.0 || ^19.0 || ^19.0.0-rc".
warning "workspace-aggregator-fd7e1bf2-60d1-4f97-9124-4f7c53978c78 > @excalidraw/excalidraw > radix-ui > @radix-ui/react-scroll-area@1.2.10" has unmet peer dependency "react@^16.8 || ^17.0 || ^18.0 || ^19.0 || ^19.0.0-rc".
warning "workspace-aggregator-fd7e1bf2-60d1-4f97-9124-4f7c53978c78 > @excalidraw/excalidraw > radix-ui > @radix-ui/react-scroll-area@1.2.10" has unmet peer dependency "react-dom@^16.8 || ^17.0 || ^18.0 || ^19.0 || ^19.0.0-rc".
warning "workspace-aggregator-fd7e1bf2-60d1-4f97-9124-4f7c53978c78 > @excalidraw/excalidraw > radix-ui > @radix-ui/react-select@2.2.6" has unmet peer dependency "react@^16.8 || ^17.0 || ^18.0 || ^19.0 || ^19.0.0-rc".
warning "workspace-aggregator-fd7e1bf2-60d1-4f97-9124-4f7c53978c78 > @excalidraw/excalidraw > radix-ui > @radix-ui/react-select@2.2.6" has unmet peer dependency "react-dom@^16.8 || ^17.0 || ^18.0 || ^19.0 || ^19.0.0-rc".
warning "workspace-aggregator-fd7e1bf2-60d1-4f97-9124-4f7c53978c78 > @excalidraw/excalidraw > radix-ui > @radix-ui/react-separator@1.1.7" has unmet peer dependency "react@^16.8 || ^17.0 || ^18.0 || ^19.0 || ^19.0.0-rc".
warning "workspace-aggregator-fd7e1bf2-60d1-4f97-9124-4f7c53978c78 > @excalidraw/excalidraw > radix-ui > @radix-ui/react-separator@1.1.7" has unmet peer dependency "react-dom@^16.8 || ^17.0 || ^18.0 || ^19.0 || ^19.0.0-rc".
warning "workspace-aggregator-fd7e1bf2-60d1-4f97-9124-4f7c53978c78 > @excalidraw/excalidraw > radix-ui > @radix-ui/react-slider@1.3.6" has unmet peer dependency "react@^16.8 || ^17.0 || ^18.0 || ^19.0 || ^19.0.0-rc".
warning "workspace-aggregator-fd7e1bf2-60d1-4f97-9124-4f7c53978c78 > @excalidraw/excalidraw > radix-ui > @radix-ui/react-slider@1.3.6" has unmet peer dependency "react-dom@^16.8 || ^17.0 || ^18.0 || ^19.0 || ^19.0.0-rc".
warning "workspace-aggregator-fd7e1bf2-60d1-4f97-9124-4f7c53978c78 > @excalidraw/excalidraw > radix-ui > @radix-ui/react-slot@1.2.3" has unmet peer dependency "react@^16.8 || ^17.0 || ^18.0 || ^19.0 || ^19.0.0-rc".
warning "workspace-aggregator-fd7e1bf2-60d1-4f97-9124-4f7c53978c78 > @excalidraw/excalidraw > radix-ui > @radix-ui/react-switch@1.2.6" has unmet peer dependency "react@^16.8 || ^17.0 || ^18.0 || ^19.0 || ^19.0.0-rc".
warning "workspace-aggregator-fd7e1bf2-60d1-4f97-9124-4f7c53978c78 > @excalidraw/excalidraw > radix-ui > @radix-ui/react-switch@1.2.6" has unmet peer dependency "react-dom@^16.8 || ^17.0 || ^18.0 || ^19.0 || ^19.0.0-rc".
warning "workspace-aggregator-fd7e1bf2-60d1-4f97-9124-4f7c53978c78 > @excalidraw/excalidraw > radix-ui > @radix-ui/react-tabs@1.1.13" has unmet peer dependency "react@^16.8 || ^17.0 || ^18.0 || ^19.0 || ^19.0.0-rc".
warning "workspace-aggregator-fd7e1bf2-60d1-4f97-9124-4f7c53978c78 > @excalidraw/excalidraw > radix-ui > @radix-ui/react-tabs@1.1.13" has unmet peer dependency "react-dom@^16.8 || ^17.0 || ^18.0 || ^19.0 || ^19.0.0-rc".
warning "workspace-aggregator-fd7e1bf2-60d1-4f97-9124-4f7c53978c78 > @excalidraw/excalidraw > radix-ui > @radix-ui/react-toast@1.2.15" has unmet peer dependency "react@^16.8 || ^17.0 || ^18.0 || ^19.0 || ^19.0.0-rc".
warning "workspace-aggregator-fd7e1bf2-60d1-4f97-9124-4f7c53978c78 > @excalidraw/excalidraw > radix-ui > @radix-ui/react-toast@1.2.15" has unmet peer dependency "react-dom@^16.8 || ^17.0 || ^18.0 || ^19.0 || ^19.0.0-rc".
warning "workspace-aggregator-fd7e1bf2-60d1-4f97-9124-4f7c53978c78 > @excalidraw/excalidraw > radix-ui > @radix-ui/react-toggle@1.1.10" has unmet peer dependency "react@^16.8 || ^17.0 || ^18.0 || ^19.0 || ^19.0.0-rc".
warning "workspace-aggregator-fd7e1bf2-60d1-4f97-9124-4f7c53978c78 > @excalidraw/excalidraw > radix-ui > @radix-ui/react-toggle@1.1.10" has unmet peer dependency "react-dom@^16.8 || ^17.0 || ^18.0 || ^19.0 || ^19.0.0-rc".
warning "workspace-aggregator-fd7e1bf2-60d1-4f97-9124-4f7c53978c78 > @excalidraw/excalidraw > radix-ui > @radix-ui/react-toggle-group@1.1.11" has unmet peer dependency "react@^16.8 || ^17.0 || ^18.0 || ^19.0 || ^19.0.0-rc".
warning "workspace-aggregator-fd7e1bf2-60d1-4f97-9124-4f7c53978c78 > @excalidraw/excalidraw > radix-ui > @radix-ui/react-toggle-group@1.1.11" has unmet peer dependency "react-dom@^16.8 || ^17.0 || ^18.0 || ^19.0 || ^19.0.0-rc".
warning "workspace-aggregator-fd7e1bf2-60d1-4f97-9124-4f7c53978c78 > @excalidraw/excalidraw > radix-ui > @radix-ui/react-toolbar@1.1.11" has unmet peer dependency "react@^16.8 || ^17.0 || ^18.0 || ^19.0 || ^19.0.0-rc".
warning "workspace-aggregator-fd7e1bf2-60d1-4f97-9124-4f7c53978c78 > @excalidraw/excalidraw > radix-ui > @radix-ui/react-toolbar@1.1.11" has unmet peer dependency "react-dom@^16.8 || ^17.0 || ^18.0 || ^19.0 || ^19.0.0-rc".
warning "workspace-aggregator-fd7e1bf2-60d1-4f97-9124-4f7c53978c78 > @excalidraw/excalidraw > radix-ui > @radix-ui/react-tooltip@1.2.8" has unmet peer dependency "react@^16.8 || ^17.0 || ^18.0 || ^19.0 || ^19.0.0-rc".
warning "workspace-aggregator-fd7e1bf2-60d1-4f97-9124-4f7c53978c78 > @excalidraw/excalidraw > radix-ui > @radix-ui/react-tooltip@1.2.8" has unmet peer dependency "react-dom@^16.8 || ^17.0 || ^18.0 || ^19.0 || ^19.0.0-rc".
warning "workspace-aggregator-fd7e1bf2-60d1-4f97-9124-4f7c53978c78 > @excalidraw/excalidraw > radix-ui > @radix-ui/react-use-callback-ref@1.1.1" has unmet peer dependency "react@^16.8 || ^17.0 || ^18.0 || ^19.0 || ^19.0.0-rc".
warning "workspace-aggregator-fd7e1bf2-60d1-4f97-9124-4f7c53978c78 > @excalidraw/excalidraw > radix-ui > @radix-ui/react-use-controllable-state@1.2.2" has unmet peer dependency "react@^16.8 || ^17.0 || ^18.0 || ^19.0 || ^19.0.0-rc".
warning "workspace-aggregator-fd7e1bf2-60d1-4f97-9124-4f7c53978c78 > @excalidraw/excalidraw > radix-ui > @radix-ui/react-use-effect-event@0.0.2" has unmet peer dependency "react@^16.8 || ^17.0 || ^18.0 || ^19.0 || ^19.0.0-rc".
warning "workspace-aggregator-fd7e1bf2-60d1-4f97-9124-4f7c53978c78 > @excalidraw/excalidraw > radix-ui > @radix-ui/react-use-escape-keydown@1.1.1" has unmet peer dependency "react@^16.8 || ^17.0 || ^18.0 || ^19.0 || ^19.0.0-rc".
warning "workspace-aggregator-fd7e1bf2-60d1-4f97-9124-4f7c53978c78 > @excalidraw/excalidraw > radix-ui > @radix-ui/react-use-is-hydrated@0.1.0" has unmet peer dependency "react@^16.8 || ^17.0 || ^18.0 || ^19.0 || ^19.0.0-rc".
warning "workspace-aggregator-fd7e1bf2-60d1-4f97-9124-4f7c53978c78 > @excalidraw/excalidraw > radix-ui > @radix-ui/react-use-layout-effect@1.1.1" has unmet peer dependency "react@^16.8 || ^17.0 || ^18.0 || ^19.0 || ^19.0.0-rc".
warning "workspace-aggregator-fd7e1bf2-60d1-4f97-9124-4f7c53978c78 > @excalidraw/excalidraw > radix-ui > @radix-ui/react-use-size@1.1.1" has unmet peer dependency "react@^16.8 || ^17.0 || ^18.0 || ^19.0 || ^19.0.0-rc".
warning "workspace-aggregator-fd7e1bf2-60d1-4f97-9124-4f7c53978c78 > @excalidraw/excalidraw > radix-ui > @radix-ui/react-visually-hidden@1.2.3" has unmet peer dependency "react@^16.8 || ^17.0 || ^18.0 || ^19.0 || ^19.0.0-rc".
warning "workspace-aggregator-fd7e1bf2-60d1-4f97-9124-4f7c53978c78 > @excalidraw/excalidraw > radix-ui > @radix-ui/react-visually-hidden@1.2.3" has unmet peer dependency "react-dom@^16.8 || ^17.0 || ^18.0 || ^19.0 || ^19.0.0-rc".
warning "workspace-aggregator-fd7e1bf2-60d1-4f97-9124-4f7c53978c78 > @excalidraw/excalidraw > radix-ui > @radix-ui/react-accordion > @radix-ui/react-id@1.1.1" has unmet peer dependency "react@^16.8 || ^17.0 || ^18.0 || ^19.0 || ^19.0.0-rc".
warning "workspace-aggregator-fd7e1bf2-60d1-4f97-9124-4f7c53978c78 > @excalidraw/excalidraw > radix-ui > @radix-ui/react-checkbox > @radix-ui/react-use-previous@1.1.1" has unmet peer dependency "react@^16.8 || ^17.0 || ^18.0 || ^19.0 || ^19.0.0-rc".
warning "workspace-aggregator-fd7e1bf2-60d1-4f97-9124-4f7c53978c78 > @excalidraw/excalidraw > radix-ui > @radix-ui/react-dialog > react-remove-scroll@2.6.3" has unmet peer dependency "react@^16.8.0 || ^17.0.0 || ^18.0.0 || ^19.0.0 || ^19.0.0-rc".
warning "workspace-aggregator-fd7e1bf2-60d1-4f97-9124-4f7c53978c78 > @excalidraw/excalidraw > radix-ui > @radix-ui/react-popper > @floating-ui/react-dom@2.1.2" has unmet peer dependency "react@>=16.8.0".
warning "workspace-aggregator-fd7e1bf2-60d1-4f97-9124-4f7c53978c78 > @excalidraw/excalidraw > radix-ui > @radix-ui/react-popper > @floating-ui/react-dom@2.1.2" has unmet peer dependency "react-dom@>=16.8.0".
warning "workspace-aggregator-fd7e1bf2-60d1-4f97-9124-4f7c53978c78 > @excalidraw/excalidraw > radix-ui > @radix-ui/react-popper > @radix-ui/react-use-rect@1.1.1" has unmet peer dependency "react@^16.8 || ^17.0 || ^18.0 || ^19.0 || ^19.0.0-rc".
warning "workspace-aggregator-fd7e1bf2-60d1-4f97-9124-4f7c53978c78 > @excalidraw/excalidraw > radix-ui > @radix-ui/react-use-is-hydrated > use-sync-external-store@1.6.0" has unmet peer dependency "react@^16.8.0 || ^17.0.0 || ^18.0.0 || ^19.0.0".
warning "workspace-aggregator-fd7e1bf2-60d1-4f97-9124-4f7c53978c78 > @excalidraw/excalidraw > tunnel-rat > zustand > use-sync-external-store@1.4.0" has unmet peer dependency "react@^16.8.0 || ^17.0.0 || ^18.0.0 || ^19.0.0".
warning "workspace-aggregator-fd7e1bf2-60d1-4f97-9124-4f7c53978c78 > @excalidraw/excalidraw > radix-ui > @radix-ui/react-dialog > react-remove-scroll > react-remove-scroll-bar@2.3.8" has unmet peer dependency "react@^16.8.0 || ^17.0.0 || ^18.0.0 || ^19.0.0".
warning "workspace-aggregator-fd7e1bf2-60d1-4f97-9124-4f7c53978c78 > @excalidraw/excalidraw > radix-ui > @radix-ui/react-dialog > react-remove-scroll > react-style-singleton@2.2.3" has unmet peer dependency "react@^16.8.0 || ^17.0.0 || ^18.0.0 || ^19.0.0 || ^19.0.0-rc".
warning "workspace-aggregator-fd7e1bf2-60d1-4f97-9124-4f7c53978c78 > @excalidraw/excalidraw > radix-ui > @radix-ui/react-dialog > react-remove-scroll > use-callback-ref@1.3.3" has unmet peer dependency "react@^16.8.0 || ^17.0.0 || ^18.0.0 || ^19.0.0 || ^19.0.0-rc".
warning "workspace-aggregator-fd7e1bf2-60d1-4f97-9124-4f7c53978c78 > @excalidraw/excalidraw > radix-ui > @radix-ui/react-dialog > react-remove-scroll > use-sidecar@1.1.3" has unmet peer dependency "react@^16.8.0 || ^17.0.0 || ^18.0.0 || ^19.0.0 || ^19.0.0-rc".
[5/5] Building fresh packages...
$ husky install
husky - Git hooks installed
Done in 47.97s.
