[36mvite v8.3.0 [32mbuilding client environment for production...[36m[39m
transforming...
DEPRECATION WARNING [import]: Sass @import rules are deprecated and will be removed in Dart Sass 3.0.0.

More info and automated migrator: https://sass-lang.com/d/import

  ╷
1 │ @import "../packages/excalidraw/css/variables.module.scss";
  │         ^^^^^^^^^^^^^^^^^^^^^^^^^^^^^^^^^^^^^^^^^^^^^^^^^^
  ╵
    excalidraw-app/index.scss 1:9  root stylesheet

DEPRECATION WARNING [import]: Sass @import rules are deprecated and will be removed in Dart Sass 3.0.0.

More info and automated migrator: https://sass-lang.com/d/import

  ╷
1 │ @import "../../packages/excalidraw/css/variables.module.scss";
  │         ^^^^^^^^^^^^^^^^^^^^^^^^^^^^^^^^^^^^^^^^^^^^^^^^^^^^^
  ╵
    excalidraw-app/collab/CollabError.scss 1:9  root stylesheet

DEPRECATION WARNING [import]: Sass @import rules are deprecated and will be removed in Dart Sass 3.0.0.

More info and automated migrator: https://sass-lang.com/d/import

  ╷
1 │ @import "../../packages/excalidraw/css/variables.module.scss";
  │         ^^^^^^^^^^^^^^^^^^^^^^^^^^^^^^^^^^^^^^^^^^^^^^^^^^^^^
  ╵
    excalidraw-app/share/ShareDialog.scss 1:9  root stylesheet

✓ 3012 modules transformed.
rendering chunks...
computing gzip size...
dist/assets/Excalifont-Regular-623ccf21b21ef6b3a0d87738f77eb071-BSZ9eoGa.woff2                  0.82 kB
dist/assets/ComicShanns-Regular-6e066e8de2ac57ea9283adb9c24d7f0c-D_sWL0Pm.woff2                 1.29 kB
dist/assets/Lilita-Regular-i7dPIFZ9Zz-WBtRtedDbYE98RXi4EwSsbg-fbjMpCcf.woff2                    1.41 kB
dist/benchmark-index.html                                                                       1.93 kB │ gzip:   0.67 kB
dist/assets/Excalifont-Regular-3f2c5db56cc93c5a6873b1361d730c16-DXqmZB_P.woff2                  2.10 kB
dist/assets/Excalifont-Regular-349fac6ca4700ffec595a7150a0d1e1d-CrYucEVm.woff2                  2.65 kB
dist/assets/ComicShanns-Regular-dc6a8806fa96795d7b3be5026f989a17-CmevDvz9.woff2                 2.81 kB
dist/assets/Nunito-Regular-XRXI3I6Li01BKofiOc5wtlZ2di8HDIkhdTs3j6zbXWjgevT5-CfZcgVQK.woff2      6.11 kB
dist/assets/Nunito-Regular-XRXI3I6Li01BKofiOc5wtlZ2di8HDIkhdTA3j6zbXWjgevT5-DtnD0cqV.woff2      8.39 kB
dist/assets/Excalifont-Regular-41b173a47b57366892116a575a43e2b6-BJAJQqlB.woff2                  8.71 kB
dist/assets/ComicShanns-Regular-fcb0fc02dcbee4c9846b3e2508668039-DoNRqlby.woff2                 9.85 kB
dist/assets/Lilita-Regular-i7dPIFZ9Zz-WBtRtedDbYEF8RXi4EwQ-CiZ7RRtu.woff2                      10.67 kB
dist/assets/Nunito-Regular-XRXI3I6Li01BKofiOc5wtlZ2di8HDIkhdTk3j6zbXWjgevT5-Bp3i2Kq-.woff2     11.10 kB
dist/assets/Excalifont-Regular-be310b9bcd4f1a43f571c46df7809174-CwOnC3Ii.woff2                 12.22 kB
dist/assets/Excalifont-Regular-b9dcf9d2e50a1eaf42fc664b50a3fd0d-C6QjyRMU.woff2                 13.29 kB
dist/assets/Nunito-Regular-XRXI3I6Li01BKofiOc5wtlZ2di8HDIkhdTo3j6zbXWjgevT5-DZNkti8-.woff2     15.47 kB
dist/assets/Nunito-Regular-XRXI3I6Li01BKofiOc5wtlZ2di8HDIkhdTQ3j6zbXWjgeg-DqUjjPte.woff2       16.47 kB
dist/assets/Xiaolai-Regular-7eb9fffd1aa890d07d0f88cc82e6cfe4-C3Av6KgO.woff2                    17.25 kB
dist/assets/ComicShanns-Regular-279a7b317d12eb88de06167bd672b4b4-Df2h9s-i.woff2                17.48 kB
dist/assets/Assistant-SemiBold-SCI4bEL9.woff2                                                  20.21 kB
dist/assets/Assistant-Regular-DVxZuzxb.woff2                                                   20.23 kB
dist/assets/Assistant-Medium-DrcxCXg3.woff2                                                    20.32 kB
dist/assets/Assistant-Bold-gm-uSS1B.woff2                                                      20.38 kB
dist/assets/Excalifont-Regular-a88b72a24fb54c9f94e3b5fdaa7481c9-DBEDukyo.woff2                 24.95 kB
dist/assets/Xiaolai-Regular-59e9ff77b0efaf684bc09274fb6908c9-lS7CMV6S.woff2                    26.05 kB
dist/assets/Xiaolai-Regular-145aa02cdd91946e67dc934e1acffe75-DCSMho3r.woff2                    37.41 kB
dist/assets/Xiaolai-Regular-c4a687ac4f0c2766eefc9f77ed99cddf-DuPL2stk.woff2                    38.41 kB
dist/assets/Xiaolai-Regular-ec181b795ac1fb5a50d700b6e996d745-DP6VjqFu.woff2                    39.51 kB
dist/assets/Xiaolai-Regular-cfb211578629b7e8153b37240de6a9d5-B19K-Mti.woff2                    44.46 kB
dist/assets/Xiaolai-Regular-2b7441d46298788ac94e610ffcc709b6-DRo87U0f.woff2                    46.54 kB
dist/assets/Xiaolai-Regular-f8ee5d36068a42b51d0e4a1116cfcec1-B9Fb-jqT.woff2                    47.27 kB
dist/assets/Xiaolai-Regular-74e2263a91439c25b91d5132ce9f4d62-DDSUx7zl.woff2                    47.54 kB
dist/assets/Xiaolai-Regular-b7d203b051eff504ff59ddca7576b6a9-DPl0t9Ky.woff2                    48.14 kB
dist/assets/Xiaolai-Regular-79d494361ae093b69e74ee9dbe65bfd4-aR6GxXbw.woff2                    48.73 kB
dist/assets/Xiaolai-Regular-739bc1a567439c7cffcd1614644593d2-BlCjFBco.woff2                    49.49 kB
dist/assets/Xiaolai-Regular-08e0dc436ad0ad61ba5558db0674d762-CU9-FjM2.woff2                    49.73 kB
dist/assets/Xiaolai-Regular-72252d73220fa3cd856677888cee1635-Bq-N2WPs.woff2                    49.97 kB
dist/assets/Xiaolai-Regular-9d81066dd2b337c938df6e90380a00dc-DLRmjQlt.woff2                    50.16 kB
dist/assets/Xiaolai-Regular-5a1ce3117cfe90c48e8fb4a9a00f694d-DI9unF3q.woff2                    50.22 kB
dist/assets/Xiaolai-Regular-dac48066b5883d8b4551fc584f0c2a3e-cH5j5HvW.woff2                    50.23 kB
dist/assets/Xiaolai-Regular-8d3bcabb847b56243b16afe62adaaf21-CrzFs4NG.woff2                    50.35 kB
dist/assets/Xiaolai-Regular-cf6ff4e0f491ca0cf3038187a997b9b4-BxJd8aoS.woff2                    50.60 kB
dist/assets/Xiaolai-Regular-0facdf1ea213ba40261022f5d5ed4493-A3C5LsMs.woff2                    50.66 kB
dist/assets/Xiaolai-Regular-4806e761d750087c2d734fc64596eaff-B2q7cCEy.woff2                    50.70 kB
dist/assets/Xiaolai-Regular-450da755d5bcb70906e1295e559b9602-BE-fZWpf.woff2                    51.33 kB
dist/assets/Xiaolai-Regular-cdbce89e82cc1ab53a2decbf5819278f-CNN_ffhm.woff2                    51.42 kB
dist/assets/Xiaolai-Regular-9592bfc861f07bcb8d75c196b370e548-BBE7nH6u.woff2                    51.57 kB
dist/assets/Xiaolai-Regular-3756e81d3e149cf6099163ee79944fec-Bbj-MfTu.woff2                    51.59 kB
dist/assets/Xiaolai-Regular-1ee544f0f1dac422545c505baa788992-NU09-aQM.woff2                    51.72 kB
dist/assets/Xiaolai-Regular-2b77e8ebfb2367ab2662396a60e7d320-cUCgsOXo.woff2                    52.49 kB
dist/assets/Xiaolai-Regular-733171b4ffcd17ea1fe1c0ba627173bf-Cn6MTdmv.woff2                    52.59 kB
dist/assets/Xiaolai-Regular-938d90c10ff8c20386af7f242c05d6b0-6YCEBCbg.woff2                    52.63 kB
dist/assets/Xiaolai-Regular-a1f916d6039285c4ffb900cd654e418f-DUW-gGcA.woff2                    52.88 kB
dist/assets/Xiaolai-Regular-15dc6d811c9cd078f9086a740d5a1038-DoCPLXur.woff2                    53.16 kB
dist/assets/Xiaolai-Regular-33432927cd87d40cfe393c7482bf221f-D1eSACaa.woff2                    53.21 kB
dist/assets/Xiaolai-Regular-670ba603758d94268e8606f240a42e12-CHg9Oajp.woff2                    53.52 kB
dist/assets/Xiaolai-Regular-e656f091b9dc4709722c9f4b84d3c797-C9ZtrMvP.woff2                    53.56 kB
dist/assets/Xiaolai-Regular-0b5d723fdc4e249c140f0909e87d03b4-D_L8Pv09.woff2                    53.67 kB
dist/assets/Xiaolai-Regular-0986d134c05864f5025962eef9f994a0-wPOiKfkA.woff2                    53.76 kB
dist/assets/Xiaolai-Regular-353f33792a8f60dc69323ddf635a269e-LFRkdvBZ.woff2                    54.16 kB
dist/assets/Xiaolai-Regular-7ccce86603f80a099ddb0cb21d4ae3e3-DYT8zuBS.woff2                    54.43 kB
dist/assets/Xiaolai-Regular-be549ab72f0719d606a5c01e2c0219b6-Bl31pZPo.woff2                    54.43 kB
dist/assets/Xiaolai-Regular-dbea1af6dcd9860be40c3d18254338f5-DaxMnA87.woff2                    54.47 kB
dist/assets/Xiaolai-Regular-642b26e2e5f5fb780b51b593dbc8c851-aDynz8WJ.woff2                    54.54 kB
dist/assets/Xiaolai-Regular-5330a2119a716e4e7224ed108b085dac-DLHuUpCJ.woff2                    54.60 kB
dist/assets/Xiaolai-Regular-3717077e38f98d89eae729b6c14e56dc-Cl5hf5Gu.woff2                    54.62 kB
dist/assets/Xiaolai-Regular-7a07ddc0f0c0f5f4a9bad6ee3dda66b5-muaIVjGr.woff2                    54.71 kB
dist/assets/Xiaolai-Regular-9cfb2a77a4e45025105ad29a1748b90d-Qv9a4Fc8.woff2                    54.72 kB
dist/assets/Xiaolai-Regular-23f228f3999c01983860012330e4be08-Dp04nUAL.woff2                    54.73 kB
dist/assets/Xiaolai-Regular-7718fe60986d8b42b1be9c5ace5ccf25-DX1GSUc5.woff2                    54.87 kB
dist/assets/Xiaolai-Regular-aa5c9ca6cf4fba00433b7aa3fa10671a-Bj5H4-IL.woff2                    54.89 kB
dist/assets/Xiaolai-Regular-968cffdc8ee679da094e77ebf50f58ef-DphJr-Hf.woff2                    54.95 kB
dist/assets/Xiaolai-Regular-9544732d2e62d1a429674f8ee41b5d3a-BaDZtDqe.woff2                    55.04 kB
dist/assets/Xiaolai-Regular-06c77b8c66e51ed6c63ccb502dd8b8af-1FyG5Ivq.woff2                    55.10 kB
dist/assets/Xiaolai-Regular-f2b54d4e7be0eaefe1c2c56836fa5368-CSLTOWqO.woff2                    55.18 kB
dist/assets/Xiaolai-Regular-54acdfc2166ad7fcbd074f75fd4a56ba-BXjFfWgz.woff2                    55.29 kB
dist/assets/Xiaolai-Regular-6fe5c5973cc06f74b2387a631ea36b88-D4XbZvS1.woff2                    55.69 kB
dist/assets/Xiaolai-Regular-093b9ef39a46ceae95a1df18a0a3a326-Dz38OfKx.woff2                    55.71 kB
dist/assets/Xiaolai-Regular-e5f453bb04da18eed01675eeebd88bf8-Dd7gBkJd.woff2                    55.83 kB
dist/assets/Xiaolai-Regular-cd145ce4a0ea18469358df53c207bc1b-B_Gy08DW.woff2                    55.96 kB
dist/assets/Xiaolai-Regular-ac9ceb44437becc3e9c4dbfebab7fc2d-CHo95gRn.woff2                    55.98 kB
dist/assets/Xiaolai-Regular-1fdc0c67ed57263a80fd108c1f6ccf24-DoICQ1xS.woff2                    56.00 kB
dist/assets/Xiaolai-Regular-13ae07ed2e272d26d59bc0691cd7117a-DyG0IaBy.woff2                    56.14 kB
dist/assets/Virgil-Regular-hO16qHwV.woff2                                                      56.15 kB
dist/assets/Xiaolai-Regular-7ab2bed91166a9dca83a5ebfbe2a7f38-CqBj-Qda.woff2                    56.22 kB
dist/assets/Xiaolai-Regular-91ddb2969bf2d31ba02ad82998d1314c-Bqis6-fO.woff2                    56.27 kB
dist/assets/Xiaolai-Regular-99a16ef6a64934d5781933dbd9c46b2e-Bh6otvMw.woff2                    56.29 kB
dist/assets/Xiaolai-Regular-5d2898fbc097a7e24c6f38d80587621e-NT0paPap.woff2                    56.34 kB
dist/assets/Xiaolai-Regular-e11567fd2accf9957cd0d3c2be937d87-C8FP60-W.woff2                    56.44 kB
dist/assets/Xiaolai-Regular-6f3256af8454371776bc46670d33cc65-Dvbx_4Bw.woff2                    56.50 kB
dist/assets/Xiaolai-Regular-aa0d470430e6391eca720c7cfa44446f-D6T8ixw4.woff2                    56.53 kB
dist/assets/Xiaolai-Regular-4f50e5136e136527280bc902c5817561-99JNeEWV.woff2                    56.57 kB
dist/assets/Xiaolai-Regular-21430ee05a1248901da8d0de08744d47-Dlud8_SW.woff2                    56.65 kB
dist/assets/Xiaolai-Regular-c40533fdf4cc57177b12803598af7e59-D4Ealvhp.woff2                    56.69 kB
dist/assets/Xiaolai-Regular-87599f94b6cc129d505b375798d0d751-CDmW2qxZ.woff2                    56.75 kB
dist/assets/Xiaolai-Regular-c16ed9740b85badf16e86ea782a3062f-DXOGpILP.woff2                    56.80 kB
dist/assets/Xiaolai-Regular-d2666cbed13462c5dc36fa2f15c202ca-LVJkJYDK.woff2                    56.82 kB
dist/assets/Xiaolai-Regular-a0ca5df4258213d7fc9fce80f65ce760-CT6hW-Vs.woff2                    56.84 kB
dist/assets/Xiaolai-Regular-20cc1bbf50e7efb442756cb605672c1f-CBSpKsgx.woff2                    56.93 kB
dist/assets/Xiaolai-Regular-684d65f1793cac449dde5d59cb3c47fb-R45B_P5q.woff2                    56.99 kB
dist/assets/Xiaolai-Regular-5572b3513ba8df57a3d5d7303ee6b11b-DXLuSVir.woff2                    57.01 kB
dist/assets/Xiaolai-Regular-70e811fd7994e61f408c923de6ddd078-BBqqndEV.woff2                    57.02 kB
dist/assets/Xiaolai-Regular-12b52b58eb3df36804b9a654ec9ee194-wvU-ONA_.woff2                    57.15 kB
dist/assets/Xiaolai-Regular-761d05e3cd968cf574166867998ef06a-CZFfuY-d.woff2                    57.27 kB
dist/assets/Xiaolai-Regular-1e6fd68f1f3902ce48ce8c69df385622-DGzb6yKi.woff2                    57.38 kB
dist/assets/Xiaolai-Regular-cf2cc71752631e579e35b0e423bf2638-rw5kSffK.woff2                    57.42 kB
dist/assets/Xiaolai-Regular-774d4f764a1299da5d28ec2f2ffe0d69-DFvc_KBt.woff2                    57.50 kB
dist/assets/Xiaolai-Regular-56a32a7689abd0326e57c10c6c069bb4-DKLxWxQ9.woff2                    57.70 kB
dist/assets/Xiaolai-Regular-51502f1206be09c565f1547c406e9558-CPAuIUuC.woff2                    57.74 kB
dist/assets/Xiaolai-Regular-98f2ad84457de7f3740d9920b8fa8667-XAyjv85k.woff2                    57.78 kB
dist/assets/Xiaolai-Regular-3c9de2ae0ea4bc91a510942dfa4be8d2-pAEHE2sG.woff2                    58.04 kB
dist/assets/Xiaolai-Regular-2d43040e86ff03ba677f6f9c04cd0805-P1nHHNOe.woff2                    58.08 kB
dist/assets/Xiaolai-Regular-2adbc89c11e65905393d3dfc468b9d5b-CyGgH9ZL.woff2                    58.25 kB
dist/assets/Xiaolai-Regular-95429962233afd82db1c27df1500a28c-BOD8NMmf.woff2                    58.35 kB
dist/assets/Xiaolai-Regular-5a7fac4b8b23a6e4e5ba0c9bf1756c91-CjrL9S9S.woff2                    58.39 kB
dist/assets/Xiaolai-Regular-019d66dcad46dc156b162d267f981c20--ng5YhL1.woff2                    58.58 kB
dist/assets/Xiaolai-Regular-ba3de316d63c7e339987b16f41a0b879-BVZpoS1j.woff2                    58.72 kB
dist/assets/Xiaolai-Regular-f0f13b5c60e0af5553bd359f5513be1b-D5XEMqoO.woff2                    58.78 kB
dist/assets/Xiaolai-Regular-b1220a3c61f85cc0408deedb4c5f57a2-Cg5napYa.woff2                    58.92 kB
dist/assets/Xiaolai-Regular-e480d9c614742d05f0e78f274f1e69e6-BIMxIjlk.woff2                    58.96 kB
dist/assets/Xiaolai-Regular-58fd02350d0bc52cf1ca3bb32ce9766e-CSOGA1MS.woff2                    58.96 kB
dist/assets/Xiaolai-Regular-e2ead7ea7da0437f085f42ffc05f8d13-IVEFJWhf.woff2                    58.97 kB
dist/assets/Xiaolai-Regular-5b0ed6971aaab9c8ad563230bd5471a7-BwoEwHC3.woff2                    58.98 kB
dist/assets/Xiaolai-Regular-4a0fdb40036e87b40aa08dd30584cb85-DkU1vQUn.woff2                    59.27 kB
dist/assets/Xiaolai-Regular-e4bca6cfa53e499cae0a6be4894a90e9-3nXTr6rh.woff2                    59.35 kB
dist/assets/Xiaolai-Regular-7197d6fda6cba7c3874c53d6381ca239-DmV0suSY.woff2                    59.46 kB
dist/assets/Xiaolai-Regular-2cf96d082d35ea3d8106851223ad0d16-FhQpdGIu.woff2                    59.52 kB
dist/assets/Xiaolai-Regular-60a41c7e1c68f22424e6d22df544bc82-BoWJxPNW.woff2                    59.58 kB
dist/assets/Xiaolai-Regular-4bfaa8ffa64c5ee560aa2daba7c9cbd3-VO85AMZO.woff2                    59.83 kB
dist/assets/Xiaolai-Regular-544fc28abe2c5c30e62383fd4dac255f-BM5xhwXP.woff2                    59.88 kB
dist/assets/Xiaolai-Regular-7e929f262f30c8ee78bf398150b1a7cd-Df7H3giT.woff2                    59.98 kB
dist/assets/Xiaolai-Regular-b5c1596551c256e0e9cf02028595b092-xiki3FDZ.woff2                    60.13 kB
dist/assets/Xiaolai-Regular-e3fcf5180fd466c8915c4e8069491054-ByA6SUO_.woff2                    60.61 kB
dist/assets/Xiaolai-Regular-9eb5a99df4e76ac3363453ac9ca288b1-DmMSd5xT.woff2                    60.79 kB
dist/assets/Xiaolai-Regular-36925dfe329a45086cbb7fc5c20d45ac-B8ozVdIh.woff2                    60.89 kB
dist/assets/Xiaolai-Regular-112c051027b2d766c19a519f6ee1f4f7-BiGIv8Hz.woff2                    61.16 kB
dist/assets/Xiaolai-Regular-b6d128682ee29e471486354d486a1b90-DH244Txe.woff2                    61.37 kB
dist/assets/Xiaolai-Regular-603aefd23e350ba7eb124273e3c9bcf1-BYoHqIbm.woff2                    61.51 kB
dist/assets/Xiaolai-Regular-903bb6865f3452e2fda42e3a25547bc5-Bz4zUyIJ.woff2                    61.53 kB
dist/assets/Xiaolai-Regular-d3716376641d615e2995605b29bca7b6-DhZcpdHo.woff2                    61.63 kB
dist/assets/Xiaolai-Regular-ee8bae97908d5147b423f77ad0d3c1bb-BVUlCPsw.woff2                    61.72 kB
dist/assets/Xiaolai-Regular-73e309718fd16cea44b4d54a33581811-Bgi9wxzs.woff2                    61.80 kB
dist/assets/Xiaolai-Regular-c1f94158256bb1f3bf665b053d895af9-BXjTNLYa.woff2                    62.24 kB
dist/assets/Xiaolai-Regular-982b630266d87db93d2539affb1275c6-CFRzRvRC.woff2                    62.28 kB
dist/assets/Xiaolai-Regular-726303e0774b4e678bff8c2deb6ca603-6tgHIrFH.woff2                    62.37 kB
dist/assets/Xiaolai-Regular-56467a5c8840c4d23a60b2f935114848-B_Gij8P8.woff2                    62.45 kB
dist/assets/Xiaolai-Regular-4aca6a43e59aceee2166b0c7e4e85ef1-C01jEbNZ.woff2                    62.67 kB
dist/assets/Xiaolai-Regular-a365e82ed54697a52f27adcea1315fe8-BetXsMK2.woff2                    62.77 kB
dist/assets/Xiaolai-Regular-11c345711937f0ba4b8f7b6b919c8440-D_B67cIm.woff2                    62.79 kB
dist/assets/Xiaolai-Regular-0f626226ba1272e832aea87bafd9720e-_NF7pkOz.woff2                    62.82 kB
dist/assets/Xiaolai-Regular-24476a126f129212beb33f66853ea151-CDbhuij5.woff2                    62.84 kB
dist/assets/Xiaolai-Regular-a4c34be6d42152e64b0df90bc4607f64-dx_ow7yL.woff2                    62.91 kB
dist/assets/Xiaolai-Regular-c8b71798409ccc126ee264a00aadcf21-CqUaHeHR.woff2                    63.20 kB
dist/assets/Xiaolai-Regular-57862b464a55b18c7bf234ce22907d73-CTU7oQrI.woff2                    63.26 kB
dist/assets/Xiaolai-Regular-2a26d20a23b00898ce82f09d2ee47c3f-DPPTIdnV.woff2                    63.38 kB
dist/assets/Xiaolai-Regular-cbaaefaaf326668277aa24dfa93c4d28-BiJWP4PP.woff2                    63.46 kB
dist/assets/Xiaolai-Regular-70c2eb8d64e71a42a834eb857ea9df51-B8Q8dLrh.woff2                    63.52 kB
dist/assets/Xiaolai-Regular-069e77aac84590e2e991d0a0176d34f2-UpJa-tL5.woff2                    63.96 kB
dist/assets/Xiaolai-Regular-8c2f33cee3993174f7e87c28e4bf42ee-COlFQ_za.woff2                    64.16 kB
dist/assets/Xiaolai-Regular-bafff7a14c27403dcc6cf1432e8ea836-jMZ8zBn3.woff2                    64.20 kB
dist/assets/Xiaolai-Regular-6ae5b42180ad70b971c91e7eefb8eba2-BKomNj9m.woff2                    64.30 kB
dist/assets/Xiaolai-Regular-c69f61a4ab18d0488c8d1fc12e7028e8-Da9RJiGz.woff2                    64.31 kB
dist/assets/Xiaolai-Regular-79f007c1c6d07557120982951ea67998-P9vwfW59.woff2                    64.32 kB
dist/assets/Xiaolai-Regular-13d2887ec8ee73c43acdabc52a05af7b-INMPDEA4.woff2                    64.43 kB
dist/assets/Xiaolai-Regular-93fc8f28a33234bcadf1527cafabd502-BHNEsYyK.woff2                    64.54 kB
dist/assets/Xiaolai-Regular-66493ba5a8367f2928812f446f47b56a-De2P_-o1.woff2                    64.58 kB
dist/assets/Xiaolai-Regular-1b611157cd46bb184d4fa4dae2d6a2b8-C33wfJzC.woff2                    64.82 kB
dist/assets/Xiaolai-Regular-671a2c20b1eb9e4ef8a192833940e319-DWgMdwez.woff2                    64.87 kB
dist/assets/Xiaolai-Regular-3cc70dbb64df5b21f1326cc24dee2195-D2ESX3iw.woff2                    64.93 kB
dist/assets/Xiaolai-Regular-7e4bde7e9c7f84cd34d8a845e384c746-CY7aQsOr.woff2                    65.00 kB
dist/assets/Xiaolai-Regular-97f7f48ce90c9429bf32ae51469db74d-B_Yo-75I.woff2                    65.02 kB
dist/assets/Xiaolai-Regular-09850c4077f3fffe707905872e0e2460-BUsveLop.woff2                    65.04 kB
dist/assets/Xiaolai-Regular-8f476c4c99813d57cbe6eca4727388ad-D8Agzw0q.woff2                    65.08 kB
dist/assets/Xiaolai-Regular-69c09cc5fa3e55c74fc4821f76909cc3-DShxBpgc.woff2                    65.16 kB
dist/assets/Xiaolai-Regular-7494dc504ae00ee9cd0505f990f88c5d-DFW79wrT.woff2                    65.45 kB
dist/assets/Xiaolai-Regular-ce4884f96f11589608b76b726a755803-DykwPGPo.woff2                    65.54 kB
dist/assets/Xiaolai-Regular-a203b91dad570bf05a58c3c3ddb529bf-CooKDCDC.woff2                    65.68 kB
dist/assets/CascadiaCode-Regular-B4uqZjLm.woff2                                                65.73 kB
dist/assets/Xiaolai-Regular-25b7f38e18f035f96cb5e547bd2bd08c-BqNQjXDu.woff2                    65.83 kB
dist/assets/Xiaolai-Regular-0fa55a080fcd0f9dc2e0b0058b793df8-DUCJAQ8t.woff2                    65.88 kB
dist/assets/Xiaolai-Regular-04b718e5623574919c8b0dea5f301444-DVmpwAT_.woff2                    65.92 kB
dist/assets/Xiaolai-Regular-a004ddfcb26e67bd6e678c8ed19e25ce-D1-58AFU.woff2                    66.01 kB
dist/assets/Xiaolai-Regular-24a21c1e4449222e8d1898d69ff3a404-Du4Tdt_c.woff2                    66.07 kB
dist/assets/Xiaolai-Regular-4ddc14ed3eb0c3e46364317dfc0144a3-8XYGXkgK.woff2                    66.14 kB
dist/assets/Xiaolai-Regular-a7accba310e821da5505f71c03b76bdb-BKwpaO5_.woff2                    66.14 kB
dist/assets/Xiaolai-Regular-b96d9226ce77ec94ceca043d712182e6-CXE-0LqQ.woff2                    66.24 kB
dist/assets/Xiaolai-Regular-543fa46ace099a7099dad69123399400-Br7yvPzX.woff2                    66.36 kB
dist/assets/Xiaolai-Regular-29cec36cd205b211da97acabaa62f055-ASJmclkg.woff2                    66.50 kB
dist/assets/Xiaolai-Regular-72536a3d71b694a0d53dd90ddceae41e-BRNq3of2.woff2                    67.26 kB
dist/assets/Xiaolai-Regular-f5d079153c99a25b9be5b8583c4cc8a7-DOWF0G8S.woff2                    67.66 kB
dist/assets/Xiaolai-Regular-8e9f97f01034820170065b2921b4fb5e-CiuljCyr.woff2                    67.72 kB
dist/assets/Xiaolai-Regular-4a38cc3e9cf104e69ba246d37f8cf135-D1OvtD9u.woff2                    67.88 kB
dist/assets/Xiaolai-Regular-b358f7a51ece39a3247942b1feabdb29-DcXJ4EOb.woff2                    67.92 kB
dist/assets/Xiaolai-Regular-41521fade99856108931b4768b1b2648-zfoWCXW-.woff2                    68.20 kB
dist/assets/Xiaolai-Regular-23ad2d71b280f00b1363b95b7bea94eb-CWNdSzDH.woff2                    68.32 kB
dist/assets/Xiaolai-Regular-4dc6d5f188d5c96d44815cd1e81aa885-BlDy-N61.woff2                    68.58 kB
dist/assets/Xiaolai-Regular-4535823663ad81405188a528d8f2b1a2-Dp0AnvC2.woff2                    68.59 kB
dist/assets/Xiaolai-Regular-4ee10ae43505e2e0bc62656ced49c0fa-D_An8dTW.woff2                    68.76 kB
dist/assets/Xiaolai-Regular-10a7ae9a371830a80c3d844acf1c02d7-DYzWTkBs.woff2                    68.90 kB
dist/assets/Xiaolai-Regular-23686f7f29da6e8008c36dd3a80c83d6-z8BxibDJ.woff2                    68.95 kB
dist/assets/Xiaolai-Regular-3e1f8f654357353bf0e04ba5c34b5f7f-C8RFwjKr.woff2                    69.02 kB
dist/assets/Xiaolai-Regular-5935a5775af3d5c6307ac667bd9ae74e-CEy4fyLt.woff2                    69.34 kB
dist/assets/Xiaolai-Regular-f56414bf9bced67990def8660e306759-BhdNe6yT.woff2                    69.36 kB
dist/assets/Xiaolai-Regular-2e33e8dc771ef5e1d9127d60a6b73679-DaWsAHu4.woff2                    69.77 kB
dist/assets/Xiaolai-Regular-095c169f3314805276f603a362766abd-x6BO_Oyy.woff2                    69.96 kB
dist/assets/Xiaolai-Regular-583d166e56ba0de4b77eabb47ef67839-DftKZHfW.woff2                    70.35 kB
dist/assets/LiberationSans-Regular-CIc5jr9A.woff2                                              70.66 kB
dist/assets/Xiaolai-Regular-8de5b863cb50dfefdd07cb11c774d579-B2Svs0Cp.woff2                    70.71 kB
dist/assets/Xiaolai-Regular-95bfd249da4902577b4b7d76ebdd0b44-DJ99d5J9.woff2                    70.93 kB
dist/assets/Xiaolai-Regular-3eaa538115d76932653c21d8dc28f207-RyXogWdy.woff2                    70.94 kB
dist/assets/Xiaolai-Regular-bd77e3c7f9e0b072d96af37f73d1aa32-C26w6Bzb.woff2                    71.26 kB
dist/assets/Xiaolai-Regular-452225341522a7942f0f6aab1a5c91a3-BItH6NkO.woff2                    71.64 kB
dist/assets/Xiaolai-Regular-b57aaedfd8ebdf3931f25119dc6a5eb2-Jpbm8DAm.woff2                    71.97 kB
dist/assets/Xiaolai-Regular-20e7bf72fa05de9adf7dbcc7bf51dde6-ta1Pyi_c.woff2                    72.22 kB
dist/assets/Xiaolai-Regular-6e092f71c1e634059ada0e52abadce67-BjEU8N4B.woff2                    72.23 kB
dist/assets/Xiaolai-Regular-52a84a22fd1369bffeaf21da2d6158dc-CnByBwne.woff2                    72.43 kB
dist/assets/Xiaolai-Regular-866fa7613df6b3fd272bcfd4530c0bb9-zSIef9FS.woff2                    72.99 kB
dist/assets/Xiaolai-Regular-5a45d991244d4c7140217e1e5f5ca4f4-98-Y7C70.woff2                    73.11 kB
dist/assets/Xiaolai-Regular-5882ffa04f32584d26109137e2da4352-DJQgQUHU.woff2                    73.28 kB
dist/assets/Xiaolai-Regular-d0cf73942fea1c74edbdf0b3011f4656-DPlqnxc1.woff2                    73.39 kB
dist/assets/Xiaolai-Regular-173945821411c09f70c95f98d590e697-B7fq8LyN.woff2                    73.57 kB
dist/assets/Xiaolai-Regular-3e63ed8162808a9e425ed80a8bc79114-DU58dBuz.woff2                    73.70 kB
dist/assets/Xiaolai-Regular-e51ef413167c6e14e0c0fdcc585f2fc9-CqK-7_-R.woff2                    73.90 kB
dist/assets/Xiaolai-Regular-395c35dd584b56b0789f58a0559beaf1-6rT349CV.woff2                    73.93 kB
dist/assets/Xiaolai-Regular-60a3089806700d379f11827ee9843b6b-BcMf768o.woff2                    73.98 kB
dist/assets/Xiaolai-Regular-cb17fc3db95f6d139afc9d31a8e93293-C8HBTfH0.woff2                    74.18 kB
dist/assets/Xiaolai-Regular-203b0e569e3b14aac86a003dc3fa523e-BV5OlbX8.woff2                    75.21 kB
dist/assets/Xiaolai-Regular-0f7fb1e0d5015bb1371343153ecf7ce3-DDSgvIvg.woff2                    75.56 kB
dist/assets/Xiaolai-Regular-4095eb84ef3874e2600247bee0b04026-BWquGSc0.woff2                    76.20 kB
dist/assets/Xiaolai-Regular-c99eda15fc26a2941579560f76c3a5cf-DdGqdS8t.woff2                    76.56 kB
dist/assets/Xiaolai-Regular-7f855356ab893b0d2b9c1c83b8116f0e-CG5GHAm9.woff2                    77.42 kB
dist/assets/Xiaolai-Regular-b6fd38ca30869792244804b04bc058da-BWYJNrXl.woff2                    77.46 kB
dist/assets/Xiaolai-Regular-829615148e6357d826b9242eb7fbbd1e-CQnMGA0L.woff2                    80.18 kB
dist/assets/Xiaolai-Regular-51a0e808bbc8361236ac521a119758a3-CTKgvLQn.woff2                    81.56 kB
dist/assets/Xiaolai-Regular-f6032fc06eb20480f096199713f70885-D_kClYIg.woff2                    84.02 kB
dist/assets/benchmark-index-DBExe3aL.css                                                      192.20 kB │ gzip:  29.82 kB
dist/assets/pie-7BOR55EZ-BuNTldGh.js                                                            0.12 kB │ gzip:   0.12 kB
dist/assets/info-NVLQJR56-DTHqzHuq.js                                                           0.12 kB │ gzip:   0.13 kB
dist/assets/radar-NHE76QYJ-CPnmehAq.js                                                          0.12 kB │ gzip:   0.13 kB
dist/assets/packet-BFZMPI3H-BQ4RACFg.js                                                         0.12 kB │ gzip:   0.13 kB
dist/assets/treemap-KMMF4GRG-BIexJjgI.js                                                        0.12 kB │ gzip:   0.13 kB
dist/assets/gitGraph-F6HP7TQM-CuNFlsnL.js                                                       0.12 kB │ gzip:   0.13 kB
dist/assets/architecture-U656AL7Q-dL2ydV5-.js                                                   0.13 kB │ gzip:   0.13 kB
dist/assets/clone-BTX2VvJU.js                                                                   0.13 kB │ gzip:   0.15 kB │ map:      1.38 kB
dist/assets/array-BifhSqXX.js                                                                   0.15 kB │ gzip:   0.15 kB │ map:      0.54 kB
dist/assets/channel-D5jwW4R8.js                                                                 0.15 kB │ gzip:   0.16 kB │ map:      0.53 kB
dist/assets/bug-issue-template-BT9driEy.js                                                      0.17 kB │ gzip:   0.16 kB │ map:      0.39 kB
dist/assets/init-C-OQMol4.js                                                                    0.18 kB │ gzip:   0.16 kB │ map:      1.03 kB
dist/assets/chunk-QZHKN3VN-jT09ECQc.js                                                          0.23 kB │ gzip:   0.20 kB │ map:      0.83 kB
dist/assets/chunk-4BX2VUAB-BdvAp9mN.js                                                          0.26 kB │ gzip:   0.20 kB │ map:      0.84 kB
dist/assets/chunk-55IACEB6-DxbYspYY.js                                                          0.27 kB │ gzip:   0.24 kB │ map:      1.08 kB
dist/assets/chunk-CVBHYZKI-Ca_X4R-d.js                                                          0.31 kB │ gzip:   0.23 kB │ map:      1.07 kB
dist/assets/math-Bi_r_ZWc.js                                                                    0.35 kB │ gzip:   0.24 kB │ map:      1.13 kB
dist/assets/chunk-FMBD7UC4-Nyui7TJN.js                                                          0.40 kB │ gzip:   0.30 kB │ map:      0.75 kB
dist/assets/subset-worker.chunk-DvOsiJUa.js                                                     0.40 kB │ gzip:   0.30 kB │ map:      1.91 kB
dist/assets/chunk-QN33PNHL-3nbAN2GZ.js                                                          0.58 kB │ gzip:   0.42 kB │ map:      2.23 kB
dist/assets/infoDiagram-WHAUD3N6-Bt0NbPrv.js                                                    0.68 kB │ gzip:   0.45 kB │ map:      2.30 kB
dist/assets/stateDiagram-v2-4FDKWEC3-B_gsst_M.js                                                0.69 kB │ gzip:   0.44 kB │ map:      1.51 kB
dist/assets/classDiagram-2ON5EDUG-0DKuUWcI.js                                                   0.72 kB │ gzip:   0.45 kB │ map:      1.52 kB
dist/assets/classDiagram-v2-WZHVMYZB-0DKuUWcI.js                                                0.73 kB │ gzip:   0.45 kB │ map:      1.53 kB
dist/assets/line-Oo70OGOA.js                                                                    0.98 kB │ gzip:   0.51 kB │ map:      3.71 kB
dist/assets/rolldown-runtime-Dqfqb5bO.js                                                        1.16 kB │ gzip:   0.65 kB
dist/assets/preload-helper-BZ1Pz5am.js                                                          1.21 kB │ gzip:   0.69 kB
dist/assets/ordinal-BDEzSJ7C.js                                                                 1.21 kB │ gzip:   0.61 kB │ map:      5.02 kB
dist/assets/chunk-TZMSLE5B-Bi_dHEyU.js                                                          1.53 kB │ gzip:   0.72 kB │ map:      5.82 kB
dist/assets/chunk-ATLVNIR6-DEBJuVvZ.js                                                          1.89 kB │ gzip:   0.94 kB │ map:      6.59 kB
dist/assets/dist-CdrVC3UA.js                                                                    1.93 kB │ gzip:   0.87 kB │ map:      6.29 kB
dist/assets/chunk-HN2XXSSU-CPhgLcz7.js                                                          1.93 kB │ gzip:   0.77 kB │ map:     10.35 kB
dist/assets/path-fybaL0A-.js                                                                    2.32 kB │ gzip:   1.02 kB │ map:      9.57 kB
dist/assets/_basePickBy-vke2OTUt.js                                                             2.68 kB │ gzip:   1.38 kB │ map:     26.28 kB
dist/assets/roundRect-D01gJrlt.js                                                               2.92 kB │ gzip:   1.03 kB │ map:     12.63 kB
dist/assets/arc-3Xw6uabx.js                                                                     3.51 kB │ gzip:   1.50 kB │ map:     16.86 kB
dist/assets/random-username.esm-AyEV_xtL.js                                                     3.52 kB │ gzip:   1.85 kB │ map:      5.55 kB
dist/assets/diagram-S2PKOQOG-BSo2ZSMe.js                                                        4.30 kB │ gzip:   1.88 kB │ map:     13.35 kB
dist/assets/defaultLocale-YZUHGh8n.js                                                           4.54 kB │ gzip:   2.10 kB │ map:     21.84 kB
dist/assets/pieDiagram-ADFJNKIX-DOnBgQpP.js                                                     5.17 kB │ gzip:   2.27 kB │ map:     17.97 kB
dist/assets/linear-DRc0aWCH.js                                                                  5.56 kB │ gzip:   2.29 kB │ map:     27.11 kB
dist/assets/diagram-QEK2KX5R-D6z4xPji.js                                                        5.83 kB │ gzip:   2.43 kB │ map:     20.13 kB
dist/assets/graphlib-gw5zt_OX.js                                                                5.98 kB │ gzip:   1.90 kB │ map:     22.51 kB
dist/assets/mermaid-parser.core-2CewFm7e.js                                                     7.80 kB │ gzip:   2.43 kB │ map:     27.34 kB
dist/assets/_createAssigner-C9pruyqs.js                                                        10.51 kB │ gzip:   3.94 kB │ map:     82.55 kB
dist/assets/stateDiagram-FKZM4ZOC-CjiXYbnb.js                                                  10.51 kB │ gzip:   3.71 kB │ map:     36.67 kB
dist/assets/qrcode.chunk-D2LLZUs2.js                                                           10.76 kB │ gzip:   4.16 kB │ map:     47.75 kB
dist/assets/uz-UZ-BL2XPvsC.js                                                                  11.04 kB │ gzip:   3.98 kB │ map:     30.29 kB
dist/assets/dagre-6UL2VRFP-Bz8rH4WY.js                                                         11.19 kB │ gzip:   4.22 kB │ map:     41.81 kB
dist/assets/_baseUniq-D0V4a_oX.js                                                              12.06 kB │ gzip:   4.75 kB │ map:    105.09 kB
dist/assets/zh-HK-Dp-L50pY.js                                                                  12.45 kB │ gzip:   5.24 kB │ map:     31.71 kB
dist/assets/kaa-DZhP8i6Y.js                                                                    12.92 kB │ gzip:   5.02 kB │ map:     32.17 kB
dist/assets/kk-KZ-BraTn5XJ.js                                                                  13.47 kB │ gzip:   5.32 kB │ map:     32.73 kB
dist/assets/da-DK-C_BJpwOW.js                                                                  13.49 kB │ gzip:   5.37 kB │ map:     32.75 kB
dist/assets/az-AZ-rAqv5Pkb.js                                                                  13.91 kB │ gzip:   5.63 kB │ map:     33.17 kB
dist/assets/diagram-PSM6KHXK-BsX9Rpwo.js                                                       15.56 kB │ gzip:   5.44 kB │ map:     60.00 kB
dist/assets/lt-LT-DY1Ye_8t.js                                                                  15.74 kB │ gzip:   6.48 kB │ map:     35.00 kB
dist/assets/nn-NO-Hvr5lNz1.js                                                                  18.01 kB │ gzip:   7.41 kB │ map:     37.27 kB
dist/assets/my-MM-NhsP-Uni.js                                                                  19.75 kB │ gzip:   6.22 kB │ map:     39.01 kB
dist/assets/kanban-definition-3W4ZIXB7-DcfkMf5d.js                                             20.11 kB │ gzip:   7.11 kB │ map:     67.45 kB
dist/assets/kab-KAB-etlKCI-N.js                                                                20.54 kB │ gzip:   8.26 kB │ map:     39.81 kB
dist/assets/lv-LV-DQqlwfDU.js                                                                  20.74 kB │ gzip:   8.39 kB │ map:     40.02 kB
dist/assets/fi-FI-BdEuPyuV.js                                                                  20.91 kB │ gzip:   8.50 kB │ map:     40.20 kB
dist/assets/mindmap-definition-VGOIOE7T-Djna3ES3.js                                            21.12 kB │ gzip:   7.42 kB │ map:     71.13 kB
dist/assets/hu-HU-CNE4X2vW.js                                                                  21.31 kB │ gzip:   8.74 kB │ map:     40.57 kB
dist/assets/gl-ES-C6xRqr5y.js                                                                  21.68 kB │ gzip:   8.57 kB │ map:     40.97 kB
dist/assets/sankeyDiagram-TZEHDZUN-DKYSDMRx.js                                                 21.72 kB │ gzip:   7.85 kB │ map:     84.60 kB
dist/assets/cs-CZ-Bl-9_r-8.js                                                                  23.12 kB │ gzip:   9.69 kB │ map:     42.41 kB
dist/assets/journeyDiagram-XKPGCS4Q-BWOJdsAi.js                                                23.14 kB │ gzip:   8.18 kB │ map:     79.87 kB
dist/assets/timeline-definition-IT6M3QCI-ClzpaK8B.js                                           23.22 kB │ gzip:   8.07 kB │ map:     82.19 kB
dist/assets/gitGraphDiagram-NY62KEGX-Czlcm7x-.js                                               23.71 kB │ gzip:   7.25 kB │ map:    101.07 kB
dist/assets/nb-NO-CtYpsbdP.js                                                                  24.40 kB │ gzip:   9.67 kB │ map:     43.70 kB
dist/assets/oc-FR-CeNq40xu.js                                                                  24.45 kB │ gzip:   9.36 kB │ map:     43.71 kB
dist/assets/bn-BD-CERv2qla.js                                                                  24.86 kB │ gzip:   7.57 kB │ map:     44.12 kB
dist/assets/bn-IN-CERv2qla.js                                                                  24.86 kB │ gzip:   7.57 kB │ map:     44.12 kB
dist/assets/vi-VN-BwkVwqPk.js                                                                  25.06 kB │ gzip:   9.49 kB │ map:     44.34 kB
dist/assets/chunk-S3R3BYOJ-NPwLG1Wv.js                                                         25.20 kB │ gzip:   7.06 kB │ map:     95.50 kB
dist/assets/erDiagram-Q2GNP2WA-VfAbFouJ.js                                                     25.24 kB │ gzip:   8.87 kB │ map:     85.73 kB
dist/assets/zh-CN-yfm5vHh2.js                                                                  25.85 kB │ gzip:  11.31 kB │ map:     45.12 kB
dist/assets/ca-ES-DXrmA-lZ.js                                                                  26.18 kB │ gzip:  10.14 kB │ map:     45.46 kB
dist/assets/zh-TW-CD8kCVAM.js                                                                  26.46 kB │ gzip:  11.71 kB │ map:     45.76 kB
dist/assets/th-TH-CLPXOmN3.js                                                                  26.68 kB │ gzip:   8.03 kB │ map:     45.94 kB
dist/assets/bg-BG-CGrmpy9_.js                                                                  26.92 kB │ gzip:   9.25 kB │ map:     46.19 kB
dist/assets/si-LK-Bxg_uFEB.js                                                                  28.14 kB │ gzip:   7.84 kB │ map:     47.39 kB
dist/assets/pl-PL-BDta9d0w.js                                                                  28.21 kB │ gzip:  11.10 kB │ map:     47.50 kB
dist/assets/dagre-C2LWYwJW.js                                                                  28.52 kB │ gzip:  10.19 kB │ map:    171.56 kB
dist/assets/id-ID-Bh8_Z4cM.js                                                                  28.87 kB │ gzip:  10.78 kB │ map:     48.17 kB
dist/assets/nl-NL-CcchuNH1.js                                                                  28.90 kB │ gzip:  10.98 kB │ map:     48.20 kB
dist/assets/eu-ES-DQDMw0VX.js                                                                  28.93 kB │ gzip:  10.89 kB │ map:     48.22 kB
dist/assets/pa-IN-D-gr3PSy.js                                                                  29.33 kB │ gzip:   8.83 kB │ map:     48.59 kB
dist/assets/sv-SE-BvzC6YGu.js                                                                  29.44 kB │ gzip:  11.25 kB │ map:     48.74 kB
dist/assets/ko-KR-3c7ctmjx.js                                                                  29.45 kB │ gzip:  11.06 kB │ map:     48.74 kB
dist/assets/sl-SI-D0LE-nZw.js                                                                  29.51 kB │ gzip:  11.48 kB │ map:     48.80 kB
dist/assets/ku-TR-MGeN1bQz.js                                                                  29.83 kB │ gzip:   9.85 kB │ map:     49.13 kB
dist/assets/tr-TR-CkaTmrTX.js                                                                  29.95 kB │ gzip:  11.40 kB │ map:     49.24 kB
dist/assets/requirementDiagram-UZGBJVZJ-BygqdhXy.js                                            30.05 kB │ gzip:   9.47 kB │ map:     97.50 kB
dist/assets/sk-SK-D0LHn2AW.js                                                                  30.11 kB │ gzip:  11.73 kB │ map:     49.40 kB
dist/assets/pt-BR-B0kdjHFV.js                                                                  30.27 kB │ gzip:  11.22 kB │ map:     49.57 kB
dist/assets/es-ES-DyYGlZft.js                                                                  30.41 kB │ gzip:  11.41 kB │ map:     49.71 kB
dist/assets/it-IT-B82gCat9.js                                                                  30.84 kB │ gzip:  11.51 kB │ map:     50.14 kB
dist/assets/de-CH-CyP9IdZB.js                                                                  30.87 kB │ gzip:  11.40 kB │ map:     50.16 kB
dist/assets/de-DE-CyP9IdZB.js                                                                  30.87 kB │ gzip:  11.40 kB │ map:     50.16 kB
dist/assets/pt-PT-CkqCoArx.js                                                                  31.16 kB │ gzip:  11.39 kB │ map:     50.46 kB
dist/assets/pica-CWxRlm6L.js                                                                   31.84 kB │ gzip:  12.50 kB │ map:    122.59 kB
dist/assets/ro-RO-DQCn08m6.js                                                                  31.85 kB │ gzip:  11.71 kB │ map:     51.12 kB
dist/assets/fr-FR-vsrv3S-e.js                                                                  32.41 kB │ gzip:  11.71 kB │ map:     51.70 kB
dist/assets/ar-SA-T5cavWUn.js                                                                  32.49 kB │ gzip:  11.09 kB │ map:     51.78 kB
dist/assets/quadrantDiagram-AYHSOK5B-CAxrL_2y.js                                               33.37 kB │ gzip:   9.74 kB │ map:    111.05 kB
dist/assets/fa-IR-Dvvfjxfm.js                                                                  33.67 kB │ gzip:  11.30 kB │ map:     52.95 kB
dist/assets/ja-JP-BteTCeoY.js                                                                  33.72 kB │ gzip:  11.80 kB │ map:     53.02 kB
dist/assets/he-IL-BDShP_ZQ.js                                                                  35.55 kB │ gzip:  12.10 kB │ map:     54.83 kB
dist/assets/chunk-DI55MBZ5-DFMiFCH6.js                                                         35.94 kB │ gzip:  11.65 kB │ map:    121.44 kB
dist/assets/km-KH-C11VKBef.js                                                                  36.21 kB │ gzip:   9.79 kB │ map:     55.50 kB
dist/assets/el-GR-BzTOdevs.js                                                                  38.72 kB │ gzip:  12.08 kB │ map:     58.00 kB
dist/assets/esm-ovJOO5uK.js                                                                    39.18 kB │ gzip:  12.38 kB │ map:    177.08 kB
dist/assets/xychartDiagram-PRI3JC2R-yWHUMYdk.js                                                39.88 kB │ gzip:  11.17 kB │ map:    133.25 kB
dist/assets/uk-UA-BDvi80VY.js                                                                  40.25 kB │ gzip:  12.74 kB │ map:     59.54 kB
dist/assets/ru-RU-OiX9HjaA.js                                                                  44.43 kB │ gzip:  13.33 kB │ map:     63.70 kB
dist/assets/chunk-B4BG7PRW-C5uiSXGN.js                                                         44.96 kB │ gzip:  14.77 kB │ map:    140.40 kB
dist/assets/image-blob-reduce.esm-BFq-Mx5V.js                                                  45.47 kB │ gzip:  16.35 kB │ map:    173.48 kB
dist/assets/src-CazFMgC9.js                                                                    45.82 kB │ gzip:  16.08 kB │ map:    196.58 kB
dist/assets/ta-IN-Cm2xXKvQ.js                                                                  45.98 kB │ gzip:  11.02 kB │ map:     61.36 kB
dist/assets/mr-IN-B1nU0saF.js                                                                  46.82 kB │ gzip:  12.23 kB │ map:     66.11 kB
dist/assets/hi-IN-C4r0o__W.js                                                                  47.73 kB │ gzip:  12.45 kB │ map:     63.12 kB
dist/assets/chunk-JA3XYJ7Z-DNn342dD.js                                                         51.83 kB │ gzip:  16.93 kB │ map:    138.91 kB
dist/assets/flowDiagram-NV44I4VS-Ba5dgx2P.js                                                   60.10 kB │ gzip:  19.55 kB │ map:    190.32 kB
dist/assets/ganttDiagram-JELNMOA3-xR_Ebfau.js                                                  68.01 kB │ gzip:  22.41 kB │ map:    244.48 kB
dist/assets/c4Diagram-YG6GDRKO-Ei7-TZlM.js                                                     69.37 kB │ gzip:  19.42 kB │ map:    204.98 kB
dist/assets/blockDiagram-VD42YOAC-dh7UMboB.js                                                  70.79 kB │ gzip:  19.99 kB │ map:    246.24 kB
dist/assets/cose-bilkent-S5V4N54A-Cn1R-hp0.js                                                  81.27 kB │ gzip:  21.56 kB │ map:    302.27 kB
dist/assets/sequenceDiagram-WL72ISMW-nqk5fNC7.js                                               96.67 kB │ gzip:  26.42 kB │ map:    294.29 kB
dist/assets/chunk-JZLCHNYA-BrtPEflK.js                                                        120.27 kB │ gzip:  30.86 kB │ map:    437.93 kB
dist/assets/chunk-ABZYJK2D-CJS2jtgM.js                                                        123.93 kB │ gzip:  27.33 kB │ map:    345.18 kB
dist/assets/architectureDiagram-VXUJARFQ-B2yzNf98.js                                          145.71 kB │ gzip:  40.12 kB │ map:    585.02 kB
dist/assets/katex-HrAdQuKz.js                                                                 263.48 kB │ gzip:  77.49 kB │ map:    983.92 kB
dist/assets/CodeMirrorEditor-DEn7sQfo.js                                                      291.02 kB │ gzip:  94.26 kB │ map:  1,406.29 kB
dist/assets/chunk-FPAJGGOC-BKeYp1Wj.js                                                        317.20 kB │ gzip:  75.72 kB │ map:  1,304.06 kB
dist/assets/cytoscape.esm-CHmi25Vx.js                                                         433.43 kB │ gzip: 137.36 kB │ map:  1,827.31 kB
dist/assets/subset-shared.chunk-DTd-iAlc.js                                                 1,821.12 kB │ gzip: 744.60 kB │ map:  1,982.06 kB
dist/assets/benchmark-index-y9ouXXqo.js                                                     2,227.97 kB │ gzip: 706.11 kB │ map: 10,558.99 kB

[33m[33m[MODULE_LEVEL_DIRECTIVE] [0mThe semantics of the module level directive "use client" in "node_modules/jotai/esm/react.mjs" may not be preserved when bundling.
   [38;5;246m╭[0m[38;5;246m─[0m[38;5;246m[[0m node_modules/jotai/esm/react.mjs:1:1 [38;5;246m][0m
   [38;5;246m│[0m
 [38;5;246m1 │[0m 'use client';
 [38;5;240m  │[0m ──────┬──────  
 [38;5;240m  │[0m       ╰──────── module level directive may not be preserved
 [38;5;240m  │[0m 
 [38;5;240m  │[0m [38;5;115mHelp[0m: For more information, see https://rolldown.rs/in-depth/directives#other-directives
[38;5;246m───╯[0m
[39m
[33m[plugin builtin:vite-reporter] 
(!) Some chunks are larger than 500 kB after minification. Consider:
- Using dynamic import() to code-split the application
- Use build.rolldownOptions.output.codeSplitting to improve chunking: https://rolldown.rs/reference/OutputOptions.codeSplitting
- Adjust chunk size limit for this warning via build.chunkSizeWarningLimit.[39m
[33m[33m[MODULE_LEVEL_DIRECTIVE] [0mThe semantics of the module level directive "use client" in "node_modules/jotai/esm/react/utils.mjs" may not be preserved when bundling.
   [38;5;246m╭[0m[38;5;246m─[0m[38;5;246m[[0m node_modules/jotai/esm/react/utils.mjs:1:1 [38;5;246m][0m
   [38;5;246m│[0m
 [38;5;246m1 │[0m 'use client';
 [38;5;240m  │[0m ──────┬──────  
 [38;5;240m  │[0m       ╰──────── module level directive may not be preserved
 [38;5;240m  │[0m 
 [38;5;240m  │[0m [38;5;115mHelp[0m: For more information, see https://rolldown.rs/in-depth/directives#other-directives
[38;5;246m───╯[0m
[39m
[33m[33m[MODULE_LEVEL_DIRECTIVE] [0mThe semantics of the module level directive "use client" in "node_modules/@radix-ui/react-accordion/dist/index.mjs" may not be preserved when bundling.
   [38;5;246m╭[0m[38;5;246m─[0m[38;5;246m[[0m node_modules/@radix-ui/react-accordion/dist/index.mjs:1:1 [38;5;246m][0m
   [38;5;246m│[0m
 [38;5;246m1 │[0m "use client";
 [38;5;240m  │[0m ──────┬──────  
 [38;5;240m  │[0m       ╰──────── module level directive may not be preserved
 [38;5;240m  │[0m 
 [38;5;240m  │[0m [38;5;115mHelp[0m: For more information, see https://rolldown.rs/in-depth/directives#other-directives
[38;5;246m───╯[0m
[39m
[33m[33m[MODULE_LEVEL_DIRECTIVE] [0mThe semantics of the module level directive "use client" in "node_modules/@radix-ui/react-alert-dialog/dist/index.mjs" may not be preserved when bundling.
   [38;5;246m╭[0m[38;5;246m─[0m[38;5;246m[[0m node_modules/@radix-ui/react-alert-dialog/dist/index.mjs:1:1 [38;5;246m][0m
   [38;5;246m│[0m
 [38;5;246m1 │[0m "use client";
 [38;5;240m  │[0m ──────┬──────  
 [38;5;240m  │[0m       ╰──────── module level directive may not be preserved
 [38;5;240m  │[0m 
 [38;5;240m  │[0m [38;5;115mHelp[0m: For more information, see https://rolldown.rs/in-depth/directives#other-directives
[38;5;246m───╯[0m
[39m
[33m[33m[MODULE_LEVEL_DIRECTIVE] [0mThe semantics of the module level directive "use client" in "node_modules/@radix-ui/react-checkbox/dist/index.mjs" may not be preserved when bundling.
   [38;5;246m╭[0m[38;5;246m─[0m[38;5;246m[[0m node_modules/@radix-ui/react-checkbox/dist/index.mjs:1:1 [38;5;246m][0m
   [38;5;246m│[0m
 [38;5;246m1 │[0m "use client";
 [38;5;240m  │[0m ──────┬──────  
 [38;5;240m  │[0m       ╰──────── module level directive may not be preserved
 [38;5;240m  │[0m 
 [38;5;240m  │[0m [38;5;115mHelp[0m: For more information, see https://rolldown.rs/in-depth/directives#other-directives
[38;5;246m───╯[0m
[39m
[33m[33m[MODULE_LEVEL_DIRECTIVE] [0mThe semantics of the module level directive "use client" in "node_modules/@radix-ui/react-collapsible/dist/index.mjs" may not be preserved when bundling.
   [38;5;246m╭[0m[38;5;246m─[0m[38;5;246m[[0m node_modules/@radix-ui/react-collapsible/dist/index.mjs:1:1 [38;5;246m][0m
   [38;5;246m│[0m
 [38;5;246m1 │[0m "use client";
 [38;5;240m  │[0m ──────┬──────  
 [38;5;240m  │[0m       ╰──────── module level directive may not be preserved
 [38;5;240m  │[0m 
 [38;5;240m  │[0m [38;5;115mHelp[0m: For more information, see https://rolldown.rs/in-depth/directives#other-directives
[38;5;246m───╯[0m
[39m
[33m[33m[MODULE_LEVEL_DIRECTIVE] [0mThe semantics of the module level directive "use client" in "node_modules/@radix-ui/react-context-menu/dist/index.mjs" may not be preserved when bundling.
   [38;5;246m╭[0m[38;5;246m─[0m[38;5;246m[[0m node_modules/@radix-ui/react-context-menu/dist/index.mjs:1:1 [38;5;246m][0m
   [38;5;246m│[0m
 [38;5;246m1 │[0m "use client";
 [38;5;240m  │[0m ──────┬──────  
 [38;5;240m  │[0m       ╰──────── module level directive may not be preserved
 [38;5;240m  │[0m 
 [38;5;240m  │[0m [38;5;115mHelp[0m: For more information, see https://rolldown.rs/in-depth/directives#other-directives
[38;5;246m───╯[0m
[39m
[33m[33m[MODULE_LEVEL_DIRECTIVE] [0mThe semantics of the module level directive "use client" in "node_modules/@radix-ui/react-avatar/dist/index.mjs" may not be preserved when bundling.
   [38;5;246m╭[0m[38;5;246m─[0m[38;5;246m[[0m node_modules/@radix-ui/react-avatar/dist/index.mjs:1:1 [38;5;246m][0m
   [38;5;246m│[0m
 [38;5;246m1 │[0m "use client";
 [38;5;240m  │[0m ──────┬──────  
 [38;5;240m  │[0m       ╰──────── module level directive may not be preserved
 [38;5;240m  │[0m 
 [38;5;240m  │[0m [38;5;115mHelp[0m: For more information, see https://rolldown.rs/in-depth/directives#other-directives
[38;5;246m───╯[0m
[39m
[33m[33m[MODULE_LEVEL_DIRECTIVE] [0mThe semantics of the module level directive "use client" in "node_modules/@radix-ui/react-dropdown-menu/dist/index.mjs" may not be preserved when bundling.
   [38;5;246m╭[0m[38;5;246m─[0m[38;5;246m[[0m node_modules/@radix-ui/react-dropdown-menu/dist/index.mjs:1:1 [38;5;246m][0m
   [38;5;246m│[0m
 [38;5;246m1 │[0m "use client";
 [38;5;240m  │[0m ──────┬──────  
 [38;5;240m  │[0m       ╰──────── module level directive may not be preserved
 [38;5;240m  │[0m 
 [38;5;240m  │[0m [38;5;115mHelp[0m: For more information, see https://rolldown.rs/in-depth/directives#other-directives
[38;5;246m───╯[0m
[39m
[33m[33m[MODULE_LEVEL_DIRECTIVE] [0mThe semantics of the module level directive "use client" in "node_modules/@radix-ui/react-dialog/dist/index.mjs" may not be preserved when bundling.
   [38;5;246m╭[0m[38;5;246m─[0m[38;5;246m[[0m node_modules/@radix-ui/react-dialog/dist/index.mjs:1:1 [38;5;246m][0m
   [38;5;246m│[0m
 [38;5;246m1 │[0m "use client";
 [38;5;240m  │[0m ──────┬──────  
 [38;5;240m  │[0m       ╰──────── module level directive may not be preserved
 [38;5;240m  │[0m 
 [38;5;240m  │[0m [38;5;115mHelp[0m: For more information, see https://rolldown.rs/in-depth/directives#other-directives
[38;5;246m───╯[0m
[39m
[33m[33m[MODULE_LEVEL_DIRECTIVE] [0mThe semantics of the module level directive "use client" in "node_modules/@radix-ui/react-form/dist/index.mjs" may not be preserved when bundling.
   [38;5;246m╭[0m[38;5;246m─[0m[38;5;246m[[0m node_modules/@radix-ui/react-form/dist/index.mjs:1:1 [38;5;246m][0m
   [38;5;246m│[0m
 [38;5;246m1 │[0m "use client";
 [38;5;240m  │[0m ──────┬──────  
 [38;5;240m  │[0m       ╰──────── module level directive may not be preserved
 [38;5;240m  │[0m 
 [38;5;240m  │[0m [38;5;115mHelp[0m: For more information, see https://rolldown.rs/in-depth/directives#other-directives
[38;5;246m───╯[0m
[39m
[33m[33m[MODULE_LEVEL_DIRECTIVE] [0mThe semantics of the module level directive "use client" in "node_modules/@radix-ui/react-hover-card/dist/index.mjs" may not be preserved when bundling.
   [38;5;246m╭[0m[38;5;246m─[0m[38;5;246m[[0m node_modules/@radix-ui/react-hover-card/dist/index.mjs:1:1 [38;5;246m][0m
   [38;5;246m│[0m
 [38;5;246m1 │[0m "use client";
 [38;5;240m  │[0m ──────┬──────  
 [38;5;240m  │[0m       ╰──────── module level directive may not be preserved
 [38;5;240m  │[0m 
 [38;5;240m  │[0m [38;5;115mHelp[0m: For more information, see https://rolldown.rs/in-depth/directives#other-directives
[38;5;246m───╯[0m
[39m
[33m[33m[MODULE_LEVEL_DIRECTIVE] [0mThe semantics of the module level directive "use client" in "node_modules/@radix-ui/react-label/dist/index.mjs" may not be preserved when bundling.
   [38;5;246m╭[0m[38;5;246m─[0m[38;5;246m[[0m node_modules/@radix-ui/react-label/dist/index.mjs:1:1 [38;5;246m][0m
   [38;5;246m│[0m
 [38;5;246m1 │[0m "use client";
 [38;5;240m  │[0m ──────┬──────  
 [38;5;240m  │[0m       ╰──────── module level directive may not be preserved
 [38;5;240m  │[0m 
 [38;5;240m  │[0m [38;5;115mHelp[0m: For more information, see https://rolldown.rs/in-depth/directives#other-directives
[38;5;246m───╯[0m
[39m
[33m[33m[MODULE_LEVEL_DIRECTIVE] [0mThe semantics of the module level directive "use client" in "node_modules/@radix-ui/react-menubar/dist/index.mjs" may not be preserved when bundling.
   [38;5;246m╭[0m[38;5;246m─[0m[38;5;246m[[0m node_modules/@radix-ui/react-menubar/dist/index.mjs:1:1 [38;5;246m][0m
   [38;5;246m│[0m
 [38;5;246m1 │[0m "use client";
 [38;5;240m  │[0m ──────┬──────  
 [38;5;240m  │[0m       ╰──────── module level directive may not be preserved
 [38;5;240m  │[0m 
 [38;5;240m  │[0m [38;5;115mHelp[0m: For more information, see https://rolldown.rs/in-depth/directives#other-directives
[38;5;246m───╯[0m
[39m
[33m[33m[MODULE_LEVEL_DIRECTIVE] [0mThe semantics of the module level directive "use client" in "node_modules/@radix-ui/react-navigation-menu/dist/index.mjs" may not be preserved when bundling.
   [38;5;246m╭[0m[38;5;246m─[0m[38;5;246m[[0m node_modules/@radix-ui/react-navigation-menu/dist/index.mjs:1:1 [38;5;246m][0m
   [38;5;246m│[0m
 [38;5;246m1 │[0m "use client";
 [38;5;240m  │[0m ──────┬──────  
 [38;5;240m  │[0m       ╰──────── module level directive may not be preserved
 [38;5;240m  │[0m 
 [38;5;240m  │[0m [38;5;115mHelp[0m: For more information, see https://rolldown.rs/in-depth/directives#other-directives
[38;5;246m───╯[0m
[39m
[33m[33m[MODULE_LEVEL_DIRECTIVE] [0mThe semantics of the module level directive "use client" in "node_modules/@radix-ui/react-one-time-password-field/dist/index.mjs" may not be preserved when bundling.
   [38;5;246m╭[0m[38;5;246m─[0m[38;5;246m[[0m node_modules/@radix-ui/react-one-time-password-field/dist/index.mjs:1:1 [38;5;246m][0m
   [38;5;246m│[0m
 [38;5;246m1 │[0m "use client";
 [38;5;240m  │[0m ──────┬──────  
 [38;5;240m  │[0m       ╰──────── module level directive may not be preserved
 [38;5;240m  │[0m 
 [38;5;240m  │[0m [38;5;115mHelp[0m: For more information, see https://rolldown.rs/in-depth/directives#other-directives
[38;5;246m───╯[0m
[39m
[33m[33m[MODULE_LEVEL_DIRECTIVE] [0mThe semantics of the module level directive "use client" in "node_modules/@radix-ui/react-popover/dist/index.mjs" may not be preserved when bundling.
   [38;5;246m╭[0m[38;5;246m─[0m[38;5;246m[[0m node_modules/@radix-ui/react-popover/dist/index.mjs:1:1 [38;5;246m][0m
   [38;5;246m│[0m
 [38;5;246m1 │[0m "use client";
 [38;5;240m  │[0m ──────┬──────  
 [38;5;240m  │[0m       ╰──────── module level directive may not be preserved
 [38;5;240m  │[0m 
 [38;5;240m  │[0m [38;5;115mHelp[0m: For more information, see https://rolldown.rs/in-depth/directives#other-directives
[38;5;246m───╯[0m
[39m
[33m[33m[MODULE_LEVEL_DIRECTIVE] [0mThe semantics of the module level directive "use client" in "node_modules/@radix-ui/react-password-toggle-field/dist/index.mjs" may not be preserved when bundling.
   [38;5;246m╭[0m[38;5;246m─[0m[38;5;246m[[0m node_modules/@radix-ui/react-password-toggle-field/dist/index.mjs:1:1 [38;5;246m][0m
   [38;5;246m│[0m
 [38;5;246m1 │[0m "use client";
 [38;5;240m  │[0m ──────┬──────  
 [38;5;240m  │[0m       ╰──────── module level directive may not be preserved
 [38;5;240m  │[0m 
 [38;5;240m  │[0m [38;5;115mHelp[0m: For more information, see https://rolldown.rs/in-depth/directives#other-directives
[38;5;246m───╯[0m
[39m
[33m[33m[MODULE_LEVEL_DIRECTIVE] [0mThe semantics of the module level directive "use client" in "node_modules/@radix-ui/react-portal/dist/index.mjs" may not be preserved when bundling.
   [38;5;246m╭[0m[38;5;246m─[0m[38;5;246m[[0m node_modules/@radix-ui/react-portal/dist/index.mjs:1:1 [38;5;246m][0m
   [38;5;246m│[0m
 [38;5;246m1 │[0m "use client";
 [38;5;240m  │[0m ──────┬──────  
 [38;5;240m  │[0m       ╰──────── module level directive may not be preserved
 [38;5;240m  │[0m 
 [38;5;240m  │[0m [38;5;115mHelp[0m: For more information, see https://rolldown.rs/in-depth/directives#other-directives
[38;5;246m───╯[0m
[39m
[33m[33m[MODULE_LEVEL_DIRECTIVE] [0mThe semantics of the module level directive "use client" in "node_modules/@radix-ui/react-progress/dist/index.mjs" may not be preserved when bundling.
   [38;5;246m╭[0m[38;5;246m─[0m[38;5;246m[[0m node_modules/@radix-ui/react-progress/dist/index.mjs:1:1 [38;5;246m][0m
   [38;5;246m│[0m
 [38;5;246m1 │[0m "use client";
 [38;5;240m  │[0m ──────┬──────  
 [38;5;240m  │[0m       ╰──────── module level directive may not be preserved
 [38;5;240m  │[0m 
 [38;5;240m  │[0m [38;5;115mHelp[0m: For more information, see https://rolldown.rs/in-depth/directives#other-directives
[38;5;246m───╯[0m
[39m
[33m[33m[MODULE_LEVEL_DIRECTIVE] [0mThe semantics of the module level directive "use client" in "node_modules/@radix-ui/react-radio-group/dist/index.mjs" may not be preserved when bundling.
   [38;5;246m╭[0m[38;5;246m─[0m[38;5;246m[[0m node_modules/@radix-ui/react-radio-group/dist/index.mjs:1:1 [38;5;246m][0m
   [38;5;246m│[0m
 [38;5;246m1 │[0m "use client";
 [38;5;240m  │[0m ──────┬──────  
 [38;5;240m  │[0m       ╰──────── module level directive may not be preserved
 [38;5;240m  │[0m 
 [38;5;240m  │[0m [38;5;115mHelp[0m: For more information, see https://rolldown.rs/in-depth/directives#other-directives
[38;5;246m───╯[0m
[39m
[33m[33m[MODULE_LEVEL_DIRECTIVE] [0mThe semantics of the module level directive "use client" in "node_modules/@radix-ui/react-scroll-area/dist/index.mjs" may not be preserved when bundling.
   [38;5;246m╭[0m[38;5;246m─[0m[38;5;246m[[0m node_modules/@radix-ui/react-scroll-area/dist/index.mjs:1:1 [38;5;246m][0m
   [38;5;246m│[0m
 [38;5;246m1 │[0m "use client";
 [38;5;240m  │[0m ──────┬──────  
 [38;5;240m  │[0m       ╰──────── module level directive may not be preserved
 [38;5;240m  │[0m 
 [38;5;240m  │[0m [38;5;115mHelp[0m: For more information, see https://rolldown.rs/in-depth/directives#other-directives
[38;5;246m───╯[0m
[39m
[33m[33m[MODULE_LEVEL_DIRECTIVE] [0mThe semantics of the module level directive "use client" in "node_modules/@radix-ui/react-select/dist/index.mjs" may not be preserved when bundling.
   [38;5;246m╭[0m[38;5;246m─[0m[38;5;246m[[0m node_modules/@radix-ui/react-select/dist/index.mjs:1:1 [38;5;246m][0m
   [38;5;246m│[0m
 [38;5;246m1 │[0m "use client";
 [38;5;240m  │[0m ──────┬──────  
 [38;5;240m  │[0m       ╰──────── module level directive may not be preserved
 [38;5;240m  │[0m 
 [38;5;240m  │[0m [38;5;115mHelp[0m: For more information, see https://rolldown.rs/in-depth/directives#other-directives
[38;5;246m───╯[0m
[39m
[33m[33m[MODULE_LEVEL_DIRECTIVE] [0mThe semantics of the module level directive "use client" in "node_modules/@radix-ui/react-slider/dist/index.mjs" may not be preserved when bundling.
   [38;5;246m╭[0m[38;5;246m─[0m[38;5;246m[[0m node_modules/@radix-ui/react-slider/dist/index.mjs:1:1 [38;5;246m][0m
   [38;5;246m│[0m
 [38;5;246m1 │[0m "use client";
 [38;5;240m  │[0m ──────┬──────  
 [38;5;240m  │[0m       ╰──────── module level directive may not be preserved
 [38;5;240m  │[0m 
 [38;5;240m  │[0m [38;5;115mHelp[0m: For more information, see https://rolldown.rs/in-depth/directives#other-directives
[38;5;246m───╯[0m
[39m
[33m[33m[MODULE_LEVEL_DIRECTIVE] [0mThe semantics of the module level directive "use client" in "node_modules/@radix-ui/react-tabs/dist/index.mjs" may not be preserved when bundling.
   [38;5;246m╭[0m[38;5;246m─[0m[38;5;246m[[0m node_modules/@radix-ui/react-tabs/dist/index.mjs:1:1 [38;5;246m][0m
   [38;5;246m│[0m
 [38;5;246m1 │[0m "use client";
 [38;5;240m  │[0m ──────┬──────  
 [38;5;240m  │[0m       ╰──────── module level directive may not be preserved
 [38;5;240m  │[0m 
 [38;5;240m  │[0m [38;5;115mHelp[0m: For more information, see https://rolldown.rs/in-depth/directives#other-directives
[38;5;246m───╯[0m
[39m
[33m[33m[MODULE_LEVEL_DIRECTIVE] [0mThe semantics of the module level directive "use client" in "node_modules/@radix-ui/react-switch/dist/index.mjs" may not be preserved when bundling.
   [38;5;246m╭[0m[38;5;246m─[0m[38;5;246m[[0m node_modules/@radix-ui/react-switch/dist/index.mjs:1:1 [38;5;246m][0m
   [38;5;246m│[0m
 [38;5;246m1 │[0m "use client";
 [38;5;240m  │[0m ──────┬──────  
 [38;5;240m  │[0m       ╰──────── module level directive may not be preserved
 [38;5;240m  │[0m 
 [38;5;240m  │[0m [38;5;115mHelp[0m: For more information, see https://rolldown.rs/in-depth/directives#other-directives
[38;5;246m───╯[0m
[39m
[33m[33m[MODULE_LEVEL_DIRECTIVE] [0mThe semantics of the module level directive "use client" in "node_modules/@radix-ui/react-toast/dist/index.mjs" may not be preserved when bundling.
   [38;5;246m╭[0m[38;5;246m─[0m[38;5;246m[[0m node_modules/@radix-ui/react-toast/dist/index.mjs:1:1 [38;5;246m][0m
   [38;5;246m│[0m
 [38;5;246m1 │[0m "use client";
 [38;5;240m  │[0m ──────┬──────  
 [38;5;240m  │[0m       ╰──────── module level directive may not be preserved
 [38;5;240m  │[0m 
 [38;5;240m  │[0m [38;5;115mHelp[0m: For more information, see https://rolldown.rs/in-depth/directives#other-directives
[38;5;246m───╯[0m
[39m
[33m[33m[MODULE_LEVEL_DIRECTIVE] [0mThe semantics of the module level directive "use client" in "node_modules/@radix-ui/react-toggle-group/dist/index.mjs" may not be preserved when bundling.
   [38;5;246m╭[0m[38;5;246m─[0m[38;5;246m[[0m node_modules/@radix-ui/react-toggle-group/dist/index.mjs:1:1 [38;5;246m][0m
   [38;5;246m│[0m
 [38;5;246m1 │[0m "use client";
 [38;5;240m  │[0m ──────┬──────  
 [38;5;240m  │[0m       ╰──────── module level directive may not be preserved
 [38;5;240m  │[0m 
 [38;5;240m  │[0m [38;5;115mHelp[0m: For more information, see https://rolldown.rs/in-depth/directives#other-directives
[38;5;246m───╯[0m
[39m
[33m[33m[MODULE_LEVEL_DIRECTIVE] [0mThe semantics of the module level directive "use client" in "node_modules/@radix-ui/react-toggle/dist/index.mjs" may not be preserved when bundling.
   [38;5;246m╭[0m[38;5;246m─[0m[38;5;246m[[0m node_modules/@radix-ui/react-toggle/dist/index.mjs:1:1 [38;5;246m][0m
   [38;5;246m│[0m
 [38;5;246m1 │[0m "use client";
 [38;5;240m  │[0m ──────┬──────  
 [38;5;240m  │[0m       ╰──────── module level directive may not be preserved
 [38;5;240m  │[0m 
 [38;5;240m  │[0m [38;5;115mHelp[0m: For more information, see https://rolldown.rs/in-depth/directives#other-directives
[38;5;246m───╯[0m
[39m
[33m[33m[MODULE_LEVEL_DIRECTIVE] [0mThe semantics of the module level directive "use client" in "node_modules/@radix-ui/react-toolbar/dist/index.mjs" may not be preserved when bundling.
   [38;5;246m╭[0m[38;5;246m─[0m[38;5;246m[[0m node_modules/@radix-ui/react-toolbar/dist/index.mjs:1:1 [38;5;246m][0m
   [38;5;246m│[0m
 [38;5;246m1 │[0m "use client";
 [38;5;240m  │[0m ──────┬──────  
 [38;5;240m  │[0m       ╰──────── module level directive may not be preserved
 [38;5;240m  │[0m 
 [38;5;240m  │[0m [38;5;115mHelp[0m: For more information, see https://rolldown.rs/in-depth/directives#other-directives
[38;5;246m───╯[0m
[39m
[33m[33m[MODULE_LEVEL_DIRECTIVE] [0mThe semantics of the module level directive "use client" in "node_modules/@radix-ui/react-tooltip/dist/index.mjs" may not be preserved when bundling.
   [38;5;246m╭[0m[38;5;246m─[0m[38;5;246m[[0m node_modules/@radix-ui/react-tooltip/dist/index.mjs:1:1 [38;5;246m][0m
   [38;5;246m│[0m
 [38;5;246m1 │[0m "use client";
 [38;5;240m  │[0m ──────┬──────  
 [38;5;240m  │[0m       ╰──────── module level directive may not be preserved
 [38;5;240m  │[0m 
 [38;5;240m  │[0m [38;5;115mHelp[0m: For more information, see https://rolldown.rs/in-depth/directives#other-directives
[38;5;246m───╯[0m
[39m
[33m[33m[MODULE_LEVEL_DIRECTIVE] [0mThe semantics of the module level directive "use client" in "node_modules/@radix-ui/react-collection/dist/index.mjs" may not be preserved when bundling.
   [38;5;246m╭[0m[38;5;246m─[0m[38;5;246m[[0m node_modules/@radix-ui/react-collection/dist/index.mjs:1:1 [38;5;246m][0m
   [38;5;246m│[0m
 [38;5;246m1 │[0m "use client";
 [38;5;240m  │[0m ──────┬──────  
 [38;5;240m  │[0m       ╰──────── module level directive may not be preserved
 [38;5;240m  │[0m 
 [38;5;240m  │[0m [38;5;115mHelp[0m: For more information, see https://rolldown.rs/in-depth/directives#other-directives
[38;5;246m───╯[0m
[39m
[33m[33m[MODULE_LEVEL_DIRECTIVE] [0mThe semantics of the module level directive "use client" in "node_modules/@radix-ui/react-presence/dist/index.mjs" may not be preserved when bundling.
   [38;5;246m╭[0m[38;5;246m─[0m[38;5;246m[[0m node_modules/@radix-ui/react-presence/dist/index.mjs:1:1 [38;5;246m][0m
   [38;5;246m│[0m
 [38;5;246m1 │[0m "use client";
 [38;5;240m  │[0m ──────┬──────  
 [38;5;240m  │[0m       ╰──────── module level directive may not be preserved
 [38;5;240m  │[0m 
 [38;5;240m  │[0m [38;5;115mHelp[0m: For more information, see https://rolldown.rs/in-depth/directives#other-directives
[38;5;246m───╯[0m
[39m
[33m[33m[MODULE_LEVEL_DIRECTIVE] [0mThe semantics of the module level directive "use client" in "node_modules/@radix-ui/react-focus-guards/dist/index.mjs" may not be preserved when bundling.
   [38;5;246m╭[0m[38;5;246m─[0m[38;5;246m[[0m node_modules/@radix-ui/react-focus-guards/dist/index.mjs:1:1 [38;5;246m][0m
   [38;5;246m│[0m
 [38;5;246m1 │[0m "use client";
 [38;5;240m  │[0m ──────┬──────  
 [38;5;240m  │[0m       ╰──────── module level directive may not be preserved
 [38;5;240m  │[0m 
 [38;5;240m  │[0m [38;5;115mHelp[0m: For more information, see https://rolldown.rs/in-depth/directives#other-directives
[38;5;246m───╯[0m
[39m
[33m[33m[MODULE_LEVEL_DIRECTIVE] [0mThe semantics of the module level directive "use client" in "node_modules/@radix-ui/react-popper/dist/index.mjs" may not be preserved when bundling.
   [38;5;246m╭[0m[38;5;246m─[0m[38;5;246m[[0m node_modules/@radix-ui/react-popper/dist/index.mjs:1:1 [38;5;246m][0m
   [38;5;246m│[0m
 [38;5;246m1 │[0m "use client";
 [38;5;240m  │[0m ──────┬──────  
 [38;5;240m  │[0m       ╰──────── module level directive may not be preserved
 [38;5;240m  │[0m 
 [38;5;240m  │[0m [38;5;115mHelp[0m: For more information, see https://rolldown.rs/in-depth/directives#other-directives
[38;5;246m───╯[0m
[39m
[33m[33m[MODULE_LEVEL_DIRECTIVE] [0mThe semantics of the module level directive "use client" in "node_modules/@radix-ui/react-menu/dist/index.mjs" may not be preserved when bundling.
   [38;5;246m╭[0m[38;5;246m─[0m[38;5;246m[[0m node_modules/@radix-ui/react-menu/dist/index.mjs:1:1 [38;5;246m][0m
   [38;5;246m│[0m
 [38;5;246m1 │[0m "use client";
 [38;5;240m  │[0m ──────┬──────  
 [38;5;240m  │[0m       ╰──────── module level directive may not be preserved
 [38;5;240m  │[0m 
 [38;5;240m  │[0m [38;5;115mHelp[0m: For more information, see https://rolldown.rs/in-depth/directives#other-directives
[38;5;246m───╯[0m
[39m
[33m[33m[MODULE_LEVEL_DIRECTIVE] [0mThe semantics of the module level directive "use client" in "node_modules/@radix-ui/react-focus-scope/dist/index.mjs" may not be preserved when bundling.
   [38;5;246m╭[0m[38;5;246m─[0m[38;5;246m[[0m node_modules/@radix-ui/react-focus-scope/dist/index.mjs:1:1 [38;5;246m][0m
   [38;5;246m│[0m
 [38;5;246m1 │[0m "use client";
 [38;5;240m  │[0m ──────┬──────  
 [38;5;240m  │[0m       ╰──────── module level directive may not be preserved
 [38;5;240m  │[0m 
 [38;5;240m  │[0m [38;5;115mHelp[0m: For more information, see https://rolldown.rs/in-depth/directives#other-directives
[38;5;246m───╯[0m
[39m
[33m[33m[MODULE_LEVEL_DIRECTIVE] [0mThe semantics of the module level directive "use client" in "node_modules/@radix-ui/react-dismissable-layer/dist/index.mjs" may not be preserved when bundling.
   [38;5;246m╭[0m[38;5;246m─[0m[38;5;246m[[0m node_modules/@radix-ui/react-dismissable-layer/dist/index.mjs:1:1 [38;5;246m][0m
   [38;5;246m│[0m
 [38;5;246m1 │[0m "use client";
 [38;5;240m  │[0m ──────┬──────  
 [38;5;240m  │[0m       ╰──────── module level directive may not be preserved
 [38;5;240m  │[0m 
 [38;5;240m  │[0m [38;5;115mHelp[0m: For more information, see https://rolldown.rs/in-depth/directives#other-directives
[38;5;246m───╯[0m
[39m
[33m[33m[MODULE_LEVEL_DIRECTIVE] [0mThe semantics of the module level directive "use client" in "node_modules/@radix-ui/react-roving-focus/dist/index.mjs" may not be preserved when bundling.
   [38;5;246m╭[0m[38;5;246m─[0m[38;5;246m[[0m node_modules/@radix-ui/react-roving-focus/dist/index.mjs:1:1 [38;5;246m][0m
   [38;5;246m│[0m
 [38;5;246m1 │[0m "use client";
 [38;5;240m  │[0m ──────┬──────  
 [38;5;240m  │[0m       ╰──────── module level directive may not be preserved
 [38;5;240m  │[0m 
 [38;5;240m  │[0m [38;5;115mHelp[0m: For more information, see https://rolldown.rs/in-depth/directives#other-directives
[38;5;246m───╯[0m
[39m
[33m[33m[INEFFECTIVE_DYNAMIC_IMPORT] [0mpackages/excalidraw/locales/en.json is dynamically imported by packages/excalidraw/i18n.ts but also statically imported by packages/excalidraw/i18n.ts, dynamic import will not move module into another chunk.
[39m
[33m[33m[INEFFECTIVE_DYNAMIC_IMPORT] [0mpackages/excalidraw/data/image.ts is dynamically imported by packages/excalidraw/data/blob.ts, packages/excalidraw/data/index.ts but also statically imported by packages/utils/src/export.ts, dynamic import will not move module into another chunk.
[39m
[33m[33m[INEFFECTIVE_DYNAMIC_IMPORT] [0mnode_modules/@excalidraw/mermaid-to-excalidraw/dist/index.js is dynamically imported by packages/excalidraw/components/App.tsx, packages/excalidraw/components/TTDDialog/TTDDialog.tsx but also statically imported by packages/excalidraw/components/TTDDialog/hooks/useTextGeneration.ts, dynamic import will not move module into another chunk.
[39m
[32m✓ built in 3.23s[39m
