$ vite build
[36mvite v8.0.11 [32mbuilding client environment for production...[36m[39m
[2Ktransforming...Found 1 warning while optimizing generated CSS:

[2m│     color: var(--foreground);[22m
[2m│   }[22m
[2m│[22m   ::highlight(memo-search-match) {
[2m┆[22m               [33m[2m^--[22m 'highlight' is not recognized as a valid pseudo-element. Did you mean ':highlight' (pseudo-class) or is this a typo?[39m
[2m┆[22m
[2m│     background-color: var(--warning);[22m
[2m│     @supports (color: color-mix(in lab, red, red)) {[22m

✓ 5237 modules transformed.
[33m[lightningcss minify] 'highlight' is not recognized as a valid pseudo-element. Did you mean ':highlight' (pseudo-class) or is this a typo?
1  |  /*! tailwindcss v4.2.4 | MIT License | https://tailwindcss.com */
2  |  ...color:var(--background);color:var(--foreground)}::highlight(memo-search-match){background-color:var(--warning)}@su...
   |                                                                 ^[39m
[33m[lightningcss minify] 'highlight' is not recognized as a valid pseudo-element. Did you mean ':highlight' (pseudo-class) or is this a typo?
1  |  /*! tailwindcss v4.2.4 | MIT License | https://tailwindcss.com */
2  |  ...)}@supports (color:color-mix(in lab, red, red)){::highlight(memo-search-match){background-color:color-mix(in oklch...
   |                                                                 ^[39m
rendering chunks...
computing gzip size...
dist/index.html                                           3.12 kB │ gzip:   0.93 kB
dist/assets/KaTeX_Size3-Regular-CTq5MqoE.woff             4.42 kB
dist/assets/KaTeX_Size4-Regular-Dl5lxZxV.woff2            4.92 kB
dist/assets/KaTeX_Size2-Regular-Dy4dx90m.woff2            5.20 kB
dist/assets/KaTeX_Size1-Regular-mCD8mA8B.woff2            5.46 kB
dist/assets/KaTeX_Size4-Regular-BF-4gkZK.woff             5.98 kB
dist/assets/KaTeX_Size2-Regular-oD1tc_U0.woff             6.18 kB
dist/assets/KaTeX_Size1-Regular-C195tn64.woff             6.49 kB
dist/assets/KaTeX_Caligraphic-Regular-Di6jR-x-.woff2      6.90 kB
dist/assets/KaTeX_Caligraphic-Bold-Dq_IR9rO.woff2         6.91 kB
dist/assets/KaTeX_Size3-Regular-DgpXs0kz.ttf              7.58 kB
dist/assets/KaTeX_Caligraphic-Regular-CTRA-rTL.woff       7.65 kB
dist/assets/KaTeX_Caligraphic-Bold-BEiXGLvX.woff          7.71 kB
dist/assets/KaTeX_Script-Regular-D3wIWfF6.woff2           9.64 kB
dist/assets/KaTeX_SansSerif-Regular-DDBCnlJ7.woff2       10.34 kB
dist/assets/KaTeX_Size4-Regular-DWFBv043.ttf             10.36 kB
dist/assets/KaTeX_Script-Regular-D5yQViql.woff           10.58 kB
dist/assets/KaTeX_Fraktur-Regular-CTYiF6lA.woff2         11.31 kB
dist/assets/KaTeX_Fraktur-Bold-CL6g_b3V.woff2            11.34 kB
dist/assets/KaTeX_Size2-Regular-B7gKUWhC.ttf             11.50 kB
dist/assets/KaTeX_SansSerif-Italic-C3H0VqGB.woff2        12.02 kB
dist/assets/KaTeX_SansSerif-Bold-D1sUS0GD.woff2          12.21 kB
dist/assets/KaTeX_Size1-Regular-Dbsnue_I.ttf             12.22 kB
dist/assets/KaTeX_SansSerif-Regular-CS6fqUqJ.woff        12.31 kB
dist/assets/KaTeX_Caligraphic-Regular-wX97UBjC.ttf       12.34 kB
dist/assets/KaTeX_Caligraphic-Bold-ATXxdsX0.ttf          12.36 kB
dist/assets/KaTeX_Fraktur-Regular-Dxdc4cR9.woff          13.20 kB
dist/assets/KaTeX_Fraktur-Bold-BsDP51OF.woff             13.29 kB
dist/assets/KaTeX_Typewriter-Regular-CO6r4hn1.woff2      13.56 kB
dist/assets/KaTeX_SansSerif-Italic-DN2j7dab.woff         14.11 kB
dist/assets/KaTeX_SansSerif-Bold-DbIhKOiC.woff           14.40 kB
dist/assets/KaTeX_Typewriter-Regular-C0xS9mPB.woff       16.02 kB
dist/assets/KaTeX_Math-BoldItalic-CZnvNsCZ.woff2         16.40 kB
dist/assets/KaTeX_Math-Italic-t53AETM-.woff2             16.44 kB
dist/assets/KaTeX_Script-Regular-C5JkGWo-.ttf            16.64 kB
dist/assets/KaTeX_Main-BoldItalic-DxDJ3AOS.woff2         16.78 kB
dist/assets/KaTeX_Main-Italic-NWA7e6Wa.woff2             16.98 kB
dist/assets/KaTeX_Math-BoldItalic-iY-2wyZ7.woff          18.66 kB
dist/assets/KaTeX_Math-Italic-DA0__PXp.woff              18.74 kB
dist/assets/KaTeX_Main-BoldItalic-SpSLRI95.woff          19.41 kB
dist/assets/KaTeX_SansSerif-Regular-BNo7hRIc.ttf         19.43 kB
dist/assets/KaTeX_Fraktur-Regular-CB_wures.ttf           19.57 kB
dist/assets/KaTeX_Fraktur-Bold-BdnERNNW.ttf              19.58 kB
dist/assets/KaTeX_Main-Italic-BMLOBm91.woff              19.67 kB
dist/assets/KaTeX_SansSerif-Italic-YYjJ1zSn.ttf          22.36 kB
dist/assets/KaTeX_SansSerif-Bold-CFMepnvq.ttf            24.50 kB
dist/assets/KaTeX_Main-Bold-Cx986IdX.woff2               25.32 kB
dist/assets/KaTeX_Main-Regular-B22Nviop.woff2            26.27 kB
dist/assets/KaTeX_Typewriter-Regular-D3Ib7_Hf.ttf        27.55 kB
dist/assets/KaTeX_AMS-Regular-BQhdFMY1.woff2             28.07 kB
dist/assets/KaTeX_Main-Bold-Jm3AIy58.woff                29.91 kB
dist/assets/KaTeX_Main-Regular-Dr94JaBh.woff             30.77 kB
dist/assets/KaTeX_Math-BoldItalic-B3XSjfu4.ttf           31.19 kB
dist/assets/KaTeX_Math-Italic-flOr_0UB.ttf               31.30 kB
dist/assets/KaTeX_Main-BoldItalic-DzxPMmG6.ttf           32.96 kB
dist/assets/KaTeX_AMS-Regular-DMm9YOAa.woff              33.51 kB
dist/assets/KaTeX_Main-Italic-3WenGoN9.ttf               33.58 kB
dist/assets/KaTeX_Main-Bold-waoOVXN0.ttf                 51.33 kB
dist/assets/KaTeX_Main-Regular-ypZvNtVU.ttf              53.58 kB
dist/assets/KaTeX_AMS-Regular-DRggAlZN.ttf               63.63 kB
dist/assets/maplibre-gl-worker-d8LlsJT9.js              486.77 kB
dist/assets/Map-CKGHnt6k.css                              0.69 kB │ gzip:   0.18 kB
dist/assets/MemoEditor-Dd8F6BAe.css                       3.87 kB │ gzip:   1.06 kB
dist/assets/leaflet-vendor-vh-t_kPv.css                  15.09 kB │ gzip:   6.36 kB
dist/assets/MathMarkdownRenderer-CSceNpVM.css            28.84 kB │ gzip:   7.92 kB
dist/assets/positron-CKRTiAqP.css                        82.86 kB │ gzip:  10.71 kB
dist/assets/index-BIW_r7Gn.css                          142.68 kB │ gzip:  21.09 kB
dist/assets/array-w_RTuv1J.js                             0.10 kB │ gzip:   0.11 kB
dist/assets/channel-DgqOS_OO.js                           0.11 kB │ gzip:   0.12 kB
dist/assets/pie-ZZUOXDRM-BxWTT4Iu.js                      0.11 kB │ gzip:   0.11 kB
dist/assets/info-OMHHGYJF-Bp12D9GW.js                     0.11 kB │ gzip:   0.11 kB
dist/assets/radar-PYXPWWZC-Cyzdupy6.js                    0.11 kB │ gzip:   0.12 kB
dist/assets/packet-4T2RLAQJ-CyVC7wtD.js                   0.12 kB │ gzip:   0.12 kB
dist/assets/treemap-W4RFUUIX-4lv6ZYdK.js                  0.12 kB │ gzip:   0.12 kB
dist/assets/wardley-RL74JXVD-DBeltB9B.js                  0.12 kB │ gzip:   0.12 kB
dist/assets/gitGraph-7Q5UKJZL-BcSwf8wq.js                 0.12 kB │ gzip:   0.12 kB
dist/assets/treeView-SZITEDCU-CiXB2_pd.js                 0.12 kB │ gzip:   0.12 kB
dist/assets/architecture-YZFGNWBL-D-SDWmNN.js             0.12 kB │ gzip:   0.12 kB
dist/assets/core-pc-9FPpt.js                              0.12 kB │ gzip:   0.12 kB
dist/assets/init-Cvjgvi8K.js                              0.14 kB │ gzip:   0.12 kB
dist/assets/chunk-QZHKN3VN-C_NEi0QW.js                    0.18 kB │ gzip:   0.15 kB
dist/assets/chunk-4BX2VUAB-DbAjLnEg.js                    0.21 kB │ gzip:   0.16 kB
dist/assets/constants-C-PTC7bS.js                         0.21 kB │ gzip:   0.12 kB
dist/assets/chunk-55IACEB6-BgWxCVft.js                    0.22 kB │ gzip:   0.19 kB
dist/assets/deriveDefaultCreateTime-BgYNkKX6.js           0.26 kB │ gzip:   0.19 kB
dist/assets/chunk-426QAEUC-B9zwyr7N.js                    0.27 kB │ gzip:   0.23 kB
dist/assets/chunk-FMBD7UC4-Bn-pRrwM.js                    0.35 kB │ gzip:   0.26 kB
dist/assets/Separator-02dTvn7k.js                         0.36 kB │ gzip:   0.25 kB
dist/assets/loader-BI48Mu4j.js                            0.40 kB │ gzip:   0.23 kB
dist/assets/dockerfile-B1OFCFzc.js                        0.40 kB │ gzip:   0.31 kB
dist/assets/json-Cjo5B1dl.js                              0.41 kB │ gzip:   0.31 kB
dist/assets/chunk-FOC6F5B3-CfoJdIMz.js                    0.45 kB │ gzip:   0.31 kB
dist/assets/chunk-2KRD3SAO-CrPk5nSH.js                    0.45 kB │ gzip:   0.31 kB
dist/assets/chunk-67CJDMHE-pFk6EIUD.js                    0.46 kB │ gzip:   0.31 kB
dist/assets/chunk-KGLVRYIC-Bz0aVFCW.js                    0.46 kB │ gzip:   0.31 kB
dist/assets/chunk-CIAEETIT-DtReAs0z.js                    0.50 kB │ gzip:   0.35 kB
dist/assets/diff-DS3HT2IW.js                              0.50 kB │ gzip:   0.30 kB
dist/assets/chunk-EDXVE4YY-DZwblHrz.js                    0.53 kB │ gzip:   0.37 kB
dist/assets/PermissionDenied-BMblKz9w.js                  0.59 kB │ gzip:   0.37 kB
dist/assets/chunk-AA7GKIK3-DjXBSz45.js                    0.60 kB │ gzip:   0.39 kB
dist/assets/infoDiagram-42DDH7IO-V7_w4iN8.js              0.61 kB │ gzip:   0.40 kB
dist/assets/x-CtTvJjTW.js                                 0.62 kB │ gzip:   0.37 kB
dist/assets/chunk-ORNJ4GCN-CwOImhiX.js                    0.65 kB │ gzip:   0.40 kB
dist/assets/stateDiagram-v2-QKLJ7IA2-CxNHSLPz.js          0.67 kB │ gzip:   0.40 kB
dist/assets/NotFound-Zmmoi_9b.js                          0.70 kB │ gzip:   0.43 kB
dist/assets/graphql-DdlN-NgP.js                           0.70 kB │ gzip:   0.46 kB
dist/assets/classDiagram-6PBFFD2Q-Chyr1mHR.js             0.74 kB │ gzip:   0.43 kB
dist/assets/classDiagram-v2-HSJHXN6E-eFrtnPPC.js          0.74 kB │ gzip:   0.43 kB
dist/assets/chunk-7N4EOEYR--B5qlAb2.js                    0.90 kB │ gzip:   0.48 kB
dist/assets/line-0pALrCIt.js                              0.94 kB │ gzip:   0.47 kB
dist/assets/chunk-ZZ45TVLE-t0PO69hn.js                    0.95 kB │ gzip:   0.58 kB
dist/assets/Explore-DGzwwY2D.js                           1.08 kB │ gzip:   0.68 kB
dist/assets/github-PZ9R1yp3.js                            1.09 kB │ gzip:   0.46 kB
dist/assets/github-dark-dimmed-BHwT5Y8P.js                1.09 kB │ gzip:   0.47 kB
dist/assets/sun-Bo3JRAOp.js                               1.10 kB │ gzip:   0.47 kB
dist/assets/format-B-cX1LH3.js                            1.16 kB │ gzip:   0.69 kB
dist/assets/ordinal-CkIvzE1P.js                           1.17 kB │ gzip:   0.56 kB
dist/assets/preload-helper-DzyYoeor.js                    1.19 kB │ gzip:   0.68 kB
dist/assets/rolldown-runtime-zSbnoVup.js                  1.27 kB │ gzip:   0.69 kB
dist/assets/Archived-Cn7tytIL.js                          1.32 kB │ gzip:   0.80 kB
dist/assets/MemoListError-D9h3R0Mv.js                     1.36 kB │ gzip:   0.72 kB
dist/assets/go-BhHgZqQ-.js                                1.40 kB │ gzip:   0.70 kB
dist/assets/AdminSignIn-CT1rSUOm.js                       1.41 kB │ gzip:   0.77 kB
dist/assets/chunk-LIHQZDEY-oIsjtrSH.js                    1.46 kB │ gzip:   0.78 kB
dist/assets/error-DZ4qshD2.js                             1.55 kB │ gzip:   0.86 kB
dist/assets/PasswordSignInForm-pqWBkYlI.js                1.66 kB │ gzip:   0.93 kB
dist/assets/useIdentityProviderQueries-CSNDMJPr.js        1.72 kB │ gzip:   1.01 kB
dist/assets/Setting-BWvrWZYG.js                           1.76 kB │ gzip:   1.00 kB
dist/assets/yaml-DNj05Uj1.js                              1.83 kB │ gzip:   0.82 kB
dist/assets/chunk-X2U36JSP-DXJICoF2.js                    1.83 kB │ gzip:   0.89 kB
dist/assets/xml-Bu2RFvgS.js                               1.89 kB │ gzip:   0.77 kB
dist/assets/Home-BYsGMWvz.js                              1.91 kB │ gzip:   1.10 kB
dist/assets/chunk-YZCP3GAM-CNp1v5EE.js                    1.93 kB │ gzip:   0.86 kB
dist/assets/markdown-CKO_H4mU.js                          2.07 kB │ gzip:   0.87 kB
dist/assets/chunk-BSJP7CBP-wETuhX8i.js                    2.09 kB │ gzip:   0.81 kB
dist/assets/SignIn-CK-Rr1_k.js                            2.16 kB │ gzip:   1.13 kB
dist/assets/dist-DPuLuqEY.js                              2.17 kB │ gzip:   0.97 kB
dist/assets/AuthCallback-DRy6P57M.js                      2.27 kB │ gzip:   1.15 kB
dist/assets/path-BA4kcoAV.js                              2.31 kB │ gzip:   0.99 kB
dist/assets/java-CUpIF0TO.js                              2.55 kB │ gzip:   1.19 kB
dist/assets/rust-D11uksRq.js                              2.66 kB │ gzip:   1.42 kB
dist/assets/diagram-5BDNPKRD-CUf2ssS7.js                  2.78 kB │ gzip:   1.35 kB
dist/assets/bash-CpBHdyjh.js                              2.83 kB │ gzip:   1.56 kB
dist/assets/python-DZVOyFY5.js                            3.25 kB │ gzip:   1.46 kB
dist/assets/kotlin-VmroILwh.js                            3.31 kB │ gzip:   1.40 kB
dist/assets/chunk-336JU56O-DzCxYw0M.js                    3.32 kB │ gzip:   1.44 kB
dist/assets/arc-CLbhiMMC.js                               3.47 kB │ gzip:   1.46 kB
dist/assets/react-dom-De4ljgjk.js                         3.59 kB │ gzip:   1.36 kB
dist/assets/ruby-DPHSP23v.js                              3.79 kB │ gzip:   1.72 kB
dist/assets/csharp-D3c6Y8Kw.js                            3.84 kB │ gzip:   1.58 kB
dist/assets/c-DYYZvNXZ.js                                 3.91 kB │ gzip:   1.85 kB
dist/assets/SignUp-CZ_w5soT.js                            4.03 kB │ gzip:   1.90 kB
dist/assets/diagram-TYMM5635-0qMERnvC.js                  4.24 kB │ gzip:   1.83 kB
dist/assets/mermaid-parser.core-Do1x__iD.js               4.40 kB │ gzip:   1.40 kB
dist/assets/defaultLocale-C061bpWn.js                     4.64 kB │ gzip:   2.12 kB
dist/assets/UserProfile-DKXCQ-Xy.js                       4.73 kB │ gzip:   2.10 kB
dist/assets/Placeholder-CjRjxpIe.js                       4.78 kB │ gzip:   1.94 kB
dist/assets/pieDiagram-DEJITSTG--N-TR0rS.js               5.22 kB │ gzip:   2.28 kB
dist/assets/MemoPanel-CCqdcN_v.js                         5.43 kB │ gzip:   2.61 kB
dist/assets/cpp-C3eH3cxa.js                               5.45 kB │ gzip:   2.48 kB
dist/assets/linear-ByJIzhza.js                            5.52 kB │ gzip:   2.25 kB
dist/assets/sql-BuFWhoUU.js                               5.56 kB │ gzip:   2.40 kB
dist/assets/LocationPicker-C3fEqZ6Z.js                    5.58 kB │ gzip:   2.52 kB
dist/assets/diagram-MMDJMWI5-IB6EAUwF.js                  5.77 kB │ gzip:   2.39 kB
dist/assets/graphlib-MDlFfqE4.js                          5.79 kB │ gzip:   1.81 kB
dist/assets/php-BHpRZbYE.js                               5.97 kB │ gzip:   2.51 kB
dist/assets/javascript-B9NOm6WO.js                        6.33 kB │ gzip:   2.60 kB
dist/assets/MemoContent-BBA5Ovos.js                       6.76 kB │ gzip:   3.14 kB
dist/assets/About-DWIDVLTl.js                             7.53 kB │ gzip:   3.25 kB
dist/assets/typescript-BQCymJ-t.js                        7.59 kB │ gzip:   3.07 kB
dist/assets/swift-Bnz4DLAc.js                             7.96 kB │ gzip:   3.49 kB
dist/assets/CredentialFields-yjGFuevy.js                  8.02 kB │ gzip:   3.39 kB
dist/assets/jsx-runtime-DxKf3yUy.js                       8.07 kB │ gzip:   3.02 kB
dist/assets/CustomIcon-CMPQ0Kyp.js                        9.38 kB │ gzip:   3.99 kB
dist/assets/MemoDetail-CBOx9nKo.js                       10.34 kB │ gzip:   4.49 kB
dist/assets/stateDiagram-FHFEXIEX-BDfXKjHc.js            10.52 kB │ gzip:   3.68 kB
dist/assets/AuthContext-CJFdcArH.js                      10.69 kB │ gzip:   3.74 kB
dist/assets/dagre-KV5264BT-CYrK8Rxi.js                   11.05 kB │ gzip:   4.12 kB
dist/assets/button-BTLUO-yx.js                           11.73 kB │ gzip:   4.90 kB
dist/assets/css-B8IjAoqE.js                              11.78 kB │ gzip:   4.22 kB
dist/assets/dist-DSRFmU1K.js                             11.93 kB │ gzip:   4.75 kB
dist/assets/dialog-BW46Hk1h.js                           12.55 kB │ gzip:   4.37 kB
dist/assets/MathMarkdownRenderer-BQIwQACE.js             12.58 kB │ gzip:   4.90 kB
dist/assets/AudioAttachmentItem-C1nZQxHC.js              15.03 kB │ gzip:   6.03 kB
dist/assets/diagram-G4DWMVQ6-Dxafdqpe.js                 15.51 kB │ gzip:   5.42 kB
dist/assets/MemoViews-BQndDVca.js                        15.61 kB │ gzip:   5.20 kB
dist/assets/ishikawaDiagram-UXIWVN3A-GPTWV0uJ.js         17.30 kB │ gzip:   6.51 kB
dist/assets/PagedMemoList-BwWB-J0j.js                    17.54 kB │ gzip:   7.72 kB
dist/assets/Attachments-CpFrEaMZ.js                      19.77 kB │ gzip:   6.16 kB
dist/assets/kanban-definition-6JOO6SKY-C6Ha4tWP.js       20.22 kB │ gzip:   7.12 kB
dist/assets/core-CahEHczd.js                             20.30 kB │ gzip:   8.01 kB
dist/assets/MemoShareImageDialog-jnPB6Lb7.js             21.43 kB │ gzip:   8.35 kB
dist/assets/sankeyDiagram-XADWPNL6-CuFv79tW.js           21.69 kB │ gzip:   7.81 kB
dist/assets/useSpaceQueries-DS7YvM7w.js                  21.81 kB │ gzip:   6.39 kB
dist/assets/Calendar-DDSmgxnV.js                         21.88 kB │ gzip:   9.52 kB
dist/assets/mindmap-definition-QFDTVHPH-BOTCT5vL.js      22.69 kB │ gzip:   7.62 kB
dist/assets/journeyDiagram-VCZTEJTY-uE1twhkc.js          23.16 kB │ gzip:   8.16 kB
dist/assets/wardleyDiagram-NUSXRM2D-B7IzRa_2.js          23.87 kB │ gzip:   6.29 kB
dist/assets/chunk-5PVQY5BW-DtIVFnOA.js                   23.98 kB │ gzip:   6.40 kB
dist/assets/dagre-BEW0j7Q7.js                            25.30 kB │ gzip:   8.83 kB
dist/assets/erDiagram-SMLLAGMA-DR0GTv-d.js               26.81 kB │ gzip:   9.33 kB
dist/assets/Inboxes--JKdvkDU.js                          26.85 kB │ gzip:   7.19 kB
dist/assets/rough.esm-BPHdfQMc.js                        27.10 kB │ gzip:   8.85 kB
dist/assets/utils-C1SsKtx7.js                            28.77 kB │ gzip:   9.42 kB
dist/assets/gitGraphDiagram-UUTBAWPF-BnDi0kWJ.js         28.97 kB │ gzip:   8.55 kB
dist/assets/timeline-definition-GMOUNBTQ-Pb0cUWM7.js     30.39 kB │ gzip:   9.97 kB
dist/assets/requirementDiagram-MS252O5E-iYq4FDyx.js      30.96 kB │ gzip:   9.76 kB
dist/assets/PreviewImageDialog-Cx32mxcB.js               31.45 kB │ gzip:  11.37 kB
dist/assets/mermaid.core-DUlyqAJe.js                     32.28 kB │ gzip:  11.26 kB
dist/assets/quadrantDiagram-34T5L4WZ-0YAusJE6.js         33.34 kB │ gzip:   9.70 kB
dist/assets/chunk-ENJZ2VHE-DCADrHzx.js                   33.39 kB │ gzip:   7.06 kB
dist/assets/chunk-OYMX7WX6-CbFZJtZu.js                   36.59 kB │ gzip:  11.80 kB
dist/assets/NewMemoContext-B57MfizN.js                   37.04 kB │ gzip:  12.52 kB
dist/assets/src-DvXGSapm.js                              38.73 kB │ gzip:  13.16 kB
dist/assets/xychartDiagram-5P7HB3ND-CK4QwpCu.js          40.04 kB │ gzip:  11.19 kB
dist/assets/MemoMarkdownRenderer-Dj1pqNNy.js             40.12 kB │ gzip:  14.14 kB
dist/assets/vennDiagram-DHZGUBPP-OFqgSjZr.js             40.62 kB │ gzip:  14.89 kB
dist/assets/zh-Hans-CC4_CrSP.js                          40.93 kB │ gzip:  15.89 kB
dist/assets/en-GB-DmAw82rn.js                            41.49 kB │ gzip:  14.23 kB
dist/assets/en-BdEglQzG.js                               41.52 kB │ gzip:  14.22 kB
dist/assets/zh-Hant-DZg9g4Px.js                          41.58 kB │ gzip:  15.86 kB
dist/assets/chunk-XPW4576I-00CFPARs.js                   41.85 kB │ gzip:  14.22 kB
dist/assets/MemoView-B4zkfAG0.js                         42.79 kB │ gzip:  16.22 kB
dist/assets/da-T0iLtm5J.js                               43.90 kB │ gzip:  15.47 kB
dist/assets/nb-DUjX79rH.js                               43.98 kB │ gzip:  15.50 kB
dist/assets/id-IeTnKjm9.js                               44.29 kB │ gzip:  14.86 kB
dist/assets/et-D3nQYnGI.js                               44.36 kB │ gzip:  15.88 kB
dist/assets/sv-B0f_fAMV.js                               44.86 kB │ gzip:  15.69 kB
dist/assets/sl-BZ8MwM2y.js                               45.08 kB │ gzip:  16.20 kB
dist/assets/hr-Qfwvg1V8.js                               45.32 kB │ gzip:  16.22 kB
dist/assets/Map-BoHKSEd3.js                              45.65 kB │ gzip:  13.38 kB
dist/assets/nl-293tTx6O.js                               45.66 kB │ gzip:  15.86 kB
dist/assets/fi-y2D2CNp9.js                               46.22 kB │ gzip:  16.24 kB
dist/assets/tr-DR4iyS8m.js                               46.41 kB │ gzip:  15.94 kB
dist/assets/pt-PT-DJ_tVd9s.js                            46.50 kB │ gzip:  16.07 kB
dist/assets/it--DVY4Q6g.js                               46.58 kB │ gzip:  15.85 kB
dist/assets/pt-BR-C_eq7jVL.js                            46.62 kB │ gzip:  16.06 kB
dist/assets/gl-BBWKi4b3.js                               46.63 kB │ gzip:  15.99 kB
dist/assets/chunk-4TB4RGXK-DlrXLe3F.js                   46.89 kB │ gzip:  15.13 kB
dist/assets/cs-C9sMPCxO.js                               47.13 kB │ gzip:  16.91 kB
dist/assets/pl-COEnETJ-.js                               47.17 kB │ gzip:  16.81 kB
dist/assets/lt-CsjWKWrg.js                               47.28 kB │ gzip:  16.74 kB
dist/assets/sk-DBXXCO3t.js                               47.33 kB │ gzip:  16.86 kB
dist/assets/ro-5MlJUdD-.js                               47.63 kB │ gzip:  16.37 kB
dist/assets/ca-exUdLAQi.js                               47.66 kB │ gzip:  16.22 kB
dist/assets/lv-yZHZGkit.js                               47.74 kB │ gzip:  16.50 kB
dist/assets/es-COGRAVup.js                               47.74 kB │ gzip:  16.14 kB
dist/assets/az-COhk-ogF.js                               47.97 kB │ gzip:  16.19 kB
dist/assets/de-CBX9ON75.js                               48.08 kB │ gzip:  16.63 kB
dist/assets/utils-vendor-Dm-DezCy.js                     48.14 kB │ gzip:  17.18 kB
dist/assets/hu-CqmJ0Msb.js                               49.23 kB │ gzip:  17.21 kB
dist/assets/fr-B9AhaiFQ.js                               49.30 kB │ gzip:  16.54 kB
dist/assets/ko-GeGR8aUT.js                               49.75 kB │ gzip:  16.40 kB
dist/assets/useOpenInteractionType-DNo85QpA.js           51.53 kB │ gzip:  17.65 kB
dist/assets/chunk-U2HBQHQK-CsDPxJcs.js                   52.52 kB │ gzip:  17.15 kB
dist/assets/he-As6ECcIw.js                               53.49 kB │ gzip:  16.18 kB
dist/assets/vi-Bf0u4Pkw.js                               53.74 kB │ gzip:  16.24 kB
dist/assets/dist-CvdIes0Y.js                             54.40 kB │ gzip:  17.91 kB
dist/assets/ja-IT2mctjb.js                               55.41 kB │ gzip:  17.09 kB
dist/assets/ganttDiagram-T4ZO3ILL-C45iKJnt.js            58.57 kB │ gzip:  18.99 kB
dist/assets/ar-3_LWhIam.js                               59.04 kB │ gzip:  17.14 kB
dist/assets/flowDiagram-DWJPFMVM-D0PPGWY8.js             60.22 kB │ gzip:  19.52 kB
dist/assets/fa-PkaLIuPp.js                               63.20 kB │ gzip:  17.54 kB
dist/assets/sr-Ds6AKnev.js                               64.84 kB │ gzip:  18.43 kB
dist/assets/timestamp-ClJq5768.js                        66.47 kB │ gzip:  17.71 kB
dist/assets/c4Diagram-AHTNJAMY-BatDrt-F.js               69.17 kB │ gzip:  19.33 kB
dist/assets/uk-DZv9ZhSB.js                               69.62 kB │ gzip:  19.01 kB
dist/assets/blockDiagram-DXYQGD6D-C4iDOQ6I.js            69.88 kB │ gzip:  19.66 kB
dist/assets/ru-DQsgb2C4.js                               70.16 kB │ gzip:  19.27 kB
dist/assets/bg-J3ZEckMm.js                               70.51 kB │ gzip:  18.66 kB
dist/assets/el-D9hkiWiA.js                               73.52 kB │ gzip:  19.73 kB
dist/assets/full.esm-CKulWIxh.js                         75.08 kB │ gzip:  26.54 kB
dist/assets/cose-bilkent-S5V4N54A-DIh1rb53.js            81.40 kB │ gzip:  21.57 kB
dist/assets/hi-CwgDXsXh.js                               83.19 kB │ gzip:  18.39 kB
dist/assets/th-NRnRsHOn.js                               83.93 kB │ gzip:  17.60 kB
dist/assets/mr-CC5btF9N.js                               84.77 kB │ gzip:  18.79 kB
dist/assets/ka-GE-BGtIAjzc.js                            90.94 kB │ gzip:  18.56 kB
dist/assets/chunk-5FUZZQ4R-CfuptPI0.js                   97.91 kB │ gzip:  23.96 kB
dist/assets/sequenceDiagram-FGHM5R23-BOy5o0mo.js        115.51 kB │ gzip:  30.46 kB
dist/assets/architectureDiagram-Q4EWVU46-CDTg24KX.js    146.79 kB │ gzip:  40.24 kB
dist/assets/leaflet-vendor-Duou1DWs.js                  148.82 kB │ gzip:  43.38 kB
dist/assets/BasemapLayer-C9YEHZPy.js                    194.40 kB │ gzip:  60.05 kB
dist/assets/chunk-ICPOFSXX-Bgfiy2W8.js                  216.31 kB │ gzip:  34.12 kB
dist/assets/connect-DMat5fhN.js                         236.64 kB │ gzip:  74.63 kB
dist/assets/katex-BtaLd1TI.js                           257.05 kB │ gzip:  76.97 kB
dist/assets/cytoscape.esm-Cfvq-0-X.js                   434.15 kB │ gzip: 137.51 kB
dist/assets/chunk-K5T4RW27-BSsGcVVi.js                  473.92 kB │ gzip: 102.04 kB
dist/assets/MemoEditor-Dv0n356N.js                      549.68 kB │ gzip: 192.90 kB
dist/assets/es-DuuXCqDd.js                              892.06 kB │ gzip: 296.51 kB
dist/assets/positron-CFjrbkS_.js                        995.05 kB │ gzip: 265.06 kB
dist/assets/index-D_xJxUE1.js                         1,266.38 kB │ gzip: 401.60 kB

[33m[33m[PLUGIN_TIMINGS] Warning:[0m Your build spent significant time in plugins. Here is a breakdown:
  - @rolldown/plugin-babel (86%)
  - vite:css (5%)
See https://rolldown.rs/options/checks#plugintimings for more details.
[39m
[33m[plugin builtin:vite-reporter] 
(!) Some chunks are larger than 500 kB after minification. Consider:
- Using dynamic import() to code-split the application
- Use build.rolldownOptions.output.codeSplitting to improve chunking: https://rolldown.rs/reference/OutputOptions.codeSplitting
- Adjust chunk size limit for this warning via build.chunkSizeWarningLimit.[39m
[32m✓ built in 14.15s[39m
