vite v8.3.0 building client environment for development...

watching for file changes...

build started...
transforming...
✓ 1056 modules transformed.
rendering chunks...
computing gzip size...
dist/index.html                     0.41 kB │ gzip:   0.29 kB
dist/assets/index-kW4ACz9H.css     10.30 kB │ gzip:   2.81 kB
dist/assets/index-Cbh2HZ5W.js   1,388.22 kB │ gzip: 248.20 kB │ map: 2,359.09 kB

built in 422ms.

build started...
transforming...
✓ 1056 modules transformed.
rendering chunks...
computing gzip size...
dist/index.html                     0.41 kB │ gzip:   0.29 kB
dist/assets/index-kW4ACz9H.css     10.30 kB │ gzip:   2.81 kB
dist/assets/index-BqFW4WYn.js   1,388.30 kB │ gzip: 248.25 kB │ map: 2,359.19 kB

built in 535ms.

build started...
transforming...
✓ 1056 modules transformed.
rendering chunks...
computing gzip size...
dist/index.html                     0.41 kB │ gzip:   0.29 kB
dist/assets/index-kW4ACz9H.css     10.30 kB │ gzip:   2.81 kB
dist/assets/index-Cbh2HZ5W.js   1,388.22 kB │ gzip: 248.20 kB │ map: 2,359.09 kB

built in 307ms.

build started...
transforming...
✓ 1056 modules transformed.
rendering chunks...
computing gzip size...
dist/index.html                     0.41 kB │ gzip:   0.29 kB
dist/assets/index-kW4ACz9H.css     10.30 kB │ gzip:   2.81 kB
dist/assets/index-BZXnYZln.js   1,388.30 kB │ gzip: 248.25 kB │ map: 2,359.20 kB

built in 330ms.

build started...
transforming...
✓ 1056 modules transformed.
rendering chunks...
computing gzip size...
dist/index.html                     0.41 kB │ gzip:   0.29 kB
dist/assets/index-kW4ACz9H.css     10.30 kB │ gzip:   2.81 kB
dist/assets/index-Cbh2HZ5W.js   1,388.22 kB │ gzip: 248.20 kB │ map: 2,359.09 kB

built in 357ms.

build started...
transforming...
✓ 1056 modules transformed.
rendering chunks...
computing gzip size...
dist/index.html                     0.41 kB │ gzip:   0.29 kB
dist/assets/index-kW4ACz9H.css     10.30 kB │ gzip:   2.81 kB
dist/assets/index-DuJBe1_t.js   1,388.30 kB │ gzip: 248.25 kB │ map: 2,359.20 kB

built in 371ms.

build started...
transforming...
✓ 1056 modules transformed.
rendering chunks...
computing gzip size...
dist/index.html                     0.41 kB │ gzip:   0.29 kB
dist/assets/index-kW4ACz9H.css     10.30 kB │ gzip:   2.81 kB
dist/assets/index-Cbh2HZ5W.js   1,388.22 kB │ gzip: 248.20 kB │ map: 2,359.09 kB

built in 242ms.

build started...
transforming...
✓ 1056 modules transformed.
rendering chunks...
computing gzip size...
dist/index.html                     0.41 kB │ gzip:   0.29 kB
dist/assets/index-kW4ACz9H.css     10.30 kB │ gzip:   2.81 kB
dist/assets/index-CqBm91S7.js   1,388.30 kB │ gzip: 248.25 kB │ map: 2,359.20 kB

built in 234ms.

build started...
transforming...
✓ 1056 modules transformed.
rendering chunks...
computing gzip size...
dist/index.html                     0.41 kB │ gzip:   0.29 kB
dist/assets/index-kW4ACz9H.css     10.30 kB │ gzip:   2.81 kB
dist/assets/index-Cbh2HZ5W.js   1,388.22 kB │ gzip: 248.20 kB │ map: 2,359.09 kB

built in 267ms.

build started...
transforming...
✓ 1056 modules transformed.
rendering chunks...
computing gzip size...
dist/index.html                     0.41 kB │ gzip:   0.29 kB
dist/assets/index-kW4ACz9H.css     10.30 kB │ gzip:   2.81 kB
dist/assets/index-DpAB4uJ1.js   1,388.30 kB │ gzip: 248.25 kB │ map: 2,359.20 kB

built in 269ms.

build started...
transforming...
✓ 1056 modules transformed.
rendering chunks...
computing gzip size...
dist/index.html                     0.41 kB │ gzip:   0.29 kB
dist/assets/index-kW4ACz9H.css     10.30 kB │ gzip:   2.81 kB
dist/assets/index-Cbh2HZ5W.js   1,388.22 kB │ gzip: 248.20 kB │ map: 2,359.09 kB

built in 276ms.

build started...
transforming...
✓ 1056 modules transformed.
rendering chunks...
computing gzip size...
dist/index.html                     0.41 kB │ gzip:   0.29 kB
dist/assets/index-kW4ACz9H.css     10.30 kB │ gzip:   2.81 kB
dist/assets/index-BgKoxova.js   1,388.30 kB │ gzip: 248.25 kB │ map: 2,359.20 kB

built in 293ms.

build started...
transforming...
✓ 1056 modules transformed.
rendering chunks...
computing gzip size...
dist/index.html                     0.41 kB │ gzip:   0.29 kB
dist/assets/index-kW4ACz9H.css     10.30 kB │ gzip:   2.81 kB
dist/assets/index-Cbh2HZ5W.js   1,388.22 kB │ gzip: 248.20 kB │ map: 2,359.09 kB

built in 243ms.
